Component: Arm Compiler for Embedded 6.23 Tool: armlink [5f102400]

==============================================================================

Section Cross References

    main.o(.text) refers (Special) to _printf_percent.o(.ARM.Collect$$_printf_percent$$00000000) for _printf_percent
    main.o(.text) refers (Special) to _printf_pad.o(.text) for _printf_pre_padding
    main.o(.text) refers (Special) to _printf_x.o(.ARM.Collect$$_printf_percent$$0000000C) for _printf_x
    main.o(.text) refers (Special) to _printf_d.o(.ARM.Collect$$_printf_percent$$00000009) for _printf_d
    main.o(.text) refers (Special) to _printf_dec.o(.text) for _printf_int_dec
    main.o(.text) refers (Special) to _printf_hex_int.o(.text) for _printf_longlong_hex
    main.o(.text.main) refers (Special) to _printf_percent.o(.ARM.Collect$$_printf_percent$$00000000) for _printf_percent
    main.o(.text.main) refers (Special) to _printf_pad.o(.text) for _printf_pre_padding
    main.o(.text.main) refers (Special) to _printf_x.o(.ARM.Collect$$_printf_percent$$0000000C) for _printf_x
    main.o(.text.main) refers (Special) to _printf_d.o(.ARM.Collect$$_printf_percent$$00000009) for _printf_d
    main.o(.text.main) refers (Special) to _printf_dec.o(.text) for _printf_int_dec
    main.o(.text.main) refers (Special) to _printf_hex_int.o(.text) for _printf_longlong_hex
    main.o(.text.main) refers to core_init.o(.text.Core_F4_init_HSE_full) for Core_F4_init_HSE_full
    main.o(.text.main) refers to delay.o(.text.SysTick_F4_Init) for SysTick_F4_Init
    main.o(.text.main) refers to timer.o(.text.Timer1_F4_init) for Timer1_F4_init
    main.o(.text.main) refers to main.o(.text.OUTLINED_FUNCTION_7) for OUTLINED_FUNCTION_7
    main.o(.text.main) refers to main.o(.text.OUTLINED_FUNCTION_1) for OUTLINED_FUNCTION_1
    main.o(.text.main) refers to fsmc.o(.text.FSMC_init) for FSMC_init
    main.o(.text.main) refers to i2c.o(.text.I2C_STM32F4_init) for I2C_STM32F4_init
    main.o(.text.main) refers to ssd1963.o(.text.SSD1963_init) for SSD1963_init
    main.o(.text.main) refers to ssd1963.o(.text.SSD1963_ClearScreen) for SSD1963_ClearScreen
    main.o(.text.main) refers to gt911.o(.text.GT911_Init) for GT911_Init
    main.o(.text.main) refers to dma.o(.text.DMA_F4_init) for DMA_F4_init
    main.o(.text.main) refers to usart.o(.text.USART_F4_init) for USART_F4_init
    main.o(.text.main) refers to ssd1963.o(.text.TFT_Draw_image) for TFT_Draw_image
    main.o(.text.main) refers to main.o(.text.OUTLINED_FUNCTION_8) for OUTLINED_FUNCTION_8
    main.o(.text.main) refers to gt911.o(.text.GT911_ReadTouch) for GT911_ReadTouch
    main.o(.text.main) refers to main.o(.text.OUTLINED_FUNCTION_3) for OUTLINED_FUNCTION_3
    main.o(.text.main) refers to ssd1963.o(.text.TFT_Draw_Fill_Round_Rect) for TFT_Draw_Fill_Round_Rect
    main.o(.text.main) refers to main.o(.text.OUTLINED_FUNCTION_0) for OUTLINED_FUNCTION_0
    main.o(.text.main) refers to main.o(.text.OUTLINED_FUNCTION_4) for OUTLINED_FUNCTION_4
    main.o(.text.main) refers to main.o(.text.OUTLINED_FUNCTION_6) for OUTLINED_FUNCTION_6
    main.o(.text.main) refers to main.o(.text.OUTLINED_FUNCTION_5) for OUTLINED_FUNCTION_5
    main.o(.text.main) refers to main.o(.text.OUTLINED_FUNCTION_2) for OUTLINED_FUNCTION_2
    main.o(.text.main) refers to ds18b20.o(.text.DS18B20_read_temperatur) for DS18B20_read_temperatur
    main.o(.text.main) refers to gpio_setup.o(.text.GPIO_DO_setup) for GPIO_DO_setup
    main.o(.text.main) refers to gpio_setup.o(.text.GPIO_Alternate) for GPIO_Alternate
    main.o(.text.main) refers to delay.o(.text.delay_ms) for delay_ms
    main.o(.text.main) refers to img.o(.rodata.img) for img
    main.o(.text.main) refers to main.o(.bss..L_MergedGlobals) for [Anonymous Symbol]
    main.o(.text.main) refers to img.o(.rodata.Vent_gif_2) for Vent_gif_2
    main.o(.text.main) refers to timer.o(.bss..L_MergedGlobals) for TIM1_Delay_3
    main.o(.text.main) refers to gt911.o(.bss.GT911Touch) for GT911Touch
    main.o(.text.main) refers to gt911.o(.bss.TouchCount) for TouchCount
    main.o(.text.main) refers to main.o(.bss.String) for [Anonymous Symbol]
    main.o(.text.main) refers to noretval__2sprintf.o(.text) for __2sprintf
    main.o(.text.main) refers to ssd1963.o(.text.SSD1963_string_font_10x16_back_fone) for SSD1963_string_font_10x16_back_fone
    main.o(.text.main) refers to gt911.o(.bss.Touch_status) for Touch_status
    main.o(.ARM.exidx.text.main) refers (Special) to _printf_percent.o(.ARM.Collect$$_printf_percent$$00000000) for _printf_percent
    main.o(.ARM.exidx.text.main) refers (Special) to _printf_pad.o(.text) for _printf_pre_padding
    main.o(.ARM.exidx.text.main) refers (Special) to _printf_x.o(.ARM.Collect$$_printf_percent$$0000000C) for _printf_x
    main.o(.ARM.exidx.text.main) refers (Special) to _printf_d.o(.ARM.Collect$$_printf_percent$$00000009) for _printf_d
    main.o(.ARM.exidx.text.main) refers (Special) to _printf_dec.o(.text) for _printf_int_dec
[...]
    ../clib/signal.c                         0x00000000   Number         0  defsig_pvfn_inner.o ABSOLUTE
    ../clib/signal.c                         0x00000000   Number         0  defsig_cppl_inner.o ABSOLUTE
    ../clib/signal.c                         0x00000000   Number         0  defsig_segv_inner.o ABSOLUTE
    ../clib/signal.c                         0x00000000   Number         0  defsig_other.o ABSOLUTE
    ../clib/signal.s                         0x00000000   Number         0  defsig.o ABSOLUTE
    ../clib/stdlib.c                         0x00000000   Number         0  exit.o ABSOLUTE
    ../fplib/dfix.s                          0x00000000   Number         0  dfix.o ABSOLUTE
    ../fplib/dflt.s                          0x00000000   Number         0  dflt_clz.o ABSOLUTE
    ../fplib/dmul.s                          0x00000000   Number         0  dmul.o ABSOLUTE
    ../fplib/dnaninf.s                       0x00000000   Number         0  dnaninf.o ABSOLUTE
    ../fplib/dretinf.s                       0x00000000   Number         0  dretinf.o ABSOLUTE
    ../fplib/fpinit.s                        0x00000000   Number         0  fpinit.o ABSOLUTE
    ../fplib/usenofp.s                       0x00000000   Number         0  usenofp.o ABSOLUTE
    Core_init.c                              0x00000000   Number         0  core_init.o ABSOLUTE
    DMA.c                                    0x00000000   Number         0  dma.o ABSOLUTE
    DS18B20.c                                0x00000000   Number         0  ds18b20.o ABSOLUTE
    Delay.c                                  0x00000000   Number         0  delay.o ABSOLUTE
    FSMC.c                                   0x00000000   Number         0  fsmc.o ABSOLUTE
    Font_table.c                             0x00000000   Number         0  font_table.o ABSOLUTE
    GPIO_setup.c                             0x00000000   Number         0  gpio_setup.o ABSOLUTE
    GT911.c                                  0x00000000   Number         0  gt911.o ABSOLUTE
    I2C.c                                    0x00000000   Number         0  i2c.o ABSOLUTE
    One_Wire.c                               0x00000000   Number         0  one_wire.o ABSOLUTE
    RTE/Device/STM32F407VETx/startup_stm32f407xx.s 0x00000000   Number         0  startup_stm32f407xx.o ABSOLUTE
    SSD1963.c                                0x00000000   Number         0  ssd1963.o ABSOLUTE
    Timer.c                                  0x00000000   Number         0  timer.o ABSOLUTE
    USART.c                                  0x00000000   Number         0  usart.o ABSOLUTE
    dc.s                                     0x00000000   Number         0  dc.o ABSOLUTE
    img.c                                    0x00000000   Number         0  img.o ABSOLUTE
    main.c                                   0x00000000   Number         0  main.o ABSOLUTE
    system_stm32f4xx.c                       0x00000000   Number         0  system_stm32f4xx.o ABSOLUTE
    RESET                                    0x08000000   Section      392  startup_stm32f407xx.o(RESET)
    !!!main                                  0x08000188   Section        8  __main.o(!!!main)
    !!!scatter                               0x08000190   Section       92  __scatter.o(!!!scatter)
    !!handler_null                           0x080001ec   Section        2  __scatter.o(!!handler_null)
    !!handler_zi                             0x080001f0   Section       28  __scatter_zi.o(!!handler_zi)
    .ARM.Collect$$_printf_percent$$00000000  0x0800020c   Section        0  _printf_percent.o(.ARM.Collect$$_printf_percent$$00000000)
    .ARM.Collect$$_printf_percent$$00000009  0x0800020c   Section        6  _printf_d.o(.ARM.Collect$$_printf_percent$$00000009)
    .ARM.Collect$$_printf_percent$$0000000C  0x08000212   Section        6  _printf_x.o(.ARM.Collect$$_printf_percent$$0000000C)
    .ARM.Collect$$_printf_percent$$00000017  0x08000218   Section        4  _printf_percent_end.o(.ARM.Collect$$_printf_percent$$00000017)
    .ARM.Collect$$libinit$$00000000          0x0800021c   Section        2  libinit.o(.ARM.Collect$$libinit$$00000000)
    .ARM.Collect$$libinit$$00000001          0x0800021e   Section        4  libinit2.o(.ARM.Collect$$libinit$$00000001)
    .ARM.Collect$$libinit$$00000004          0x08000222   Section        0  libinit2.o(.ARM.Collect$$libinit$$00000004)
    .ARM.Collect$$libinit$$00000006          0x08000222   Section        0  libinit2.o(.ARM.Collect$$libinit$$00000006)
    .ARM.Collect$$libinit$$0000000C          0x08000222   Section        0  libinit2.o(.ARM.Collect$$libinit$$0000000C)
    .ARM.Collect$$libinit$$0000000E          0x08000222   Section        0  libinit2.o(.ARM.Collect$$libinit$$0000000E)
    .ARM.Collect$$libinit$$00000010          0x08000222   Section        0  libinit2.o(.ARM.Collect$$libinit$$00000010)
    .ARM.Collect$$libinit$$00000013          0x08000222   Section        0  libinit2.o(.ARM.Collect$$libinit$$00000013)
    .ARM.Collect$$libinit$$00000015          0x08000222   Section        0  libinit2.o(.ARM.Collect$$libinit$$00000015)
    .ARM.Collect$$libinit$$00000017          0x08000222   Section        0  libinit2.o(.ARM.Collect$$libinit$$00000017)
    .ARM.Collect$$libinit$$00000019          0x08000222   Section        0  libinit2.o(.ARM.Collect$$libinit$$00000019)
    .ARM.Collect$$libinit$$0000001B          0x08000222   Section        0  libinit2.o(.ARM.Collect$$libinit$$0000001B)
    .ARM.Collect$$libinit$$0000001D          0x08000222   Section        0  libinit2.o(.ARM.Collect$$libinit$$0000001D)
    .ARM.Collect$$libinit$$0000001F          0x08000222   Section        0  libinit2.o(.ARM.Collect$$libinit$$0000001F)
    .ARM.Collect$$libinit$$00000021          0x08000222   Section        0  libinit2.o(.ARM.Collect$$libinit$$00000021)
    .ARM.Collect$$libinit$$00000023          0x08000222   Section        0  libinit2.o(.ARM.Collect$$libinit$$00000023)
    .ARM.Collect$$libinit$$00000025          0x08000222   Section        0  libinit2.o(.ARM.Collect$$libinit$$00000025)
    .ARM.Collect$$libinit$$00000027          0x08000222   Section        0  libinit2.o(.ARM.Collect$$libinit$$00000027)
    .ARM.Collect$$libinit$$0000002E          0x08000222   Section        0  libinit2.o(.ARM.Collect$$libinit$$0000002E)
    .ARM.Collect$$libinit$$00000030          0x08000222   Section        0  libinit2.o(.ARM.Collect$$libinit$$00000030)
    .ARM.Collect$$libinit$$00000032          0x08000222   Section        0  libinit2.o(.ARM.Collect$$libinit$$00000032)
    .ARM.Collect$$libinit$$00000034          0x08000222   Section        0  libinit2.o(.ARM.Collect$$libinit$$00000034)
    .ARM.Collect$$libinit$$00000035          0x08000222   Section        2  libinit2.o(.ARM.Collect$$libinit$$00000035)
    .ARM.Collect$$libshutdown$$00000000      0x08000224   Section        2  libshutdown.o(.ARM.Collect$$libshutdown$$00000000)
    .ARM.Collect$$libshutdown$$00000002      0x08000226   Section        0  libshutdown2.o(.ARM.Collect$$libshutdown$$00000002)
    .ARM.Collect$$libshutdown$$00000004      0x08000226   Section        0  libshutdown2.o(.ARM.Collect$$libshutdown$$00000004)
    .ARM.Collect$$libshutdown$$00000007      0x08000226   Section        0  libshutdown2.o(.ARM.Collect$$libshutdown$$00000007)
    .ARM.Collect$$libshutdown$$0000000A      0x08000226   Section        0  libshutdown2.o(.ARM.Collect$$libshutdown$$0000000A)
    .ARM.Collect$$libshutdown$$0000000C      0x08000226   Section        0  libshutdown2.o(.ARM.Collect$$libshutdown$$0000000C)
    .ARM.Collect$$libshutdown$$0000000F      0x08000226   Section        0  libshutdown2.o(.ARM.Collect$$libshutdown$$0000000F)
    .ARM.Collect$$libshutdown$$00000010      0x08000226   Section        2  libshutdown2.o(.ARM.Collect$$libshutdown$$00000010)
    .ARM.Collect$$rtentry$$00000000          0x08000228   Section        0  __rtentry.o(.ARM.Collect$$rtentry$$00000000)
    .ARM.Collect$$rtentry$$00000002          0x08000228   Section        0  __rtentry2.o(.ARM.Collect$$rtentry$$00000002)
    .ARM.Collect$$rtentry$$00000004          0x08000228   Section        6  __rtentry4.o(.ARM.Collect$$rtentry$$00000004)
    .ARM.Collect$$rtentry$$00000009          0x0800022e   Section        0  __rtentry2.o(.ARM.Collect$$rtentry$$00000009)
    .ARM.Collect$$rtentry$$0000000A          0x0800022e   Section        4  __rtentry2.o(.ARM.Collect$$rtentry$$0000000A)
    .ARM.Collect$$rtentry$$0000000C          0x08000232   Section        0  __rtentry2.o(.ARM.Collect$$rtentry$$0000000C)
    .ARM.Collect$$rtentry$$0000000D          0x08000232   Section        8  __rtentry2.o(.ARM.Collect$$rtentry$$0000000D)
    .ARM.Collect$$rtexit$$00000000           0x0800023a   Section        2  rtexit.o(.ARM.Collect$$rtexit$$00000000)
    .ARM.Collect$$rtexit$$00000002           0x0800023c   Section        0  rtexit2.o(.ARM.Collect$$rtexit$$00000002)
    .ARM.Collect$$rtexit$$00000003           0x0800023c   Section        4  rtexit2.o(.ARM.Collect$$rtexit$$00000003)
    .ARM.Collect$$rtexit$$00000004           0x08000240   Section        6  rtexit2.o(.ARM.Collect$$rtexit$$00000004)
    $v0                                      0x08000248   Number         0  startup_stm32f407xx.o(.text)
    .text                                    0x08000248   Section       64  startup_stm32f407xx.o(.text)
    .text                                    0x08000288   Section        0  noretval__2sprintf.o(.text)
    .text                                    0x080002b0   Section        0  _printf_pad.o(.text)
    .text                                    0x08000300   Section        0  _printf_dec.o(.text)
    .text                                    0x08000378   Section        0  _printf_hex_int.o(.text)
    .text                                    0x080003d0   Section        0  __printf_flags_wp.o(.text)
    .text                                    0x08000508   Section       68  rt_memclr.o(.text)
    .text                                    0x0800054c   Section       78  rt_memclr_w.o(.text)
    .text                                    0x0800059a   Section        0  heapauxi.o(.text)
    .text                                    0x080005a0   Section        0  _printf_intcommon.o(.text)
    _printf_input_char                       0x08000655   Thumb Code    10  _printf_char_common.o(.text)
    .text                                    0x08000654   Section        0  _printf_char_common.o(.text)
    .text                                    0x08000684   Section        0  _sputc.o(.text)
    .text                                    0x0800068e   Section       74  sys_stackheap_outer.o(.text)
    .text                                    0x080006d8   Section        0  exit.o(.text)
    .text                                    0x080006ec   Section        8  libspace.o(.text)
    .text                                    0x080006f4   Section        0  sys_exit.o(.text)
    .text                                    0x08000700   Section        2  use_no_semi.o(.text)
    .text                                    0x08000702   Section        0  indicate_semi.o(.text)
    [Anonymous Symbol]                       0x08000704   Section        0  core_init.o(.text.Core_F4_init_HSE_full)
    __arm_cp.3_0                             0x080007d4   Number         4  core_init.o(.text.Core_F4_init_HSE_full)
    [Anonymous Symbol]                       0x080007d8   Section        0  dma.o(.text.DMA1_Stream5_IRQHandler)
    [Anonymous Symbol]                       0x08000804   Section        0  one_wire.o(.text.DMA1_Stream5_IRQHandler_User)
    [Anonymous Symbol]                       0x08000810   Section        0  dma.o(.text.DMA1_Stream6_IRQHandler)
    __arm_cp.3_0                             0x0800083c   Number         4  dma.o(.text.DMA1_Stream6_IRQHandler)
    [Anonymous Symbol]                       0x08000840   Section        0  one_wire.o(.text.DMA1_Stream6_IRQHandler_User)
    __arm_cp.4_1                             0x08000864   Number         4  one_wire.o(.text.DMA1_Stream6_IRQHandler_User)
    __arm_cp.4_2                             0x08000868   Number         4  one_wire.o(.text.DMA1_Stream6_IRQHandler_User)
    [Anonymous Symbol]                       0x0800086c   Section        0  dma.o(.text.DMA_F4_init)
    __arm_cp.0_0                             0x08000878   Number         4  dma.o(.text.DMA_F4_init)
    [Anonymous Symbol]                       0x0800087c   Section        0  ds18b20.o(.text.DS18B20_Reset_single)
    __arm_cp.0_0                             0x080008b0   Number         4  ds18b20.o(.text.DS18B20_Reset_single)
    [Anonymous Symbol]                       0x080008b4   Section        0  ds18b20.o(.text.DS18B20_read_bit)
    [Anonymous Symbol]                       0x080008d8   Section        0  ds18b20.o(.text.DS18B20_read_byte)
    __arm_cp.4_0                             0x080008fc   Number         4  ds18b20.o(.text.DS18B20_read_byte)
    [Anonymous Symbol]                       0x08000900   Section        0  ds18b20.o(.text.DS18B20_read_temperatur)
    __arm_cp.6_0                             0x080009a8   Number         4  ds18b20.o(.text.DS18B20_read_temperatur)
    __arm_cp.6_1                             0x080009ac   Number         4  ds18b20.o(.text.DS18B20_read_temperatur)
    [Anonymous Symbol]                       0x080009b0   Section        0  ds18b20.o(.text.DS18B20_write_bit)
    __arm_cp.1_0                             0x080009d4   Number         4  ds18b20.o(.text.DS18B20_write_bit)
    [Anonymous Symbol]                       0x080009d8   Section        0  ds18b20.o(.text.DS18B20_write_byte)
    [Anonymous Symbol]                       0x080009f8   Section        0  fsmc.o(.text.FSMC_init)
    __arm_cp.0_0                             0x08000a14   Number         4  fsmc.o(.text.FSMC_init)
    __arm_cp.0_1                             0x08000a18   Number         4  fsmc.o(.text.FSMC_init)
    __arm_cp.0_2                             0x08000a1c   Number         4  fsmc.o(.text.FSMC_init)
    [Anonymous Symbol]                       0x08000a20   Section        0  gpio_setup.o(.text.GPIO_Alternate)
    [Anonymous Symbol]                       0x08000a7a   Section        0  gpio_setup.o(.text.GPIO_DI_setup)
    [Anonymous Symbol]                       0x08000a96   Section        0  gpio_setup.o(.text.GPIO_DO_setup)
    [Anonymous Symbol]                       0x08000abc   Section        0  gt911.o(.text.GT911_CalculateCheckSum)
    [Anonymous Symbol]                       0x08000adc   Section        0  gt911.o(.text.GT911_Init)
    __arm_cp.5_0                             0x08000be8   Number         4  gt911.o(.text.GT911_Init)
    __arm_cp.5_1                             0x08000bec   Number         4  gt911.o(.text.GT911_Init)
    __arm_cp.5_2                             0x08000bf0   Number         4  gt911.o(.text.GT911_Init)
    __arm_cp.5_3                             0x08000bf4   Number         4  gt911.o(.text.GT911_Init)
    __arm_cp.5_4                             0x08000bf8   Number         4  gt911.o(.text.GT911_Init)
    __arm_cp.5_5                             0x08000bfc   Number         4  gt911.o(.text.GT911_Init)
    __arm_cp.5_6                             0x08000c00   Number         4  gt911.o(.text.GT911_Init)
    __arm_cp.5_7                             0x08000c04   Number         4  gt911.o(.text.GT911_Init)
    __arm_cp.5_8                             0x08000c08   Number         4  gt911.o(.text.GT911_Init)
    __arm_cp.5_9                             0x08000c0c   Number         4  gt911.o(.text.GT911_Init)
    __arm_cp.5_10                            0x08000c10   Number         4  gt911.o(.text.GT911_Init)
    __arm_cp.5_11                            0x08000c14   Number         4  gt911.o(.text.GT911_Init)
    __arm_cp.5_12                            0x08000c18   Number         4  gt911.o(.text.GT911_Init)
    __arm_cp.5_13                            0x08000c1c   Number         4  gt911.o(.text.GT911_Init)
    __arm_cp.5_14                            0x08000c20   Number         4  gt911.o(.text.GT911_Init)
    __arm_cp.5_15                            0x08000c24   Number         4  gt911.o(.text.GT911_Init)
    __arm_cp.5_16                            0x08000c28   Number         4  gt911.o(.text.GT911_Init)
    __arm_cp.5_17                            0x08000c2c   Number         4  gt911.o(.text.GT911_Init)
    __arm_cp.5_18                            0x08000c30   Number         4  gt911.o(.text.GT911_Init)
    __arm_cp.5_19                            0x08000c34   Number         4  gt911.o(.text.GT911_Init)
    __arm_cp.5_20                            0x08000c38   Number         4  gt911.o(.text.GT911_Init)
    [Anonymous Symbol]                       0x08000c3c   Section        0  gt911.o(.text.GT911_Read)
    __arm_cp.3_0                             0x08000c90   Number         4  gt911.o(.text.GT911_Read)
    [Anonymous Symbol]                       0x08000c94   Section        0  gt911.o(.text.GT911_ReadTouch)
    __arm_cp.6_0                             0x08000cfc   Number         4  gt911.o(.text.GT911_ReadTouch)
    __arm_cp.6_1                             0x08000d00   Number         4  gt911.o(.text.GT911_ReadTouch)
    [Anonymous Symbol]                       0x08000d04   Section        0  gt911.o(.text.GT911_Reset)
    __arm_cp.1_0                             0x08000d34   Number         4  gt911.o(.text.GT911_Reset)
    [Anonymous Symbol]                       0x08000d38   Section        0  gt911.o(.text.GT911_Write)
    [Anonymous Symbol]                       0x08000d68   Section        0  i2c.o(.text.I2C_STM32F4_ACK_enable)
    [Anonymous Symbol]                       0x08000d74   Section        0  i2c.o(.text.I2C_STM32F4_NASK_enable)
    [Anonymous Symbol]                       0x08000d80   Section        0  i2c.o(.text.I2C_STM32F4_Start)
    [Anonymous Symbol]                       0x08000d9c   Section        0  i2c.o(.text.I2C_STM32F4_Stop)
    [Anonymous Symbol]                       0x08000da8   Section        0  i2c.o(.text.I2C_STM32F4_address_read)
    [Anonymous Symbol]                       0x08000dc4   Section        0  i2c.o(.text.I2C_STM32F4_address_write)
    __arm_cp.4_0                             0x08000de0   Number         4  i2c.o(.text.I2C_STM32F4_address_write)
    [Anonymous Symbol]                       0x08000de4   Section        0  i2c.o(.text.I2C_STM32F4_data_read)
    [Anonymous Symbol]                       0x08000e00   Section        0  i2c.o(.text.I2C_STM32F4_data_write)
    __arm_cp.5_0                             0x08000e28   Number         4  i2c.o(.text.I2C_STM32F4_data_write)
    [Anonymous Symbol]                       0x08000e2c   Section        0  i2c.o(.text.I2C_STM32F4_init)
    __arm_cp.0_0                             0x08000e68   Number         4  i2c.o(.text.I2C_STM32F4_init)
    __arm_cp.0_1                             0x08000e6c   Number         4  i2c.o(.text.I2C_STM32F4_init)
    OUTLINED_FUNCTION_0                      0x08000e71   Thumb Code    14  main.o(.text.OUTLINED_FUNCTION_0)
    [Anonymous Symbol]                       0x08000e70   Section        0  main.o(.text.OUTLINED_FUNCTION_0)
    OUTLINED_FUNCTION_0                      0x08000e7f   Thumb Code    18  core_init.o(.text.OUTLINED_FUNCTION_0)
    [Anonymous Symbol]                       0x08000e7e   Section        0  core_init.o(.text.OUTLINED_FUNCTION_0)
    OUTLINED_FUNCTION_0                      0x08000e91   Thumb Code    10  delay.o(.text.OUTLINED_FUNCTION_0)
    [Anonymous Symbol]                       0x08000e90   Section        0  delay.o(.text.OUTLINED_FUNCTION_0)
    OUTLINED_FUNCTION_0                      0x08000e9b   Thumb Code    18  timer.o(.text.OUTLINED_FUNCTION_0)
    [Anonymous Symbol]                       0x08000e9a   Section        0  timer.o(.text.OUTLINED_FUNCTION_0)
    OUTLINED_FUNCTION_0                      0x08000ead   Thumb Code    10  gt911.o(.text.OUTLINED_FUNCTION_0)
    [Anonymous Symbol]                       0x08000eac   Section        0  gt911.o(.text.OUTLINED_FUNCTION_0)
    OUTLINED_FUNCTION_0                      0x08000eb7   Thumb Code    16  i2c.o(.text.OUTLINED_FUNCTION_0)
    [Anonymous Symbol]                       0x08000eb6   Section        0  i2c.o(.text.OUTLINED_FUNCTION_0)
    OUTLINED_FUNCTION_0                      0x08000ec7   Thumb Code    12  usart.o(.text.OUTLINED_FUNCTION_0)
    [Anonymous Symbol]                       0x08000ec6   Section        0  usart.o(.text.OUTLINED_FUNCTION_0)
    OUTLINED_FUNCTION_1                      0x08000ed3   Thumb Code    10  main.o(.text.OUTLINED_FUNCTION_1)
    [Anonymous Symbol]                       0x08000ed2   Section        0  main.o(.text.OUTLINED_FUNCTION_1)
    OUTLINED_FUNCTION_1                      0x08000edd   Thumb Code    10  usart.o(.text.OUTLINED_FUNCTION_1)
    [Anonymous Symbol]                       0x08000edc   Section        0  usart.o(.text.OUTLINED_FUNCTION_1)
    OUTLINED_FUNCTION_2                      0x08000ee7   Thumb Code    12  main.o(.text.OUTLINED_FUNCTION_2)
    [Anonymous Symbol]                       0x08000ee6   Section        0  main.o(.text.OUTLINED_FUNCTION_2)
    OUTLINED_FUNCTION_2                      0x08000ef3   Thumb Code    12  core_init.o(.text.OUTLINED_FUNCTION_2)
    [Anonymous Symbol]                       0x08000ef2   Section        0  core_init.o(.text.OUTLINED_FUNCTION_2)
    OUTLINED_FUNCTION_2                      0x08000eff   Thumb Code    18  ssd1963.o(.text.OUTLINED_FUNCTION_2)
    [Anonymous Symbol]                       0x08000efe   Section        0  ssd1963.o(.text.OUTLINED_FUNCTION_2)
    OUTLINED_FUNCTION_3                      0x08000f11   Thumb Code    14  main.o(.text.OUTLINED_FUNCTION_3)
    [Anonymous Symbol]                       0x08000f10   Section        0  main.o(.text.OUTLINED_FUNCTION_3)
    OUTLINED_FUNCTION_3                      0x08000f1f   Thumb Code     8  ssd1963.o(.text.OUTLINED_FUNCTION_3)
    [Anonymous Symbol]                       0x08000f1e   Section        0  ssd1963.o(.text.OUTLINED_FUNCTION_3)
    OUTLINED_FUNCTION_3                      0x08000f27   Thumb Code     8  ds18b20.o(.text.OUTLINED_FUNCTION_3)
    [Anonymous Symbol]                       0x08000f26   Section        0  ds18b20.o(.text.OUTLINED_FUNCTION_3)
    OUTLINED_FUNCTION_4                      0x08000f2f   Thumb Code    14  main.o(.text.OUTLINED_FUNCTION_4)
    [Anonymous Symbol]                       0x08000f2e   Section        0  main.o(.text.OUTLINED_FUNCTION_4)
    OUTLINED_FUNCTION_4                      0x08000f3d   Thumb Code    10  ssd1963.o(.text.OUTLINED_FUNCTION_4)
    [Anonymous Symbol]                       0x08000f3c   Section        0  ssd1963.o(.text.OUTLINED_FUNCTION_4)
    OUTLINED_FUNCTION_4                      0x08000f47   Thumb Code     6  ds18b20.o(.text.OUTLINED_FUNCTION_4)
    [Anonymous Symbol]                       0x08000f46   Section        0  ds18b20.o(.text.OUTLINED_FUNCTION_4)
    OUTLINED_FUNCTION_5                      0x08000f4d   Thumb Code    10  main.o(.text.OUTLINED_FUNCTION_5)
    [Anonymous Symbol]                       0x08000f4c   Section        0  main.o(.text.OUTLINED_FUNCTION_5)
    OUTLINED_FUNCTION_6                      0x08000f57   Thumb Code    10  main.o(.text.OUTLINED_FUNCTION_6)
    [Anonymous Symbol]                       0x08000f56   Section        0  main.o(.text.OUTLINED_FUNCTION_6)
    OUTLINED_FUNCTION_6                      0x08000f61   Thumb Code     6  ssd1963.o(.text.OUTLINED_FUNCTION_6)
    [Anonymous Symbol]                       0x08000f60   Section        0  ssd1963.o(.text.OUTLINED_FUNCTION_6)
    OUTLINED_FUNCTION_7                      0x08000f67   Thumb Code    10  main.o(.text.OUTLINED_FUNCTION_7)
    [Anonymous Symbol]                       0x08000f66   Section        0  main.o(.text.OUTLINED_FUNCTION_7)
    OUTLINED_FUNCTION_7                      0x08000f71   Thumb Code    14  ssd1963.o(.text.OUTLINED_FUNCTION_7)
    [Anonymous Symbol]                       0x08000f70   Section        0  ssd1963.o(.text.OUTLINED_FUNCTION_7)
    OUTLINED_FUNCTION_8                      0x08000f7f   Thumb Code    10  main.o(.text.OUTLINED_FUNCTION_8)
    [Anonymous Symbol]                       0x08000f7e   Section        0  main.o(.text.OUTLINED_FUNCTION_8)
    [Anonymous Symbol]                       0x08000f88   Section        0  ssd1963.o(.text.SSD1963_ClearScreen)
    __arm_cp.2_0                             0x08000fac   Number         4  ssd1963.o(.text.SSD1963_ClearScreen)
    [Anonymous Symbol]                       0x08000fb0   Section        0  ssd1963.o(.text.SSD1963_SetArea)
    [Anonymous Symbol]                       0x08000fdc   Section        0  ssd1963.o(.text.SSD1963_dot)
    [Anonymous Symbol]                       0x08000ff0   Section        0  ssd1963.o(.text.SSD1963_init)
    [Anonymous Symbol]                       0x080010e8   Section        0  ssd1963.o(.text.SSD1963_string_font_10x16)
    [Anonymous Symbol]                       0x08001154   Section        0  ssd1963.o(.text.SSD1963_string_font_10x16_back_fone)
    __arm_cp.7_0                             0x080011c8   Number         4  ssd1963.o(.text.SSD1963_string_font_10x16_back_fone)
    [Anonymous Symbol]                       0x080011cc   Section        0  delay.o(.text.SysTick_F4_Init)
    [Anonymous Symbol]                       0x080011e8   Section        0  delay.o(.text.SysTick_Handler)
    [Anonymous Symbol]                       0x080011f8   Section        0  system_stm32f4xx.o(.text.SystemInit)
    __arm_cp.0_0                             0x08001204   Number         4  system_stm32f4xx.o(.text.SystemInit)
    [Anonymous Symbol]                       0x08001208   Section        0  ssd1963.o(.text.TFT_Draw_Fill_Circle_Helper)
    [Anonymous Symbol]                       0x080012cc   Section        0  ssd1963.o(.text.TFT_Draw_Fill_Rectangle)
    [Anonymous Symbol]                       0x080012e4   Section        0  ssd1963.o(.text.TFT_Draw_Fill_Round_Rect)
    [Anonymous Symbol]                       0x0800134c   Section        0  ssd1963.o(.text.TFT_Draw_VLine)
    __arm_cp.12_0                            0x08001374   Number         4  ssd1963.o(.text.TFT_Draw_VLine)
    [Anonymous Symbol]                       0x08001378   Section        0  ssd1963.o(.text.TFT_Draw_image)
    [Anonymous Symbol]                       0x08001394   Section        0  ssd1963.o(.text.TFT_Set_Work_Area)
    __arm_cp.8_0                             0x080013c4   Number         4  ssd1963.o(.text.TFT_Set_Work_Area)
    [Anonymous Symbol]                       0x080013c8   Section        0  timer.o(.text.TIM1_UP_TIM10_IRQHandler)
    __arm_cp.1_0                             0x08001468   Number         4  timer.o(.text.TIM1_UP_TIM10_IRQHandler)
    __arm_cp.1_1                             0x0800146c   Number         4  timer.o(.text.TIM1_UP_TIM10_IRQHandler)
    [Anonymous Symbol]                       0x08001470   Section        0  timer.o(.text.TIM2_IRQHandler)
    __arm_cp.3_0                             0x08001494   Number         4  timer.o(.text.TIM2_IRQHandler)
    __arm_cp.3_1                             0x08001498   Number         4  timer.o(.text.TIM2_IRQHandler)
    [Anonymous Symbol]                       0x0800149c   Section        0  timer.o(.text.Timer1_F4_init)
    __arm_cp.0_0                             0x080014d4   Number         4  timer.o(.text.Timer1_F4_init)
    __arm_cp.0_1                             0x080014d8   Number         4  timer.o(.text.Timer1_F4_init)
    __arm_cp.0_2                             0x080014dc   Number         4  timer.o(.text.Timer1_F4_init)
    [Anonymous Symbol]                       0x080014e0   Section        0  usart.o(.text.USART_F4_DMAR_OFF)
    [Anonymous Symbol]                       0x080014e4   Section        0  usart.o(.text.USART_F4_DMAT_OFF)
    [Anonymous Symbol]                       0x080014f0   Section        0  usart.o(.text.USART_F4_init)
    __arm_cp.0_0                             0x08001548   Number         4  usart.o(.text.USART_F4_init)
    __arm_cp.0_1                             0x0800154c   Number         4  usart.o(.text.USART_F4_init)
    __arm_cp.0_2                             0x08001550   Number         4  usart.o(.text.USART_F4_init)
    __arm_cp.0_3                             0x08001554   Number         4  usart.o(.text.USART_F4_init)
    [Anonymous Symbol]                       0x08001558   Section        0  usart.o(.text.USART_F4_set_115200_baud)
    [Anonymous Symbol]                       0x0800156e   Section        0  usart.o(.text.USART_F4_set_9600_baud)
    [Anonymous Symbol]                       0x08001588   Section        0  delay.o(.text.delay_ms)
    __arm_cp.2_0                             0x080015a8   Number         4  delay.o(.text.delay_ms)
    __arm_cp.2_1                             0x080015ac   Number         4  delay.o(.text.delay_ms)
    [Anonymous Symbol]                       0x080015b0   Section        0  main.o(.text.main)
    __arm_cp.0_33                            0x08001950   Number         4  main.o(.text.main)
    __arm_cp.0_34                            0x08001954   Number         4  main.o(.text.main)
    __arm_cp.0_35                            0x08001958   Number         4  main.o(.text.main)
    __arm_cp.0_36                            0x0800195c   Number         4  main.o(.text.main)
    __arm_cp.0_38                            0x08001964   Number         4  main.o(.text.main)
    __arm_cp.0_3                             0x08001af8   Number         4  main.o(.text.main)
    __arm_cp.0_5                             0x08001afc   Number         4  main.o(.text.main)
    __arm_cp.0_6                             0x08001b00   Number         4  main.o(.text.main)
    __arm_cp.0_7                             0x08001b04   Number         4  main.o(.text.main)
    __arm_cp.0_8                             0x08001b08   Number         4  main.o(.text.main)
    __arm_cp.0_9                             0x08001b0c   Number         4  main.o(.text.main)
    __arm_cp.0_10                            0x08001b10   Number         4  main.o(.text.main)
    __arm_cp.0_11                            0x08001b14   Number         4  main.o(.text.main)
    __arm_cp.0_12                            0x08001b18   Number         4  main.o(.text.main)
    __arm_cp.0_13                            0x08001b1c   Number         4  main.o(.text.main)
    __arm_cp.0_14                            0x08001b20   Number         4  main.o(.text.main)
    __arm_cp.0_15                            0x08001b24   Number         4  main.o(.text.main)
    __arm_cp.0_16                            0x08001b28   Number         4  main.o(.text.main)
    __arm_cp.0_17                            0x08001b2c   Number         4  main.o(.text.main)
    __arm_cp.0_19                            0x08001b30   Number         4  main.o(.text.main)
    __arm_cp.0_20                            0x08001b34   Number         4  main.o(.text.main)
    __arm_cp.0_21                            0x08001b38   Number         4  main.o(.text.main)
    __arm_cp.0_22                            0x08001b3c   Number         4  main.o(.text.main)
    __arm_cp.0_24                            0x08001b5c   Number         4  main.o(.text.main)
    __arm_cp.0_25                            0x08001b60   Number         4  main.o(.text.main)
    __arm_cp.0_28                            0x08001b8c   Number         4  main.o(.text.main)
    i._is_digit                              0x08001bd8   Section        0  __printf_wp.o(i._is_digit)
    $v0                                      0x08001be8   Number         0  dfix.o(x$fpl$dfix)
    x$fpl$dfix                               0x08001be8   Section       94  dfix.o(x$fpl$dfix)
    $v0                                      0x08001c46   Number         0  dflt_clz.o(x$fpl$dfltu)
    x$fpl$dfltu                              0x08001c46   Section       38  dflt_clz.o(x$fpl$dfltu)
    $v0                                      0x08001c6c   Number         0  dmul.o(x$fpl$dmul)
    x$fpl$dmul                               0x08001c6c   Section      340  dmul.o(x$fpl$dmul)
    $v0                                      0x08001dc0   Number         0  dnaninf.o(x$fpl$dnaninf)
    x$fpl$dnaninf                            0x08001dc0   Section      156  dnaninf.o(x$fpl$dnaninf)
    $v0                                      0x08001e5c   Number         0  dretinf.o(x$fpl$dretinf)
    x$fpl$dretinf                            0x08001e5c   Section       12  dretinf.o(x$fpl$dretinf)
    $v0                                      0x08001e68   Number         0  fpinit.o(x$fpl$fpinit)
    x$fpl$fpinit                             0x08001e68   Section       26  fpinit.o(x$fpl$fpinit)
    uc_hextab                                0x08001e82   Data          20  _printf_hex_int.o(.constdata)
    .constdata                               0x08001e82   Section       40  _printf_hex_int.o(.constdata)
    x$fpl$usenofp                            0x08001e82   Section        0  usenofp.o(x$fpl$usenofp)
    lc_hextab                                0x08001e96   Data          20  _printf_hex_int.o(.constdata)
    maptable                                 0x08001eaa   Data          17  __printf_flags_wp.o(.constdata)
    .constdata                               0x08001eaa   Section       17  __printf_flags_wp.o(.constdata)
    .bss                                     0x20000000   Section       96  libspace.o(.bss)
    [Anonymous Symbol]                       0x20000060   Section        0  main.o(.bss..L_MergedGlobals)
    Button_1                                 0x20000061   Data           1  main.o(.bss..L_MergedGlobals)
    temp8                                    0x20000062   Data           1  main.o(.bss..L_MergedGlobals)
    NEW_update                               0x20000063   Data           1  main.o(.bss..L_MergedGlobals)
    Button_2                                 0x20000064   Data           1  main.o(.bss..L_MergedGlobals)
    Button_3                                 0x20000065   Data           1  main.o(.bss..L_MergedGlobals)
    Button_4                                 0x20000066   Data           1  main.o(.bss..L_MergedGlobals)
    temp16                                   0x20000068   Data           2  main.o(.bss..L_MergedGlobals)
    temperature                              0x2000006a   Data           2  main.o(.bss..L_MergedGlobals)
    [Anonymous Symbol]                       0x2000006c   Section        0  timer.o(.bss..L_MergedGlobals)
    [Anonymous Symbol]                       0x20000094   Section        0  ds18b20.o(.bss..L_MergedGlobals)
    read_temperature_stage                   0x20000095   Data           1  ds18b20.o(.bss..L_MergedGlobals)
    String                                   0x200000b8   Data         300  main.o(.bss.String)
    [Anonymous Symbol]                       0x200000b8   Section        0  main.o(.bss.String)
    count                                    0x200001ec   Data           4  delay.o(.bss.count)
    [Anonymous Symbol]                       0x200001ec   Section        0  delay.o(.bss.count)
    Heap_Mem                                 0x200001f0   Data         512  startup_stm32f407xx.o(HEAP)
    HEAP                                     0x200001f0   Section      512  startup_stm32f407xx.o(HEAP)
    Stack_Mem                                0x200003f0   Data        1024  startup_stm32f407xx.o(STACK)
    STACK                                    0x200003f0   Section     1024  startup_stm32f407xx.o(STACK)
    __initial_sp                             0x200007f0   Data           0  startup_stm32f407xx.o(STACK)

    Global Symbols

    Symbol Name                              Value     Ov Type        Size  Object(Section)

    BuildAttributes$$THM_ISAv4$E$P$D$K$B$S$7EM$VFPi3$EXTD16$VFPS$VFMA$PE$A:L22UL41UL21$X:L11$S22US41US21$IEEE1$IW$~IW$USESV6$~STKCKD$USESV7$~SHL$OSPACE$ROPI$EBA8$UX$STANDARDLIB$REQ8$PRES8$EABIv2 0x00000000   Number         0  anon$$obj.o ABSOLUTE
    _printf_flags                            0x00000000   Number         0  printf_stubs.o ABSOLUTE
    _printf_return_value                     0x00000000   Number         0  printf_stubs.o ABSOLUTE
    _printf_sizespec                         0x00000000   Number         0  printf_stubs.o ABSOLUTE
    _printf_widthprec                        0x00000000   Number         0  printf_stubs.o ABSOLUTE
    __ARM_exceptions_init                     - Undefined Weak Reference
    __alloca_initialize                       - Undefined Weak Reference
    __arm_preinit_                            - Undefined Weak Reference
    __arm_relocate_pie_                       - Undefined Weak Reference
    __cpp_initialize__aeabi_                  - Undefined Weak Reference
    __cxa_finalize                            - Undefined Weak Reference
    __rt_locale                               - Undefined Weak Reference
    __sigvec_lookup                           - Undefined Weak Reference
    _atexit_init                              - Undefined Weak Reference
    _call_atexit_fns                          - Undefined Weak Reference
    _clock_init                               - Undefined Weak Reference
    _fp_trap_init                             - Undefined Weak Reference
    _fp_trap_shutdown                         - Undefined Weak Reference
    _get_lc_collate                           - Undefined Weak Reference
    _get_lc_ctype                             - Undefined Weak Reference
    _get_lc_monetary                          - Undefined Weak Reference
    _get_lc_numeric                           - Undefined Weak Reference
    _get_lc_time                              - Undefined Weak Reference
    _getenv_init                              - Undefined Weak Reference
    _handle_redirection                       - Undefined Weak Reference
    _init_alloc                               - Undefined Weak Reference
    _init_user_alloc                          - Undefined Weak Reference
    _initio                                   - Undefined Weak Reference
    _printf_truncate_signed                   - Undefined Weak Reference
    _printf_truncate_unsigned                 - Undefined Weak Reference
    _rand_init                                - Undefined Weak Reference
    _signal_finish                            - Undefined Weak Reference
    _signal_init                              - Undefined Weak Reference
    _terminate_alloc                          - Undefined Weak Reference
    _terminate_user_alloc                     - Undefined Weak Reference
    _terminateio                              - Undefined Weak Reference
    __Vectors_Size                           0x00000188   Number         0  startup_stm32f407xx.o ABSOLUTE
    __Vectors                                0x08000000   Data           4  startup_stm32f407xx.o(RESET)
    __Vectors_End                            0x08000188   Data           0  startup_stm32f407xx.o(RESET)
    __main                                   0x08000189   Thumb Code     8  __main.o(!!!main)
    __scatterload                            0x08000191   Thumb Code     0  __scatter.o(!!!scatter)
    __scatterload_rt2                        0x08000191   Thumb Code    84  __scatter.o(!!!scatter)
    __scatterload_rt2_thumb_only             0x08000191   Thumb Code     0  __scatter.o(!!!scatter)
    __scatterload_loop                       0x0800019b   Thumb Code     0  __scatter.o(!!!scatter)
    __scatterload_null                       0x080001ed   Thumb Code     2  __scatter.o(!!handler_null)
    __scatterload_zeroinit                   0x080001f1   Thumb Code    28  __scatter_zi.o(!!handler_zi)
    _printf_d                                0x0800020d   Thumb Code     0  _printf_d.o(.ARM.Collect$$_printf_percent$$00000009)
    _printf_percent                          0x0800020d   Thumb Code     0  _printf_percent.o(.ARM.Collect$$_printf_percent$$00000000)
    _printf_x                                0x08000213   Thumb Code     0  _printf_x.o(.ARM.Collect$$_printf_percent$$0000000C)
    _printf_percent_end                      0x08000219   Thumb Code     0  _printf_percent_end.o(.ARM.Collect$$_printf_percent$$00000017)
    __rt_lib_init                            0x0800021d   Thumb Code     0  libinit.o(.ARM.Collect$$libinit$$00000000)
    __rt_lib_init_fp_1                       0x0800021f   Thumb Code     0  libinit2.o(.ARM.Collect$$libinit$$00000001)
    __rt_lib_init_alloca_1                   0x08000223   Thumb Code     0  libinit2.o(.ARM.Collect$$libinit$$00000030)
    __rt_lib_init_argv_1                     0x08000223   Thumb Code     0  libinit2.o(.ARM.Collect$$libinit$$0000002E)
    __rt_lib_init_atexit_1                   0x08000223   Thumb Code     0  libinit2.o(.ARM.Collect$$libinit$$0000001D)
    __rt_lib_init_clock_1                    0x08000223   Thumb Code     0  libinit2.o(.ARM.Collect$$libinit$$00000023)
    __rt_lib_init_cpp_1                      0x08000223   Thumb Code     0  libinit2.o(.ARM.Collect$$libinit$$00000034)
    __rt_lib_init_exceptions_1               0x08000223   Thumb Code     0  libinit2.o(.ARM.Collect$$libinit$$00000032)
    __rt_lib_init_fp_trap_1                  0x08000223   Thumb Code     0  libinit2.o(.ARM.Collect$$libinit$$00000021)
    __rt_lib_init_getenv_1                   0x08000223   Thumb Code     0  libinit2.o(.ARM.Collect$$libinit$$00000025)
    __rt_lib_init_heap_1                     0x08000223   Thumb Code     0  libinit2.o(.ARM.Collect$$libinit$$0000000C)
    __rt_lib_init_lc_collate_1               0x08000223   Thumb Code     0  libinit2.o(.ARM.Collect$$libinit$$00000013)
    __rt_lib_init_lc_ctype_1                 0x08000223   Thumb Code     0  libinit2.o(.ARM.Collect$$libinit$$00000015)
    __rt_lib_init_lc_monetary_1              0x08000223   Thumb Code     0  libinit2.o(.ARM.Collect$$libinit$$00000017)
    __rt_lib_init_lc_numeric_1               0x08000223   Thumb Code     0  libinit2.o(.ARM.Collect$$libinit$$00000019)
    __rt_lib_init_lc_time_1                  0x08000223   Thumb Code     0  libinit2.o(.ARM.Collect$$libinit$$0000001B)
    __rt_lib_init_preinit_1                  0x08000223   Thumb Code     0  libinit2.o(.ARM.Collect$$libinit$$00000006)
    __rt_lib_init_rand_1                     0x08000223   Thumb Code     0  libinit2.o(.ARM.Collect$$libinit$$00000010)
    __rt_lib_init_relocate_pie_1             0x08000223   Thumb Code     0  libinit2.o(.ARM.Collect$$libinit$$00000004)
    __rt_lib_init_return                     0x08000223   Thumb Code     0  libinit2.o(.ARM.Collect$$libinit$$00000035)
    __rt_lib_init_signal_1                   0x08000223   Thumb Code     0  libinit2.o(.ARM.Collect$$libinit$$0000001F)
    __rt_lib_init_stdio_1                    0x08000223   Thumb Code     0  libinit2.o(.ARM.Collect$$libinit$$00000027)
    __rt_lib_init_user_alloc_1               0x08000223   Thumb Code     0  libinit2.o(.ARM.Collect$$libinit$$0000000E)
    __rt_lib_shutdown                        0x08000225   Thumb Code     0  libshutdown.o(.ARM.Collect$$libshutdown$$00000000)
    __rt_lib_shutdown_cpp_1                  0x08000227   Thumb Code     0  libshutdown2.o(.ARM.Collect$$libshutdown$$00000002)
    __rt_lib_shutdown_fp_trap_1              0x08000227   Thumb Code     0  libshutdown2.o(.ARM.Collect$$libshutdown$$00000007)
    __rt_lib_shutdown_heap_1                 0x08000227   Thumb Code     0  libshutdown2.o(.ARM.Collect$$libshutdown$$0000000F)
    __rt_lib_shutdown_return                 0x08000227   Thumb Code     0  libshutdown2.o(.ARM.Collect$$libshutdown$$00000010)
    __rt_lib_shutdown_signal_1               0x08000227   Thumb Code     0  libshutdown2.o(.ARM.Collect$$libshutdown$$0000000A)
    __rt_lib_shutdown_stdio_1                0x08000227   Thumb Code     0  libshutdown2.o(.ARM.Collect$$libshutdown$$00000004)
    __rt_lib_shutdown_user_alloc_1           0x08000227   Thumb Code     0  libshutdown2.o(.ARM.Collect$$libshutdown$$0000000C)
    __rt_entry                               0x08000229   Thumb Code     0  __rtentry.o(.ARM.Collect$$rtentry$$00000000)
    __rt_entry_presh_1                       0x08000229   Thumb Code     0  __rtentry2.o(.ARM.Collect$$rtentry$$00000002)
    __rt_entry_sh                            0x08000229   Thumb Code     0  __rtentry4.o(.ARM.Collect$$rtentry$$00000004)
    __rt_entry_li                            0x0800022f   Thumb Code     0  __rtentry2.o(.ARM.Collect$$rtentry$$0000000A)
    __rt_entry_postsh_1                      0x0800022f   Thumb Code     0  __rtentry2.o(.ARM.Collect$$rtentry$$00000009)
    __rt_entry_main                          0x08000233   Thumb Code     0  __rtentry2.o(.ARM.Collect$$rtentry$$0000000D)
    __rt_entry_postli_1                      0x08000233   Thumb Code     0  __rtentry2.o(.ARM.Collect$$rtentry$$0000000C)
    __rt_exit                                0x0800023b   Thumb Code     0  rtexit.o(.ARM.Collect$$rtexit$$00000000)
    __rt_exit_ls                             0x0800023d   Thumb Code     0  rtexit2.o(.ARM.Collect$$rtexit$$00000003)
    __rt_exit_prels_1                        0x0800023d   Thumb Code     0  rtexit2.o(.ARM.Collect$$rtexit$$00000002)
    __rt_exit_exit                           0x08000241   Thumb Code     0  rtexit2.o(.ARM.Collect$$rtexit$$00000004)
    Reset_Handler                            0x08000249   Thumb Code     8  startup_stm32f407xx.o(.text)
    NMI_Handler                              0x08000251   Thumb Code     2  startup_stm32f407xx.o(.text)
    HardFault_Handler                        0x08000253   Thumb Code     2  startup_stm32f407xx.o(.text)
    MemManage_Handler                        0x08000255   Thumb Code     2  startup_stm32f407xx.o(.text)
    BusFault_Handler                         0x08000257   Thumb Code     2  startup_stm32f407xx.o(.text)
    UsageFault_Handler                       0x08000259   Thumb Code     2  startup_stm32f407xx.o(.text)
    SVC_Handler                              0x0800025b   Thumb Code     2  startup_stm32f407xx.o(.text)
    DebugMon_Handler                         0x0800025d   Thumb Code     2  startup_stm32f407xx.o(.text)
    PendSV_Handler                           0x0800025f   Thumb Code     2  startup_stm32f407xx.o(.text)
    ADC_IRQHandler                           0x08000263   Thumb Code     0  startup_stm32f407xx.o(.text)
    CAN1_RX0_IRQHandler                      0x08000263   Thumb Code     0  startup_stm32f407xx.o(.text)
    CAN1_RX1_IRQHandler                      0x08000263   Thumb Code     0  startup_stm32f407xx.o(.text)
    CAN1_SCE_IRQHandler                      0x08000263   Thumb Code     0  startup_stm32f407xx.o(.text)
    CAN1_TX_IRQHandler                       0x08000263   Thumb Code     0  startup_stm32f407xx.o(.text)
    CAN2_RX0_IRQHandler                      0x08000263   Thumb Code     0  startup_stm32f407xx.o(.text)
    CAN2_RX1_IRQHandler                      0x08000263   Thumb Code     0  startup_stm32f407xx.o(.text)
    CAN2_SCE_IRQHandler                      0x08000263   Thumb Code     0  startup_stm32f407xx.o(.text)
    CAN2_TX_IRQHandler                       0x08000263   Thumb Code     0  startup_stm32f407xx.o(.text)
    DCMI_IRQHandler                          0x08000263   Thumb Code     0  startup_stm32f407xx.o(.text)
    DMA1_Stream0_IRQHandler                  0x08000263   Thumb Code     0  startup_stm32f407xx.o(.text)
    DMA1_Stream1_IRQHandler                  0x08000263   Thumb Code     0  startup_stm32f407xx.o(.text)
    DMA1_Stream2_IRQHandler                  0x08000263   Thumb Code     0  startup_stm32f407xx.o(.text)
    DMA1_Stream3_IRQHandler                  0x08000263   Thumb Code     0  startup_stm32f407xx.o(.text)
    DMA1_Stream4_IRQHandler                  0x08000263   Thumb Code     0  startup_stm32f407xx.o(.text)
    DMA1_Stream7_IRQHandler                  0x08000263   Thumb Code     0  startup_stm32f407xx.o(.text)
    DMA2_Stream0_IRQHandler                  0x08000263   Thumb Code     0  startup_stm32f407xx.o(.text)
    DMA2_Stream1_IRQHandler                  0x08000263   Thumb Code     0  startup_stm32f407xx.o(.text)
    DMA2_Stream2_IRQHandler                  0x08000263   Thumb Code     0  startup_stm32f407xx.o(.text)
    DMA2_Stream3_IRQHandler                  0x08000263   Thumb Code     0  startup_stm32f407xx.o(.text)
    DMA2_Stream4_IRQHandler                  0x08000263   Thumb Code     0  startup_stm32f407xx.o(.text)
    DMA2_Stream5_IRQHandler                  0x08000263   Thumb Code     0  startup_stm32f407xx.o(.text)
    DMA2_Stream6_IRQHandler                  0x08000263   Thumb Code     0  startup_stm32f407xx.o(.text)
    DMA2_Stream7_IRQHandler                  0x08000263   Thumb Code     0  startup_stm32f407xx.o(.text)
    ETH_IRQHandler                           0x08000263   Thumb Code     0  startup_stm32f407xx.o(.text)
    ETH_WKUP_IRQHandler                      0x08000263   Thumb Code     0  startup_stm32f407xx.o(.text)
    EXTI0_IRQHandler                         0x08000263   Thumb Code     0  startup_stm32f407xx.o(.text)
    EXTI15_10_IRQHandler                     0x08000263   Thumb Code     0  startup_stm32f407xx.o(.text)
    EXTI1_IRQHandler                         0x08000263   Thumb Code     0  startup_stm32f407xx.o(.text)
    EXTI2_IRQHandler                         0x08000263   Thumb Code     0  startup_stm32f407xx.o(.text)
    EXTI3_IRQHandler                         0x08000263   Thumb Code     0  startup_stm32f407xx.o(.text)
    EXTI4_IRQHandler                         0x08000263   Thumb Code     0  startup_stm32f407xx.o(.text)
    EXTI9_5_IRQHandler                       0x08000263   Thumb Code     0  startup_stm32f407xx.o(.text)
    FLASH_IRQHandler                         0x08000263   Thumb Code     0  startup_stm32f407xx.o(.text)
    FMC_IRQHandler                           0x08000263   Thumb Code     0  startup_stm32f407xx.o(.text)
    FPU_IRQHandler                           0x08000263   Thumb Code     0  startup_stm32f407xx.o(.text)
    HASH_RNG_IRQHandler                      0x08000263   Thumb Code     0  startup_stm32f407xx.o(.text)
    I2C1_ER_IRQHandler                       0x08000263   Thumb Code     0  startup_stm32f407xx.o(.text)
    I2C1_EV_IRQHandler                       0x08000263   Thumb Code     0  startup_stm32f407xx.o(.text)
    I2C2_ER_IRQHandler                       0x08000263   Thumb Code     0  startup_stm32f407xx.o(.text)
    I2C2_EV_IRQHandler                       0x08000263   Thumb Code     0  startup_stm32f407xx.o(.text)
    I2C3_ER_IRQHandler                       0x08000263   Thumb Code     0  startup_stm32f407xx.o(.text)
    I2C3_EV_IRQHandler                       0x08000263   Thumb Code     0  startup_stm32f407xx.o(.text)
    OTG_FS_IRQHandler                        0x08000263   Thumb Code     0  startup_stm32f407xx.o(.text)
    OTG_FS_WKUP_IRQHandler                   0x08000263   Thumb Code     0  startup_stm32f407xx.o(.text)
    OTG_HS_EP1_IN_IRQHandler                 0x08000263   Thumb Code     0  startup_stm32f407xx.o(.text)
    OTG_HS_EP1_OUT_IRQHandler                0x08000263   Thumb Code     0  startup_stm32f407xx.o(.text)
    OTG_HS_IRQHandler                        0x08000263   Thumb Code     0  startup_stm32f407xx.o(.text)
    OTG_HS_WKUP_IRQHandler                   0x08000263   Thumb Code     0  startup_stm32f407xx.o(.text)
    PVD_IRQHandler                           0x08000263   Thumb Code     0  startup_stm32f407xx.o(.text)
    RCC_IRQHandler                           0x08000263   Thumb Code     0  startup_stm32f407xx.o(.text)
    RTC_Alarm_IRQHandler                     0x08000263   Thumb Code     0  startup_stm32f407xx.o(.text)
    RTC_WKUP_IRQHandler                      0x08000263   Thumb Code     0  startup_stm32f407xx.o(.text)
    SDIO_IRQHandler                          0x08000263   Thumb Code     0  startup_stm32f407xx.o(.text)
    SPI1_IRQHandler                          0x08000263   Thumb Code     0  startup_stm32f407xx.o(.text)
    SPI2_IRQHandler                          0x08000263   Thumb Code     0  startup_stm32f407xx.o(.text)
    SPI3_IRQHandler                          0x08000263   Thumb Code     0  startup_stm32f407xx.o(.text)
    TAMP_STAMP_IRQHandler                    0x08000263   Thumb Code     0  startup_stm32f407xx.o(.text)
    TIM1_BRK_TIM9_IRQHandler                 0x08000263   Thumb Code     0  startup_stm32f407xx.o(.text)
    TIM1_CC_IRQHandler                       0x08000263   Thumb Code     0  startup_stm32f407xx.o(.text)
    TIM1_TRG_COM_TIM11_IRQHandler            0x08000263   Thumb Code     0  startup_stm32f407xx.o(.text)
    TIM3_IRQHandler                          0x08000263   Thumb Code     0  startup_stm32f407xx.o(.text)
    TIM4_IRQHandler                          0x08000263   Thumb Code     0  startup_stm32f407xx.o(.text)
    TIM5_IRQHandler                          0x08000263   Thumb Code     0  startup_stm32f407xx.o(.text)
    TIM6_DAC_IRQHandler                      0x08000263   Thumb Code     0  startup_stm32f407xx.o(.text)
    TIM7_IRQHandler                          0x08000263   Thumb Code     0  startup_stm32f407xx.o(.text)
    TIM8_BRK_TIM12_IRQHandler                0x08000263   Thumb Code     0  startup_stm32f407xx.o(.text)
    TIM8_CC_IRQHandler                       0x08000263   Thumb Code     0  startup_stm32f407xx.o(.text)
    TIM8_TRG_COM_TIM14_IRQHandler            0x08000263   Thumb Code     0  startup_stm32f407xx.o(.text)
    TIM8_UP_TIM13_IRQHandler                 0x08000263   Thumb Code     0  startup_stm32f407xx.o(.text)
    UART4_IRQHandler                         0x08000263   Thumb Code     0  startup_stm32f407xx.o(.text)
    UART5_IRQHandler                         0x08000263   Thumb Code     0  startup_stm32f407xx.o(.text)
    USART1_IRQHandler                        0x08000263   Thumb Code     0  startup_stm32f407xx.o(.text)
    USART2_IRQHandler                        0x08000263   Thumb Code     0  startup_stm32f407xx.o(.text)
    USART3_IRQHandler                        0x08000263   Thumb Code     0  startup_stm32f407xx.o(.text)
    USART6_IRQHandler                        0x08000263   Thumb Code     0  startup_stm32f407xx.o(.text)
    WWDG_IRQHandler                          0x08000263   Thumb Code     0  startup_stm32f407xx.o(.text)
    __user_initial_stackheap                 0x08000265   Thumb Code     0  startup_stm32f407xx.o(.text)
    __2sprintf                               0x08000289   Thumb Code    34  noretval__2sprintf.o(.text)
    _printf_pre_padding                      0x080002b1   Thumb Code    44  _printf_pad.o(.text)
    _printf_post_padding                     0x080002dd   Thumb Code    34  _printf_pad.o(.text)
    _printf_int_dec                          0x08000301   Thumb Code   104  _printf_dec.o(.text)
    _printf_int_hex                          0x08000379   Thumb Code    84  _printf_hex_int.o(.text)
    _printf_longlong_hex                     0x08000379   Thumb Code     0  _printf_hex_int.o(.text)
    __printf                                 0x080003d1   Thumb Code   308  __printf_flags_wp.o(.text)
    __aeabi_memclr                           0x08000509   Thumb Code     0  rt_memclr.o(.text)
    __rt_memclr                              0x08000509   Thumb Code     0  rt_memclr.o(.text)
    _memset                                  0x0800050d   Thumb Code    64  rt_memclr.o(.text)
    __aeabi_memclr4                          0x0800054d   Thumb Code     0  rt_memclr_w.o(.text)
    __aeabi_memclr8                          0x0800054d   Thumb Code     0  rt_memclr_w.o(.text)
    __rt_memclr_w                            0x0800054d   Thumb Code     0  rt_memclr_w.o(.text)
    _memset_w                                0x08000551   Thumb Code    74  rt_memclr_w.o(.text)
    __use_two_region_memory                  0x0800059b   Thumb Code     2  heapauxi.o(.text)
    __rt_heap_escrow$2region                 0x0800059d   Thumb Code     2  heapauxi.o(.text)
    __rt_heap_expand$2region                 0x0800059f   Thumb Code     2  heapauxi.o(.text)
    _printf_int_common                       0x080005a1   Thumb Code   178  _printf_intcommon.o(.text)
    _printf_char_common                      0x0800065f   Thumb Code    32  _printf_char_common.o(.text)
    _sputc                                   0x08000685   Thumb Code    10  _sputc.o(.text)
    __user_setup_stackheap                   0x0800068f   Thumb Code    74  sys_stackheap_outer.o(.text)
    exit                                     0x080006d9   Thumb Code    18  exit.o(.text)
    __user_libspace                          0x080006ed   Thumb Code     8  libspace.o(.text)
    __user_perproc_libspace                  0x080006ed   Thumb Code     0  libspace.o(.text)
    __user_perthread_libspace                0x080006ed   Thumb Code     0  libspace.o(.text)
    _sys_exit                                0x080006f5   Thumb Code     8  sys_exit.o(.text)
    __I$use$semihosting                      0x08000701   Thumb Code     0  use_no_semi.o(.text)
    __use_no_semihosting_swi                 0x08000701   Thumb Code     2  use_no_semi.o(.text)
    __semihosting_library_function           0x08000703   Thumb Code     0  indicate_semi.o(.text)
    Core_F4_init_HSE_full                    0x08000705   Thumb Code   208  core_init.o(.text.Core_F4_init_HSE_full)
    DMA1_Stream5_IRQHandler                  0x080007d9   Thumb Code    44  dma.o(.text.DMA1_Stream5_IRQHandler)
    DMA1_Stream5_IRQHandler_User             0x08000805   Thumb Code    12  one_wire.o(.text.DMA1_Stream5_IRQHandler_User)
    DMA1_Stream6_IRQHandler                  0x08000811   Thumb Code    44  dma.o(.text.DMA1_Stream6_IRQHandler)
    DMA1_Stream6_IRQHandler_User             0x08000841   Thumb Code    36  one_wire.o(.text.DMA1_Stream6_IRQHandler_User)
    DMA_F4_init                              0x0800086d   Thumb Code    12  dma.o(.text.DMA_F4_init)
    DS18B20_Reset_single                     0x0800087d   Thumb Code    52  ds18b20.o(.text.DS18B20_Reset_single)
    DS18B20_read_bit                         0x080008b5   Thumb Code    36  ds18b20.o(.text.DS18B20_read_bit)
    DS18B20_read_byte                        0x080008d9   Thumb Code    36  ds18b20.o(.text.DS18B20_read_byte)
    DS18B20_read_temperatur                  0x08000901   Thumb Code   160  ds18b20.o(.text.DS18B20_read_temperatur)
    DS18B20_write_bit                        0x080009b1   Thumb Code    36  ds18b20.o(.text.DS18B20_write_bit)
    DS18B20_write_byte                       0x080009d9   Thumb Code    30  ds18b20.o(.text.DS18B20_write_byte)
    FSMC_init                                0x080009f9   Thumb Code    28  fsmc.o(.text.FSMC_init)
    GPIO_Alternate                           0x08000a21   Thumb Code    90  gpio_setup.o(.text.GPIO_Alternate)
    GPIO_DI_setup                            0x08000a7b   Thumb Code    28  gpio_setup.o(.text.GPIO_DI_setup)
    GPIO_DO_setup                            0x08000a97   Thumb Code    38  gpio_setup.o(.text.GPIO_DO_setup)
    GT911_CalculateCheckSum                  0x08000abd   Thumb Code    32  gt911.o(.text.GT911_CalculateCheckSum)
    GT911_Init                               0x08000add   Thumb Code   268  gt911.o(.text.GT911_Init)
    GT911_Read                               0x08000c3d   Thumb Code    84  gt911.o(.text.GT911_Read)
    GT911_ReadTouch                          0x08000c95   Thumb Code   104  gt911.o(.text.GT911_ReadTouch)
    GT911_Reset                              0x08000d05   Thumb Code    48  gt911.o(.text.GT911_Reset)
    GT911_Write                              0x08000d39   Thumb Code    46  gt911.o(.text.GT911_Write)
    I2C_STM32F4_ACK_enable                   0x08000d69   Thumb Code    12  i2c.o(.text.I2C_STM32F4_ACK_enable)
    I2C_STM32F4_NASK_enable                  0x08000d75   Thumb Code    12  i2c.o(.text.I2C_STM32F4_NASK_enable)
    I2C_STM32F4_Start                        0x08000d81   Thumb Code    28  i2c.o(.text.I2C_STM32F4_Start)
    I2C_STM32F4_Stop                         0x08000d9d   Thumb Code    12  i2c.o(.text.I2C_STM32F4_Stop)
    I2C_STM32F4_address_read                 0x08000da9   Thumb Code    28  i2c.o(.text.I2C_STM32F4_address_read)
    I2C_STM32F4_address_write                0x08000dc5   Thumb Code    28  i2c.o(.text.I2C_STM32F4_address_write)
    I2C_STM32F4_data_read                    0x08000de5   Thumb Code    28  i2c.o(.text.I2C_STM32F4_data_read)
    I2C_STM32F4_data_write                   0x08000e01   Thumb Code    40  i2c.o(.text.I2C_STM32F4_data_write)
    I2C_STM32F4_init                         0x08000e2d   Thumb Code    60  i2c.o(.text.I2C_STM32F4_init)
    SSD1963_ClearScreen                      0x08000f89   Thumb Code    36  ssd1963.o(.text.SSD1963_ClearScreen)
    SSD1963_SetArea                          0x08000fb1   Thumb Code    44  ssd1963.o(.text.SSD1963_SetArea)
    SSD1963_dot                              0x08000fdd   Thumb Code    20  ssd1963.o(.text.SSD1963_dot)
    SSD1963_init                             0x08000ff1   Thumb Code   248  ssd1963.o(.text.SSD1963_init)
    SSD1963_string_font_10x16                0x080010e9   Thumb Code   108  ssd1963.o(.text.SSD1963_string_font_10x16)
    SSD1963_string_font_10x16_back_fone      0x08001155   Thumb Code   116  ssd1963.o(.text.SSD1963_string_font_10x16_back_fone)
    SysTick_F4_Init                          0x080011cd   Thumb Code    28  delay.o(.text.SysTick_F4_Init)
    SysTick_Handler                          0x080011e9   Thumb Code    16  delay.o(.text.SysTick_Handler)
    SystemInit                               0x080011f9   Thumb Code    12  system_stm32f4xx.o(.text.SystemInit)
    TFT_Draw_Fill_Circle_Helper              0x08001209   Thumb Code   196  ssd1963.o(.text.TFT_Draw_Fill_Circle_Helper)
    TFT_Draw_Fill_Rectangle                  0x080012cd   Thumb Code    24  ssd1963.o(.text.TFT_Draw_Fill_Rectangle)
    TFT_Draw_Fill_Round_Rect                 0x080012e5   Thumb Code   102  ssd1963.o(.text.TFT_Draw_Fill_Round_Rect)
    TFT_Draw_VLine                           0x0800134d   Thumb Code    40  ssd1963.o(.text.TFT_Draw_VLine)
    TFT_Draw_image                           0x08001379   Thumb Code    28  ssd1963.o(.text.TFT_Draw_image)
    TFT_Set_Work_Area                        0x08001395   Thumb Code    48  ssd1963.o(.text.TFT_Set_Work_Area)
    TIM1_UP_TIM10_IRQHandler                 0x080013c9   Thumb Code   160  timer.o(.text.TIM1_UP_TIM10_IRQHandler)
    TIM2_IRQHandler                          0x08001471   Thumb Code    36  timer.o(.text.TIM2_IRQHandler)
    Timer1_F4_init                           0x0800149d   Thumb Code    56  timer.o(.text.Timer1_F4_init)
    USART_F4_DMAR_OFF                        0x080014e1   Thumb Code     4  usart.o(.text.USART_F4_DMAR_OFF)
    USART_F4_DMAT_OFF                        0x080014e5   Thumb Code    10  usart.o(.text.USART_F4_DMAT_OFF)
    USART_F4_init                            0x080014f1   Thumb Code    88  usart.o(.text.USART_F4_init)
    USART_F4_set_115200_baud                 0x08001559   Thumb Code    22  usart.o(.text.USART_F4_set_115200_baud)
    USART_F4_set_9600_baud                   0x0800156f   Thumb Code    24  usart.o(.text.USART_F4_set_9600_baud)
    delay_ms                                 0x08001589   Thumb Code    32  delay.o(.text.delay_ms)
    main                                     0x080015b1   Thumb Code  1352  main.o(.text.main)
    _is_digit                                0x08001bd9   Thumb Code    14  __printf_wp.o(i._is_digit)
    __aeabi_d2iz                             0x08001be9   Thumb Code     0  dfix.o(x$fpl$dfix)
    _dfix                                    0x08001be9   Thumb Code    94  dfix.o(x$fpl$dfix)
    __aeabi_ui2d                             0x08001c47   Thumb Code     0  dflt_clz.o(x$fpl$dfltu)
    _dfltu                                   0x08001c47   Thumb Code    38  dflt_clz.o(x$fpl$dfltu)
    __aeabi_dmul                             0x08001c6d   Thumb Code     0  dmul.o(x$fpl$dmul)
    _dmul                                    0x08001c6d   Thumb Code   332  dmul.o(x$fpl$dmul)
    __fpl_dnaninf                            0x08001dc1   Thumb Code   156  dnaninf.o(x$fpl$dnaninf)
    __fpl_dretinf                            0x08001e5d   Thumb Code    12  dretinf.o(x$fpl$dretinf)
    _fp_init                                 0x08001e69   Thumb Code    26  fpinit.o(x$fpl$fpinit)
    __fplib_config_fpu_vfp                   0x08001e81   Thumb Code     0  fpinit.o(x$fpl$fpinit)
    __fplib_config_pureend_doubles           0x08001e81   Thumb Code     0  fpinit.o(x$fpl$fpinit)
    __I$use$fp                               0x08001e82   Number         0  usenofp.o(x$fpl$usenofp)
    Vent_gif_2                               0x08001ebc   Data       43200  img.o(.rodata.Vent_gif_2)
    font_10x16                               0x0800c77c   Data        5120  font_table.o(.rodata.font_10x16)
    img                                      0x0800db7c   Data       153600  img.o(.rodata.img)
    Region$$Table$$Base                      0x0803337c   Number         0  anon$$obj.o(Region$$Table)
    Region$$Table$$Limit                     0x0803338c   Number         0  anon$$obj.o(Region$$Table)
    __libspace_start                         0x20000000   Data          96  libspace.o(.bss)
    TOUCH_IRQ                                0x20000060   Data           1  main.o(.bss..L_MergedGlobals)
    __temporary_stack_top$libspace           0x20000060   Data           0  libspace.o(.bss)
    TIM1_Delay_1                             0x2000006c   Data           4  timer.o(.bss..L_MergedGlobals)
    TIM1_Delay_2                             0x20000070   Data           4  timer.o(.bss..L_MergedGlobals)
    TIM1_Delay_3                             0x20000074   Data           4  timer.o(.bss..L_MergedGlobals)
    TIM1_Delay_4                             0x20000078   Data           4  timer.o(.bss..L_MergedGlobals)
    TIM1_Delay_5                             0x2000007c   Data           4  timer.o(.bss..L_MergedGlobals)
    TIM1_Delay_6                             0x20000080   Data           4  timer.o(.bss..L_MergedGlobals)
    TIM1_Delay_7                             0x20000084   Data           4  timer.o(.bss..L_MergedGlobals)
    TIM1_Delay_8                             0x20000088   Data           4  timer.o(.bss..L_MergedGlobals)
    TIM1_Delay_9                             0x2000008c   Data           4  timer.o(.bss..L_MergedGlobals)
    TIM1_Delay_10                            0x20000090   Data           4  timer.o(.bss..L_MergedGlobals)
    DMA_busy                                 0x20000094   Data           1  ds18b20.o(.bss..L_MergedGlobals)
    DS18B20_temperature                      0x20000096   Data           2  ds18b20.o(.bss..L_MergedGlobals)
    GT911Touch                               0x20000098   Data          30  gt911.o(.bss.GT911Touch)
    I2C_eror                                 0x200000b6   Data           1  i2c.o(.bss.I2C_eror)
    TIM2_Delay_1                             0x200001e4   Data           4  timer.o(.bss.TIM2_Delay_1)
    TouchCount                               0x200001e8   Data           1  gt911.o(.bss.TouchCount)
    Touch_status                             0x200001e9   Data           1  gt911.o(.bss.Touch_status)



==============================================================================

Memory Map of the image

  Image Entry point : 0x08000189

  Load Region LR_IROM1 (Base: 0x08000000, Size: 0x0003338c, Max: 0x00080000, ABSOLUTE)

    Execution Region ER_IROM1 (Exec base: 0x08000000, Load base: 0x08000000, Size: 0x0003338c, Max: 0x00080000, ABSOLUTE)

    Exec Addr    Load Addr    Size         Type   Attr      Idx    E Section Name        Object

    0x08000000   0x08000000   0x00000188   Data   RO          401    RESET               startup_stm32f407xx.o
    0x08000188   0x08000188   0x00000008   Code   RO          485  * !!!main             c_w.l(__main.o)
    0x08000190   0x08000190   0x0000005c   Code   RO          676    !!!scatter          c_w.l(__scatter.o)
    0x080001ec   0x080001ec   0x00000002   Code   RO          677    !!handler_null      c_w.l(__scatter.o)
    0x080001ee   0x080001ee   0x00000002   PAD
    0x080001f0   0x080001f0   0x0000001c   Code   RO          680    !!handler_zi        c_w.l(__scatter_zi.o)
    0x0800020c   0x0800020c   0x00000000   Code   RO          478    .ARM.Collect$$_printf_percent$$00000000  c_w.l(_printf_percent.o)
    0x0800020c   0x0800020c   0x00000006   Code   RO          477    .ARM.Collect$$_printf_percent$$00000009  c_w.l(_printf_d.o)
    0x08000212   0x08000212   0x00000006   Code   RO          476    .ARM.Collect$$_printf_percent$$0000000C  c_w.l(_printf_x.o)
    0x08000218   0x08000218   0x00000004   Code   RO          506    .ARM.Collect$$_printf_percent$$00000017  c_w.l(_printf_percent_end.o)
    0x0800021c   0x0800021c   0x00000002   Code   RO          538    .ARM.Collect$$libinit$$00000000  c_w.l(libinit.o)
    0x0800021e   0x0800021e   0x00000004   Code   RO          544    .ARM.Collect$$libinit$$00000001  c_w.l(libinit2.o)
    0x08000222   0x08000222   0x00000000   Code   RO          547    .ARM.Collect$$libinit$$00000004  c_w.l(libinit2.o)
    0x08000222   0x08000222   0x00000000   Code   RO          549    .ARM.Collect$$libinit$$00000006  c_w.l(libinit2.o)
    0x08000222   0x08000222   0x00000000   Code   RO          552    .ARM.Collect$$libinit$$0000000C  c_w.l(libinit2.o)
    0x08000222   0x08000222   0x00000000   Code   RO          554    .ARM.Collect$$libinit$$0000000E  c_w.l(libinit2.o)
    0x08000222   0x08000222   0x00000000   Code   RO          556    .ARM.Collect$$libinit$$00000010  c_w.l(libinit2.o)
    0x08000222   0x08000222   0x00000000   Code   RO          559    .ARM.Collect$$libinit$$00000013  c_w.l(libinit2.o)
    0x08000222   0x08000222   0x00000000   Code   RO          561    .ARM.Collect$$libinit$$00000015  c_w.l(libinit2.o)
    0x08000222   0x08000222   0x00000000   Code   RO          563    .ARM.Collect$$libinit$$00000017  c_w.l(libinit2.o)
    0x08000222   0x08000222   0x00000000   Code   RO          565    .ARM.Collect$$libinit$$00000019  c_w.l(libinit2.o)
    0x08000222   0x08000222   0x00000000   Code   RO          567    .ARM.Collect$$libinit$$0000001B  c_w.l(libinit2.o)
    0x08000222   0x08000222   0x00000000   Code   RO          569    .ARM.Collect$$libinit$$0000001D  c_w.l(libinit2.o)
    0x08000222   0x08000222   0x00000000   Code   RO          571    .ARM.Collect$$libinit$$0000001F  c_w.l(libinit2.o)
    0x08000222   0x08000222   0x00000000   Code   RO          573    .ARM.Collect$$libinit$$00000021  c_w.l(libinit2.o)
    0x08000222   0x08000222   0x00000000   Code   RO          575    .ARM.Collect$$libinit$$00000023  c_w.l(libinit2.o)
    0x08000222   0x08000222   0x00000000   Code   RO          577    .ARM.Collect$$libinit$$00000025  c_w.l(libinit2.o)
    0x08000222   0x08000222   0x00000000   Code   RO          579    .ARM.Collect$$libinit$$00000027  c_w.l(libinit2.o)
    0x08000222   0x08000222   0x00000000   Code   RO          583    .ARM.Collect$$libinit$$0000002E  c_w.l(libinit2.o)
    0x08000222   0x08000222   0x00000000   Code   RO          585    .ARM.Collect$$libinit$$00000030  c_w.l(libinit2.o)
    0x08000222   0x08000222   0x00000000   Code   RO          587    .ARM.Collect$$libinit$$00000032  c_w.l(libinit2.o)
    0x08000222   0x08000222   0x00000000   Code   RO          589    .ARM.Collect$$libinit$$00000034  c_w.l(libinit2.o)
    0x08000222   0x08000222   0x00000002   Code   RO          590    .ARM.Collect$$libinit$$00000035  c_w.l(libinit2.o)
    0x08000224   0x08000224   0x00000002   Code   RO          612    .ARM.Collect$$libshutdown$$00000000  c_w.l(libshutdown.o)
    0x08000226   0x08000226   0x00000000   Code   RO          627    .ARM.Collect$$libshutdown$$00000002  c_w.l(libshutdown2.o)
    0x08000226   0x08000226   0x00000000   Code   RO          629    .ARM.Collect$$libshutdown$$00000004  c_w.l(libshutdown2.o)
    0x08000226   0x08000226   0x00000000   Code   RO          632    .ARM.Collect$$libshutdown$$00000007  c_w.l(libshutdown2.o)
    0x08000226   0x08000226   0x00000000   Code   RO          635    .ARM.Collect$$libshutdown$$0000000A  c_w.l(libshutdown2.o)
    0x08000226   0x08000226   0x00000000   Code   RO          637    .ARM.Collect$$libshutdown$$0000000C  c_w.l(libshutdown2.o)
    0x08000226   0x08000226   0x00000000   Code   RO          640    .ARM.Collect$$libshutdown$$0000000F  c_w.l(libshutdown2.o)
    0x08000226   0x08000226   0x00000002   Code   RO          641    .ARM.Collect$$libshutdown$$00000010  c_w.l(libshutdown2.o)
    0x08000228   0x08000228   0x00000000   Code   RO          499    .ARM.Collect$$rtentry$$00000000  c_w.l(__rtentry.o)
    0x08000228   0x08000228   0x00000000   Code   RO          513    .ARM.Collect$$rtentry$$00000002  c_w.l(__rtentry2.o)
    0x08000228   0x08000228   0x00000006   Code   RO          525    .ARM.Collect$$rtentry$$00000004  c_w.l(__rtentry4.o)
    0x0800022e   0x0800022e   0x00000000   Code   RO          515    .ARM.Collect$$rtentry$$00000009  c_w.l(__rtentry2.o)
    0x0800022e   0x0800022e   0x00000004   Code   RO          516    .ARM.Collect$$rtentry$$0000000A  c_w.l(__rtentry2.o)
    0x08000232   0x08000232   0x00000000   Code   RO          518    .ARM.Collect$$rtentry$$0000000C  c_w.l(__rtentry2.o)
    0x08000232   0x08000232   0x00000008   Code   RO          519    .ARM.Collect$$rtentry$$0000000D  c_w.l(__rtentry2.o)
    0x0800023a   0x0800023a   0x00000002   Code   RO          542    .ARM.Collect$$rtexit$$00000000  c_w.l(rtexit.o)
    0x0800023c   0x0800023c   0x00000000   Code   RO          592    .ARM.Collect$$rtexit$$00000002  c_w.l(rtexit2.o)
    0x0800023c   0x0800023c   0x00000004   Code   RO          593    .ARM.Collect$$rtexit$$00000003  c_w.l(rtexit2.o)
    0x08000240   0x08000240   0x00000006   Code   RO          594    .ARM.Collect$$rtexit$$00000004  c_w.l(rtexit2.o)
    0x08000246   0x08000246   0x00000002   PAD
    0x08000248   0x08000248   0x00000040   Code   RO          402    .text               startup_stm32f407xx.o
    0x08000288   0x08000288   0x00000028   Code   RO          427    .text               c_w.l(noretval__2sprintf.o)
    0x080002b0   0x080002b0   0x0000004e   Code   RO          431    .text               c_w.l(_printf_pad.o)
    0x080002fe   0x080002fe   0x00000002   PAD
    0x08000300   0x08000300   0x00000078   Code   RO          433    .text               c_w.l(_printf_dec.o)
    0x08000378   0x08000378   0x00000058   Code   RO          438    .text               c_w.l(_printf_hex_int.o)
    0x080003d0   0x080003d0   0x00000138   Code   RO          468    .text               c_w.l(__printf_flags_wp.o)
    0x08000508   0x08000508   0x00000044   Code   RO          479    .text               c_w.l(rt_memclr.o)
    0x0800054c   0x0800054c   0x0000004e   Code   RO          481    .text               c_w.l(rt_memclr_w.o)
    0x0800059a   0x0800059a   0x00000006   Code   RO          483    .text               c_w.l(heapauxi.o)
    0x080005a0   0x080005a0   0x000000b2   Code   RO          500    .text               c_w.l(_printf_intcommon.o)
    0x08000652   0x08000652   0x00000002   PAD
    0x08000654   0x08000654   0x00000030   Code   RO          502    .text               c_w.l(_printf_char_common.o)
    0x08000684   0x08000684   0x0000000a   Code   RO          504    .text               c_w.l(_sputc.o)
    0x0800068e   0x0800068e   0x0000004a   Code   RO          529    .text               c_w.l(sys_stackheap_outer.o)
    0x080006d8   0x080006d8   0x00000012   Code   RO          531    .text               c_w.l(exit.o)
    0x080006ea   0x080006ea   0x00000002   PAD
    0x080006ec   0x080006ec   0x00000008   Code   RO          539    .text               c_w.l(libspace.o)
    0x080006f4   0x080006f4   0x0000000c   Code   RO          602    .text               c_w.l(sys_exit.o)
    0x08000700   0x08000700   0x00000002   Code   RO          617    .text               c_w.l(use_no_semi.o)
    0x08000702   0x08000702   0x00000000   Code   RO          619    .text               c_w.l(indicate_semi.o)
    0x08000702   0x08000702   0x00000002   PAD
    0x08000704   0x08000704   0x000000d4   Code   RO           39    .text.Core_F4_init_HSE_full  core_init.o
    0x080007d8   0x080007d8   0x0000002c   Code   RO          278    .text.DMA1_Stream5_IRQHandler  dma.o
    0x08000804   0x08000804   0x0000000c   Code   RO          378    .text.DMA1_Stream5_IRQHandler_User  one_wire.o
    0x08000810   0x08000810   0x00000030   Code   RO          280    .text.DMA1_Stream6_IRQHandler  dma.o
    0x08000840   0x08000840   0x0000002c   Code   RO          380    .text.DMA1_Stream6_IRQHandler_User  one_wire.o
    0x0800086c   0x0800086c   0x00000010   Code   RO          274    .text.DMA_F4_init   dma.o
    0x0800087c   0x0800087c   0x00000038   Code   RO          291    .text.DS18B20_Reset_single  ds18b20.o
    0x080008b4   0x080008b4   0x00000024   Code   RO          297    .text.DS18B20_read_bit  ds18b20.o
    0x080008d8   0x080008d8   0x00000028   Code   RO          299    .text.DS18B20_read_byte  ds18b20.o
    0x08000900   0x08000900   0x000000b0   Code   RO          303    .text.DS18B20_read_temperatur  ds18b20.o
    0x080009b0   0x080009b0   0x00000028   Code   RO          293    .text.DS18B20_write_bit  ds18b20.o
    0x080009d8   0x080009d8   0x0000001e   Code   RO          295    .text.DS18B20_write_byte  ds18b20.o
    0x080009f6   0x080009f6   0x00000002   PAD
    0x080009f8   0x080009f8   0x00000028   Code   RO          112    .text.FSMC_init     fsmc.o
    0x08000a20   0x08000a20   0x0000005a   Code   RO           59    .text.GPIO_Alternate  gpio_setup.o
    0x08000a7a   0x08000a7a   0x0000001c   Code   RO           57    .text.GPIO_DI_setup  gpio_setup.o
    0x08000a96   0x08000a96   0x00000026   Code   RO           55    .text.GPIO_DO_setup  gpio_setup.o
    0x08000abc   0x08000abc   0x00000020   Code   RO          209    .text.GT911_CalculateCheckSum  gt911.o
    0x08000adc   0x08000adc   0x00000160   Code   RO          215    .text.GT911_Init    gt911.o
    0x08000c3c   0x08000c3c   0x00000058   Code   RO          211    .text.GT911_Read    gt911.o
    0x08000c94   0x08000c94   0x00000070   Code   RO          217    .text.GT911_ReadTouch  gt911.o
    0x08000d04   0x08000d04   0x00000034   Code   RO          207    .text.GT911_Reset   gt911.o
    0x08000d38   0x08000d38   0x0000002e   Code   RO          213    .text.GT911_Write   gt911.o
    0x08000d66   0x08000d66   0x00000002   PAD
    0x08000d68   0x08000d68   0x0000000c   Code   RO          246    .text.I2C_STM32F4_ACK_enable  i2c.o
    0x08000d74   0x08000d74   0x0000000c   Code   RO          248    .text.I2C_STM32F4_NASK_enable  i2c.o
    0x08000d80   0x08000d80   0x0000001c   Code   RO          234    .text.I2C_STM32F4_Start  i2c.o
    0x08000d9c   0x08000d9c   0x0000000c   Code   RO          236    .text.I2C_STM32F4_Stop  i2c.o
    0x08000da8   0x08000da8   0x0000001c   Code   RO          238    .text.I2C_STM32F4_address_read  i2c.o
    0x08000dc4   0x08000dc4   0x00000020   Code   RO          240    .text.I2C_STM32F4_address_write  i2c.o
    0x08000de4   0x08000de4   0x0000001c   Code   RO          244    .text.I2C_STM32F4_data_read  i2c.o
    0x08000e00   0x08000e00   0x0000002c   Code   RO          242    .text.I2C_STM32F4_data_write  i2c.o
    0x08000e2c   0x08000e2c   0x00000044   Code   RO          232    .text.I2C_STM32F4_init  i2c.o
    0x08000e70   0x08000e70   0x0000000e   Code   RO            4    .text.OUTLINED_FUNCTION_0  main.o
    0x08000e7e   0x08000e7e   0x00000012   Code   RO           41    .text.OUTLINED_FUNCTION_0  core_init.o
    0x08000e90   0x08000e90   0x0000000a   Code   RO           81    .text.OUTLINED_FUNCTION_0  delay.o
    0x08000e9a   0x08000e9a   0x00000012   Code   RO          100    .text.OUTLINED_FUNCTION_0  timer.o
    0x08000eac   0x08000eac   0x0000000a   Code   RO          219    .text.OUTLINED_FUNCTION_0  gt911.o
    0x08000eb6   0x08000eb6   0x00000010   Code   RO          250    .text.OUTLINED_FUNCTION_0  i2c.o
    0x08000ec6   0x08000ec6   0x0000000c   Code   RO          358    .text.OUTLINED_FUNCTION_0  usart.o
    0x08000ed2   0x08000ed2   0x0000000a   Code   RO            6    .text.OUTLINED_FUNCTION_1  main.o
    0x08000edc   0x08000edc   0x0000000a   Code   RO          360    .text.OUTLINED_FUNCTION_1  usart.o
    0x08000ee6   0x08000ee6   0x0000000c   Code   RO            8    .text.OUTLINED_FUNCTION_2  main.o
    0x08000ef2   0x08000ef2   0x0000000c   Code   RO           45    .text.OUTLINED_FUNCTION_2  core_init.o
    0x08000efe   0x08000efe   0x00000012   Code   RO          168    .text.OUTLINED_FUNCTION_2  ssd1963.o
    0x08000f10   0x08000f10   0x0000000e   Code   RO           10    .text.OUTLINED_FUNCTION_3  main.o
    0x08000f1e   0x08000f1e   0x00000008   Code   RO          170    .text.OUTLINED_FUNCTION_3  ssd1963.o
    0x08000f26   0x08000f26   0x00000008   Code   RO          313    .text.OUTLINED_FUNCTION_3  ds18b20.o
    0x08000f2e   0x08000f2e   0x0000000e   Code   RO           12    .text.OUTLINED_FUNCTION_4  main.o
    0x08000f3c   0x08000f3c   0x0000000a   Code   RO          172    .text.OUTLINED_FUNCTION_4  ssd1963.o
    0x08000f46   0x08000f46   0x00000006   Code   RO          315    .text.OUTLINED_FUNCTION_4  ds18b20.o
    0x08000f4c   0x08000f4c   0x0000000a   Code   RO           14    .text.OUTLINED_FUNCTION_5  main.o
    0x08000f56   0x08000f56   0x0000000a   Code   RO           16    .text.OUTLINED_FUNCTION_6  main.o
    0x08000f60   0x08000f60   0x00000006   Code   RO          176    .text.OUTLINED_FUNCTION_6  ssd1963.o
    0x08000f66   0x08000f66   0x0000000a   Code   RO           18    .text.OUTLINED_FUNCTION_7  main.o
    0x08000f70   0x08000f70   0x0000000e   Code   RO          178    .text.OUTLINED_FUNCTION_7  ssd1963.o
    0x08000f7e   0x08000f7e   0x0000000a   Code   RO           20    .text.OUTLINED_FUNCTION_8  main.o
    0x08000f88   0x08000f88   0x00000028   Code   RO          124    .text.SSD1963_ClearScreen  ssd1963.o
    0x08000fb0   0x08000fb0   0x0000002c   Code   RO          122    .text.SSD1963_SetArea  ssd1963.o
    0x08000fdc   0x08000fdc   0x00000014   Code   RO          126    .text.SSD1963_dot   ssd1963.o
    0x08000ff0   0x08000ff0   0x000000f8   Code   RO          120    .text.SSD1963_init  ssd1963.o
    0x080010e8   0x080010e8   0x0000006c   Code   RO          132    .text.SSD1963_string_font_10x16  ssd1963.o
    0x08001154   0x08001154   0x00000078   Code   RO          134    .text.SSD1963_string_font_10x16_back_fone  ssd1963.o
    0x080011cc   0x080011cc   0x0000001c   Code   RO           79    .text.SysTick_F4_Init  delay.o
    0x080011e8   0x080011e8   0x00000010   Code   RO           71    .text.SysTick_Handler  delay.o
    0x080011f8   0x080011f8   0x00000010   Code   RO          409    .text.SystemInit    system_stm32f4xx.o
    0x08001208   0x08001208   0x000000c4   Code   RO          154    .text.TFT_Draw_Fill_Circle_Helper  ssd1963.o
    0x080012cc   0x080012cc   0x00000018   Code   RO          140    .text.TFT_Draw_Fill_Rectangle  ssd1963.o
    0x080012e4   0x080012e4   0x00000066   Code   RO          156    .text.TFT_Draw_Fill_Round_Rect  ssd1963.o
    0x0800134a   0x0800134a   0x00000002   PAD
    0x0800134c   0x0800134c   0x0000002c   Code   RO          144    .text.TFT_Draw_VLine  ssd1963.o
    0x08001378   0x08001378   0x0000001c   Code   RO          162    .text.TFT_Draw_image  ssd1963.o
    0x08001394   0x08001394   0x00000034   Code   RO          136    .text.TFT_Set_Work_Area  ssd1963.o
    0x080013c8   0x080013c8   0x000000a8   Code   RO           94    .text.TIM1_UP_TIM10_IRQHandler  timer.o
    0x08001470   0x08001470   0x0000002c   Code   RO           98    .text.TIM2_IRQHandler  timer.o
    0x0800149c   0x0800149c   0x00000044   Code   RO           92    .text.Timer1_F4_init  timer.o
    0x080014e0   0x080014e0   0x00000004   Code   RO          352    .text.USART_F4_DMAR_OFF  usart.o
    0x080014e4   0x080014e4   0x0000000a   Code   RO          354    .text.USART_F4_DMAT_OFF  usart.o
    0x080014ee   0x080014ee   0x00000002   PAD
    0x080014f0   0x080014f0   0x00000068   Code   RO          338    .text.USART_F4_init  usart.o
    0x08001558   0x08001558   0x00000016   Code   RO          340    .text.USART_F4_set_115200_baud  usart.o
    0x0800156e   0x0800156e   0x00000018   Code   RO          342    .text.USART_F4_set_9600_baud  usart.o
    0x08001586   0x08001586   0x00000002   PAD
    0x08001588   0x08001588   0x00000028   Code   RO           75    .text.delay_ms      delay.o
    0x080015b0   0x080015b0   0x00000628   Code   RO            2    .text.main          main.o
    0x08001bd8   0x08001bd8   0x0000000e   Code   RO          466    i._is_digit         c_w.l(__printf_wp.o)
    0x08001be6   0x08001be6   0x00000002   PAD
    0x08001be8   0x08001be8   0x0000005e   Code   RO          487    x$fpl$dfix          fz_wm.l(dfix.o)
    0x08001c46   0x08001c46   0x00000026   Code   RO          491    x$fpl$dfltu         fz_wm.l(dflt_clz.o)
    0x08001c6c   0x08001c6c   0x00000154   Code   RO          497    x$fpl$dmul          fz_wm.l(dmul.o)
    0x08001dc0   0x08001dc0   0x0000009c   Code   RO          507    x$fpl$dnaninf       fz_wm.l(dnaninf.o)
    0x08001e5c   0x08001e5c   0x0000000c   Code   RO          509    x$fpl$dretinf       fz_wm.l(dretinf.o)
    0x08001e68   0x08001e68   0x0000001a   Code   RO          600    x$fpl$fpinit        fz_wm.l(fpinit.o)
    0x08001e82   0x08001e82   0x00000000   Code   RO          511    x$fpl$usenofp       fz_wm.l(usenofp.o)
    0x08001e82   0x08001e82   0x00000028   Data   RO          439    .constdata          c_w.l(_printf_hex_int.o)
    0x08001eaa   0x08001eaa   0x00000011   Data   RO          469    .constdata          c_w.l(__printf_flags_wp.o)
    0x08001ebb   0x08001ebb   0x00000001   PAD
    0x08001ebc   0x08001ebc   0x0000a8c0   Data   RO          268    .rodata.Vent_gif_2  img.o
    0x0800c77c   0x0800c77c   0x00001400   Data   RO          199    .rodata.font_10x16  font_table.o
    0x0800db7c   0x0800db7c   0x00025800   Data   RO          262    .rodata.img         img.o
    0x0803337c   0x0803337c   0x00000010   Data   RO          675    Region$$Table       anon$$obj.o


    Execution Region RW_IRAM1 (Exec base: 0x20000000, Load base: 0x0803338c, Size: 0x000007f0, Max: 0x00020000, ABSOLUTE)

    Exec Addr    Load Addr    Size         Type   Attr      Idx    E Section Name        Object

    0x20000000        -       0x00000060   Zero   RW          540    .bss                c_w.l(libspace.o)
    0x20000060        -       0x0000000c   Zero   RW           25    .bss..L_MergedGlobals  main.o
    0x2000006c        -       0x00000028   Zero   RW          103    .bss..L_MergedGlobals  timer.o
    0x20000094        -       0x00000004   Zero   RW          329    .bss..L_MergedGlobals  ds18b20.o
    0x20000098        -       0x0000001e   Zero   RW          223    .bss.GT911Touch     gt911.o
    0x200000b6        -       0x00000001   Zero   RW          252    .bss.I2C_eror       i2c.o
    0x200000b7   0x0803338c   0x00000001   PAD
    0x200000b8        -       0x0000012c   Zero   RW           22    .bss.String         main.o
    0x200001e4        -       0x00000004   Zero   RW          102    .bss.TIM2_Delay_1   timer.o
    0x200001e8        -       0x00000001   Zero   RW          221    .bss.TouchCount     gt911.o
    0x200001e9        -       0x00000001   Zero   RW          222    .bss.Touch_status   gt911.o
    0x200001ea   0x0803338c   0x00000002   PAD
    0x200001ec        -       0x00000004   Zero   RW           83    .bss.count          delay.o
    0x200001f0        -       0x00000200   Zero   RW          400    HEAP                startup_stm32f407xx.o
    0x200003f0        -       0x00000400   Zero   RW          399    STACK               startup_stm32f407xx.o


==============================================================================

Image component sizes


      Code (inc. data)   RO Data    RW Data    ZI Data      Debug   Object Name

       242         12          0          0          0       3251   core_init.o
        94          8          0          0          4       2473   delay.o
       108          8          0          0          0       3570   dma.o
       392         28          0          0          4       5211   ds18b20.o
         0          0       5120          0          0        746   font_table.o
        40         12          0          0          0       1488   fsmc.o
       156          0          0          0          0       1969   gpio_setup.o
       692        100          0          0         32       7912   gt911.o
       280         16          0          0          1       3578   i2c.o
         0          0     196800          0          0        762   img.o
      1680        248          0          0        312       3706   main.o
        56          8          0          0          0       5422   one_wire.o
      1082         16          0          0          0      12382   ssd1963.o
        64         26        392          0       1536        892   startup_stm32f407xx.o
        16          4          0          0          0       2897   system_stm32f4xx.o
       298         28          0          0         44       3523   timer.o
       186         16          0          0          0       2896   usart.o

    ----------------------------------------------------------------------
      5396        530     202328          0       1936      62678   Object Totals
         0          0         16          0          0          0   (incl. Generated)
        10          0          0          0          3          0   (incl. Padding)

    ----------------------------------------------------------------------

      Code (inc. data)   RO Data    RW Data    ZI Data      Debug   Library Member Name

         8          0          0          0          0         68   __main.o
       312          4         17          0          0         92   __printf_flags_wp.o
        14          0          0          0          0         68   __printf_wp.o
         0          0          0          0          0          0   __rtentry.o
        12          0          0          0          0          0   __rtentry2.o
         6          0          0          0          0          0   __rtentry4.o
        94          8          0          0          0          0   __scatter.o
        28          0          0          0          0          0   __scatter_zi.o
        48          6          0          0          0         96   _printf_char_common.o
         6          0          0          0          0          0   _printf_d.o
       120         16          0          0          0         92   _printf_dec.o
        88          4         40          0          0         88   _printf_hex_int.o
       178          0          0          0          0         88   _printf_intcommon.o
        78          0          0          0          0        108   _printf_pad.o
         0          0          0          0          0          0   _printf_percent.o
         4          0          0          0          0          0   _printf_percent_end.o
         6          0          0          0          0          0   _printf_x.o
        10          0          0          0          0         68   _sputc.o
        18          0          0          0          0         80   exit.o
         6          0          0          0          0        152   heapauxi.o
         0          0          0          0          0          0   indicate_semi.o
         2          0          0          0          0          0   libinit.o
         6          0          0          0          0          0   libinit2.o
         2          0          0          0          0          0   libshutdown.o
         2          0          0          0          0          0   libshutdown2.o
         8          4          0          0         96         68   libspace.o
        40          6          0          0          0         84   noretval__2sprintf.o
        68          0          0          0          0         68   rt_memclr.o
        78          0          0          0          0         80   rt_memclr_w.o
         2          0          0          0          0          0   rtexit.o
        10          0          0          0          0          0   rtexit2.o
        12          4          0          0          0         68   sys_exit.o
        74          0          0          0          0         80   sys_stackheap_outer.o
         2          0          0          0          0         68   use_no_semi.o
        94          4          0          0          0        140   dfix.o
        38          0          0          0          0        116   dflt_clz.o
       340         12          0          0          0        152   dmul.o
       156          4          0          0          0        140   dnaninf.o
        12          0          0          0          0        116   dretinf.o
        26          0          0          0          0        116   fpinit.o
         0          0          0          0          0          0   usenofp.o

    ----------------------------------------------------------------------
      2022         72         58          0         96       2296   Library Totals
        14          0          1          0          0          0   (incl. Padding)

    ----------------------------------------------------------------------

      Code (inc. data)   RO Data    RW Data    ZI Data      Debug   Library Name

      1342         52         57          0         96       1516   c_w.l
       666         20          0          0          0        780   fz_wm.l

    ----------------------------------------------------------------------
      2022         72         58          0         96       2296   Library Totals

    ----------------------------------------------------------------------

==============================================================================


      Code (inc. data)   RO Data    RW Data    ZI Data      Debug   

      7418        602     202386          0       2032      63486   Grand Totals
      7418        602     202386          0       2032      63486   ELF Image Totals
      7418        602     202386          0          0          0   ROM Totals

==============================================================================

    Total RO  Size (Code + RO Data)               209804 ( 204.89kB)
    Total RW  Size (RW Data + ZI Data)              2032 (   1.98kB)
    Total ROM Size (Code + RO Data + RW Data)     209804 ( 204.89kB)

==============================================================================

