Component: Arm Compiler for Embedded 6.19 Tool: armlink [5e73cb00]

==============================================================================

Section Cross References

    main.o(.text.main) refers to core_init.o(.text.Core_F401_init_HSI) for Core_F401_init_HSI
    main.o(.text.main) refers to delay.o(.text.SysTick_F4_Init) for SysTick_F4_Init
    main.o(.text.main) refers to gpio_setup.o(.text.GPIO_Alternate) for GPIO_Alternate
    main.o(.text.main) refers to timer_f4.o(.text.Timer1_F4_init) for Timer1_F4_init
    main.o(.text.main) refers to timer_f4.o(.text.Timer2_F4_init) for Timer2_F4_init
    main.o(.text.main) refers to spi.o(.text.SPI_F4_init) for SPI_F4_init
    main.o(.text.main) refers to nokia_5110_lcd.o(.text.Nokia_5110_init) for Nokia_5110_init
    main.o(.text.main) refers to dma.o(.text.DMA_F4_init) for DMA_F4_init
    main.o(.text.main) refers to adc.o(.text.DMA_F4_ADC_init) for DMA_F4_ADC_init
    main.o(.text.main) refers to adc.o(.text.ADC_F4_init_via_DMA) for ADC_F4_init_via_DMA
    main.o(.text.main) refers to nokia_5110_lcd.o(.text.Nokia_5110_clr_screen_buf) for Nokia_5110_clr_screen_buf
    main.o(.text.main) refers to game.o(.text.Game_Car) for Game_Car
    main.o(.text.main) refers to nokia_5110_lcd.o(.text.Nokia_5110_LCD_Out) for Nokia_5110_LCD_Out
    main.o(.text.main) refers to gpio_setup.o(.text.GPIO_DO_setup) for GPIO_DO_setup
    main.o(.text.main) refers to gpio_setup.o(.text.GPIO_DI_setup) for GPIO_DI_setup
    main.o(.text.main) refers to gpio_setup.o(.text.GPIO_Analog_setup) for GPIO_Analog_setup
    main.o(.text.main) refers to adc.o(.bss..L_MergedGlobals) for ADC_Init
    main.o(.ARM.exidx.text.main) refers to main.o(.text.main) for [Anonymous Symbol]
    game.o(.text) refers (Special) to _printf_percent.o(.ARM.Collect$$_printf_percent$$00000000) for _printf_percent
    game.o(.text) refers (Special) to _printf_pad.o(.text) for _printf_pre_padding
    game.o(.text) refers (Special) to _printf_d.o(.ARM.Collect$$_printf_percent$$00000009) for _printf_d
    game.o(.text) refers (Special) to _printf_dec.o(.text) for _printf_int_dec
    game.o(.text.Game_Car_model) refers (Special) to _printf_percent.o(.ARM.Collect$$_printf_percent$$00000000) for _printf_percent
    game.o(.text.Game_Car_model) refers (Special) to _printf_pad.o(.text) for _printf_pre_padding
    game.o(.text.Game_Car_model) refers (Special) to _printf_d.o(.ARM.Collect$$_printf_percent$$00000009) for _printf_d
    game.o(.text.Game_Car_model) refers (Special) to _printf_dec.o(.text) for _printf_int_dec
    game.o(.text.Game_Car_model) refers to game.o(.text.OUTLINED_FUNCTION_1) for OUTLINED_FUNCTION_1
    game.o(.text.Game_Car_model) refers to game.o(.text.OUTLINED_FUNCTION_2) for OUTLINED_FUNCTION_2
    game.o(.text.Game_Car_model) refers to nokia_5110_lcd.o(.text.Nokia_5110_Vertical_line) for Nokia_5110_Vertical_line
    game.o(.text.Game_Car_model) refers to nokia_5110_lcd.o(.text.Nokia_5110_Horizontal_line) for Nokia_5110_Horizontal_line
    game.o(.ARM.exidx.text.Game_Car_model) refers (Special) to _printf_percent.o(.ARM.Collect$$_printf_percent$$00000000) for _printf_percent
    game.o(.ARM.exidx.text.Game_Car_model) refers (Special) to _printf_pad.o(.text) for _printf_pre_padding
    game.o(.ARM.exidx.text.Game_Car_model) refers (Special) to _printf_d.o(.ARM.Collect$$_printf_percent$$00000009) for _printf_d
    game.o(.ARM.exidx.text.Game_Car_model) refers (Special) to _printf_dec.o(.text) for _printf_int_dec
    game.o(.ARM.exidx.text.Game_Car_model) refers to game.o(.text.Game_Car_model) for [Anonymous Symbol]
    game.o(.text.Game_Car) refers (Special) to _printf_percent.o(.ARM.Collect$$_printf_percent$$00000000) for _printf_percent
    game.o(.text.Game_Car) refers (Special) to _printf_pad.o(.text) for _printf_pre_padding
    game.o(.text.Game_Car) refers (Special) to _printf_d.o(.ARM.Collect$$_printf_percent$$00000009) for _printf_d
    game.o(.text.Game_Car) refers (Special) to _printf_dec.o(.text) for _printf_int_dec
    game.o(.text.Game_Car) refers to noretval__2sprintf.o(.text) for __2sprintf
    game.o(.text.Game_Car) refers to nokia_5110_lcd.o(.text.Nokia_5110_String) for Nokia_5110_String
    game.o(.text.Game_Car) refers to game.o(.text.OUTLINED_FUNCTION_0) for OUTLINED_FUNCTION_0
    game.o(.text.Game_Car) refers to game.o(.text.Game_Car_model) for Game_Car_model
    game.o(.text.Game_Car) refers to timer_f4.o(.bss.TIM2_Delay_1) for TIM2_Delay_1
    game.o(.text.Game_Car) refers to timer_f4.o(.bss..L_MergedGlobals) for TIM1_Delay_1
    game.o(.text.Game_Car) refers to game.o(.bss..L_MergedGlobals) for [Anonymous Symbol]
    game.o(.text.Game_Car) refers to adc.o(.bss.ADC_ch) for ADC_ch
    game.o(.text.Game_Car) refers to game.o(.data.min) for [Anonymous Symbol]
    game.o(.ARM.exidx.text.Game_Car) refers (Special) to _printf_percent.o(.ARM.Collect$$_printf_percent$$00000000) for _printf_percent
[...]
    __rtentry.o(.ARM.Collect$$rtentry$$00000000) refers (Special) to __rtentry2.o(.ARM.Collect$$rtentry$$0000000D) for __rt_entry_main
    __rtentry.o(.ARM.Collect$$rtentry$$00000000) refers (Special) to __rtentry2.o(.ARM.Collect$$rtentry$$0000000C) for __rt_entry_postli_1
    __rtentry.o(.ARM.Collect$$rtentry$$00000000) refers (Special) to __rtentry2.o(.ARM.Collect$$rtentry$$00000009) for __rt_entry_postsh_1
    __rtentry.o(.ARM.Collect$$rtentry$$00000000) refers (Special) to __rtentry2.o(.ARM.Collect$$rtentry$$00000002) for __rt_entry_presh_1
    __rtentry.o(.ARM.Collect$$rtentry$$00000000) refers (Special) to __rtentry4.o(.ARM.Collect$$rtentry$$00000004) for __rt_entry_sh
    _printf_intcommon.o(.text) refers (Weak) to _printf_pad.o(.text) for _printf_pre_padding
    _printf_intcommon.o(.text) refers (Weak) to _printf_pad.o(.text) for _printf_pre_padding
    _printf_intcommon.o(.text) refers (Weak) to _printf_pad.o(.text) for _printf_post_padding
    _printf_char_common.o(.text) refers to __printf_flags_wp.o(.text) for __printf
    __rtentry2.o(.ARM.Collect$$rtentry$$00000008) refers to boardinit2.o(.text) for _platform_post_stackheap_init
    __rtentry2.o(.ARM.Collect$$rtentry$$0000000A) refers to libinit.o(.ARM.Collect$$libinit$$00000000) for __rt_lib_init
    __rtentry2.o(.ARM.Collect$$rtentry$$0000000B) refers to boardinit3.o(.text) for _platform_post_lib_init
    __rtentry2.o(.ARM.Collect$$rtentry$$0000000D) refers to main.o(.text.main) for main
    __rtentry2.o(.ARM.Collect$$rtentry$$0000000D) refers to exit.o(.text) for exit
    __rtentry2.o(.ARM.exidx) refers to __rtentry2.o(.ARM.Collect$$rtentry$$00000001) for .ARM.Collect$$rtentry$$00000001
    __rtentry2.o(.ARM.exidx) refers to __rtentry2.o(.ARM.Collect$$rtentry$$00000008) for .ARM.Collect$$rtentry$$00000008
    __rtentry2.o(.ARM.exidx) refers to __rtentry2.o(.ARM.Collect$$rtentry$$0000000A) for .ARM.Collect$$rtentry$$0000000A
    __rtentry2.o(.ARM.exidx) refers to __rtentry2.o(.ARM.Collect$$rtentry$$0000000B) for .ARM.Collect$$rtentry$$0000000B
    __rtentry2.o(.ARM.exidx) refers to __rtentry2.o(.ARM.Collect$$rtentry$$0000000D) for .ARM.Collect$$rtentry$$0000000D
    __rtentry4.o(.ARM.Collect$$rtentry$$00000004) refers to sys_stackheap_outer.o(.text) for __user_setup_stackheap
    __rtentry4.o(.ARM.exidx) refers to __rtentry4.o(.ARM.Collect$$rtentry$$00000004) for .ARM.Collect$$rtentry$$00000004
    sys_stackheap_outer.o(.text) refers to libspace.o(.text) for __user_perproc_libspace
    sys_stackheap_outer.o(.text) refers to startup_stm32f401xe.o(.text) for __user_initial_stackheap
    exit.o(.text) refers to rtexit.o(.ARM.Collect$$rtexit$$00000000) for __rt_exit
    libinit.o(.ARM.Collect$$libinit$$00000000) refers (Special) to libinit2.o(.ARM.Collect$$libinit$$00000030) for __rt_lib_init_alloca_1
    libinit.o(.ARM.Collect$$libinit$$00000000) refers (Special) to libinit2.o(.ARM.Collect$$libinit$$0000002E) for __rt_lib_init_argv_1
    libinit.o(.ARM.Collect$$libinit$$00000000) refers (Special) to libinit2.o(.ARM.Collect$$libinit$$0000001D) for __rt_lib_init_atexit_1
    libinit.o(.ARM.Collect$$libinit$$00000000) refers (Special) to libinit2.o(.ARM.Collect$$libinit$$00000023) for __rt_lib_init_clock_1
    libinit.o(.ARM.Collect$$libinit$$00000000) refers (Special) to libinit2.o(.ARM.Collect$$libinit$$00000034) for __rt_lib_init_cpp_1
    libinit.o(.ARM.Collect$$libinit$$00000000) refers (Special) to libinit2.o(.ARM.Collect$$libinit$$00000032) for __rt_lib_init_exceptions_1
    libinit.o(.ARM.Collect$$libinit$$00000000) refers (Special) to libinit2.o(.ARM.Collect$$libinit$$00000001) for __rt_lib_init_fp_1
    libinit.o(.ARM.Collect$$libinit$$00000000) refers (Special) to libinit2.o(.ARM.Collect$$libinit$$00000021) for __rt_lib_init_fp_trap_1
    libinit.o(.ARM.Collect$$libinit$$00000000) refers (Special) to libinit2.o(.ARM.Collect$$libinit$$00000025) for __rt_lib_init_getenv_1
    libinit.o(.ARM.Collect$$libinit$$00000000) refers (Special) to libinit2.o(.ARM.Collect$$libinit$$0000000C) for __rt_lib_init_heap_1
    libinit.o(.ARM.Collect$$libinit$$00000000) refers (Special) to libinit2.o(.ARM.Collect$$libinit$$00000013) for __rt_lib_init_lc_collate_1
    libinit.o(.ARM.Collect$$libinit$$00000000) refers (Special) to libinit2.o(.ARM.Collect$$libinit$$00000015) for __rt_lib_init_lc_ctype_1
    libinit.o(.ARM.Collect$$libinit$$00000000) refers (Special) to libinit2.o(.ARM.Collect$$libinit$$00000017) for __rt_lib_init_lc_monetary_1
    libinit.o(.ARM.Collect$$libinit$$00000000) refers (Special) to libinit2.o(.ARM.Collect$$libinit$$00000019) for __rt_lib_init_lc_numeric_1
    libinit.o(.ARM.Collect$$libinit$$00000000) refers (Special) to libinit2.o(.ARM.Collect$$libinit$$0000001B) for __rt_lib_init_lc_time_1
    libinit.o(.ARM.Collect$$libinit$$00000000) refers (Special) to libinit2.o(.ARM.Collect$$libinit$$00000006) for __rt_lib_init_preinit_1
    libinit.o(.ARM.Collect$$libinit$$00000000) refers (Special) to libinit2.o(.ARM.Collect$$libinit$$00000010) for __rt_lib_init_rand_1
    libinit.o(.ARM.Collect$$libinit$$00000000) refers (Special) to libinit2.o(.ARM.Collect$$libinit$$00000004) for __rt_lib_init_relocate_pie_1
    libinit.o(.ARM.Collect$$libinit$$00000000) refers (Special) to libinit2.o(.ARM.Collect$$libinit$$00000035) for __rt_lib_init_return
    libinit.o(.ARM.Collect$$libinit$$00000000) refers (Special) to libinit2.o(.ARM.Collect$$libinit$$0000001F) for __rt_lib_init_signal_1
    libinit.o(.ARM.Collect$$libinit$$00000000) refers (Special) to libinit2.o(.ARM.Collect$$libinit$$00000027) for __rt_lib_init_stdio_1
    libinit.o(.ARM.Collect$$libinit$$00000000) refers (Special) to libinit2.o(.ARM.Collect$$libinit$$0000000E) for __rt_lib_init_user_alloc_1
    libspace.o(.text) refers to libspace.o(.bss) for __libspace_start
    rtexit.o(.ARM.Collect$$rtexit$$00000000) refers (Special) to rtexit2.o(.ARM.Collect$$rtexit$$00000004) for __rt_exit_exit
    rtexit.o(.ARM.Collect$$rtexit$$00000000) refers (Special) to rtexit2.o(.ARM.Collect$$rtexit$$00000003) for __rt_exit_ls
    rtexit.o(.ARM.Collect$$rtexit$$00000000) refers (Special) to rtexit2.o(.ARM.Collect$$rtexit$$00000002) for __rt_exit_prels_1
    rtexit.o(.ARM.exidx) refers (Special) to rtexit2.o(.ARM.Collect$$rtexit$$00000004) for __rt_exit_exit
    rtexit.o(.ARM.exidx) refers (Special) to rtexit2.o(.ARM.Collect$$rtexit$$00000003) for __rt_exit_ls
    rtexit.o(.ARM.exidx) refers (Special) to rtexit2.o(.ARM.Collect$$rtexit$$00000002) for __rt_exit_prels_1
    rtexit.o(.ARM.exidx) refers to rtexit.o(.ARM.Collect$$rtexit$$00000000) for .ARM.Collect$$rtexit$$00000000
    libinit2.o(.ARM.Collect$$libinit$$00000001) refers to fpinit.o(x$fpl$fpinit) for _fp_init
    libinit2.o(.ARM.Collect$$libinit$$00000012) refers to libinit2.o(.ARM.Collect$$libinit$$00000011) for .ARM.Collect$$libinit$$00000011
    libinit2.o(.ARM.Collect$$libinit$$00000014) refers to libinit2.o(.ARM.Collect$$libinit$$00000011) for .ARM.Collect$$libinit$$00000011
    libinit2.o(.ARM.Collect$$libinit$$00000016) refers to libinit2.o(.ARM.Collect$$libinit$$00000011) for .ARM.Collect$$libinit$$00000011
    libinit2.o(.ARM.Collect$$libinit$$00000018) refers to libinit2.o(.ARM.Collect$$libinit$$00000011) for .ARM.Collect$$libinit$$00000011
    libinit2.o(.ARM.Collect$$libinit$$0000001A) refers to libinit2.o(.ARM.Collect$$libinit$$00000011) for .ARM.Collect$$libinit$$00000011
    libinit2.o(.ARM.Collect$$libinit$$00000028) refers to argv_veneer.o(.emb_text) for __ARM_argv_veneer
    libinit2.o(.ARM.Collect$$libinit$$00000029) refers to argv_veneer.o(.emb_text) for __ARM_argv_veneer
    rtexit2.o(.ARM.Collect$$rtexit$$00000003) refers to libshutdown.o(.ARM.Collect$$libshutdown$$00000000) for __rt_lib_shutdown
    rtexit2.o(.ARM.Collect$$rtexit$$00000004) refers to sys_exit.o(.text) for _sys_exit
    rtexit2.o(.ARM.exidx) refers to rtexit2.o(.ARM.Collect$$rtexit$$00000001) for .ARM.Collect$$rtexit$$00000001
    rtexit2.o(.ARM.exidx) refers to rtexit2.o(.ARM.Collect$$rtexit$$00000003) for .ARM.Collect$$rtexit$$00000003
    rtexit2.o(.ARM.exidx) refers to rtexit2.o(.ARM.Collect$$rtexit$$00000004) for .ARM.Collect$$rtexit$$00000004
    argv_veneer.o(.emb_text) refers to no_argv.o(.text) for __ARM_get_argv
    sys_exit.o(.text) refers (Special) to use_no_semi.o(.text) for __I$use$semihosting
    sys_exit.o(.text) refers (Special) to indicate_semi.o(.text) for __semihosting_library_function
    sys_exit_hlt.o(.text) refers (Special) to use_no_semi.o(.text) for __I$use$semihosting
    sys_exit_hlt.o(.text) refers (Special) to indicate_semi.o(.text) for __semihosting_library_function
    _get_argv_nomalloc.o(.text) refers (Special) to hrguard.o(.text) for __heap_region$guard
    _get_argv_nomalloc.o(.text) refers to defsig_rtmem_outer.o(.text) for __rt_SIGRTMEM
    _get_argv_nomalloc.o(.text) refers to sys_command.o(.text) for _sys_command_string
    libshutdown.o(.ARM.Collect$$libshutdown$$00000000) refers (Special) to libshutdown2.o(.ARM.Collect$$libshutdown$$00000002) for __rt_lib_shutdown_cpp_1
    libshutdown.o(.ARM.Collect$$libshutdown$$00000000) refers (Special) to libshutdown2.o(.ARM.Collect$$libshutdown$$00000007) for __rt_lib_shutdown_fp_trap_1
    libshutdown.o(.ARM.Collect$$libshutdown$$00000000) refers (Special) to libshutdown2.o(.ARM.Collect$$libshutdown$$0000000F) for __rt_lib_shutdown_heap_1
    libshutdown.o(.ARM.Collect$$libshutdown$$00000000) refers (Special) to libshutdown2.o(.ARM.Collect$$libshutdown$$00000010) for __rt_lib_shutdown_return
    libshutdown.o(.ARM.Collect$$libshutdown$$00000000) refers (Special) to libshutdown2.o(.ARM.Collect$$libshutdown$$0000000A) for __rt_lib_shutdown_signal_1
    libshutdown.o(.ARM.Collect$$libshutdown$$00000000) refers (Special) to libshutdown2.o(.ARM.Collect$$libshutdown$$00000004) for __rt_lib_shutdown_stdio_1
    libshutdown.o(.ARM.Collect$$libshutdown$$00000000) refers (Special) to libshutdown2.o(.ARM.Collect$$libshutdown$$0000000C) for __rt_lib_shutdown_user_alloc_1
    sys_command.o(.text) refers (Special) to use_no_semi.o(.text) for __I$use$semihosting
    sys_command.o(.text) refers (Special) to indicate_semi.o(.text) for __semihosting_library_function
    sys_command_hlt.o(.text) refers (Special) to use_no_semi.o(.text) for __I$use$semihosting
    sys_command_hlt.o(.text) refers (Special) to indicate_semi.o(.text) for __semihosting_library_function
    defsig_rtmem_outer.o(.text) refers to defsig_rtmem_inner.o(.text) for __rt_SIGRTMEM_inner
    defsig_rtmem_outer.o(.text) refers to defsig_exit.o(.text) for __sig_exit
    defsig_rtmem_formal.o(.text) refers to rt_raise.o(.text) for __rt_raise
    rt_raise.o(.text) refers to __raise.o(.text) for __raise
    rt_raise.o(.text) refers to sys_exit.o(.text) for _sys_exit
    defsig_exit.o(.text) refers to sys_exit.o(.text) for _sys_exit
    defsig_rtmem_inner.o(.text) refers to defsig_general.o(.text) for __default_signal_display
    __raise.o(.text) refers to defsig.o(CL$$defsig) for __default_signal_handler
    defsig_general.o(.text) refers to sys_wrch.o(.text) for _ttywrch
    sys_wrch.o(.text) refers (Special) to use_no_semi.o(.text) for __I$use$semihosting
    sys_wrch.o(.text) refers (Special) to indicate_semi.o(.text) for __semihosting_library_function
    sys_wrch_hlt.o(.text) refers (Special) to use_no_semi.o(.text) for __I$use$semihosting
    sys_wrch_hlt.o(.text) refers (Special) to indicate_semi.o(.text) for __semihosting_library_function
    defsig.o(CL$$defsig) refers to defsig_rtmem_inner.o(.text) for __rt_SIGRTMEM_inner
    defsig_abrt_inner.o(.text) refers to defsig_general.o(.text) for __default_signal_display
    defsig_fpe_inner.o(.text) refers to defsig_general.o(.text) for __default_signal_display
    defsig_rtred_inner.o(.text) refers to defsig_general.o(.text) for __default_signal_display
    defsig_stak_inner.o(.text) refers to defsig_general.o(.text) for __default_signal_display
    defsig_pvfn_inner.o(.text) refers to defsig_general.o(.text) for __default_signal_display
    defsig_cppl_inner.o(.text) refers to defsig_general.o(.text) for __default_signal_display
    defsig_segv_inner.o(.text) refers to defsig_general.o(.text) for __default_signal_display
    defsig_other.o(.text) refers to defsig_general.o(.text) for __default_signal_display


==============================================================================

Removing Unused input sections from the image.

    Removing main.o(.text), (0 bytes).
    Removing main.o(.ARM.exidx.text.main), (8 bytes).
    Removing main.o(.ARM.use_no_argv), (4 bytes).
    Removing game.o(.text), (0 bytes).
    Removing game.o(.ARM.exidx.text.Game_Car_model), (8 bytes).
    Removing game.o(.ARM.exidx.text.Game_Car), (8 bytes).
    Removing game.o(.ARM.exidx.text.OUTLINED_FUNCTION_0), (8 bytes).
    Removing game.o(.ARM.exidx.text.OUTLINED_FUNCTION_1), (8 bytes).
    Removing game.o(.ARM.exidx.text.OUTLINED_FUNCTION_2), (8 bytes).
    Removing config.o(.text), (0 bytes).
    Removing gpio_setup.o(.text), (0 bytes).
    Removing gpio_setup.o(.ARM.exidx.text.GPIO_DO_setup), (8 bytes).
    Removing gpio_setup.o(.ARM.exidx.text.GPIO_DI_setup), (8 bytes).
    Removing gpio_setup.o(.ARM.exidx.text.GPIO_Alternate), (8 bytes).
    Removing gpio_setup.o(.ARM.exidx.text.GPIO_Analog_setup), (8 bytes).
    Removing delay.o(.text), (0 bytes).
    Removing delay.o(.ARM.exidx.text.SysTick_Handler), (8 bytes).
    Removing delay.o(.text.delay_us), (36 bytes).
    Removing delay.o(.ARM.exidx.text.delay_us), (8 bytes).
    Removing delay.o(.ARM.exidx.text.delay_ms), (8 bytes).
    Removing delay.o(.text.SysTick_Init), (36 bytes).
    Removing delay.o(.ARM.exidx.text.SysTick_Init), (8 bytes).
    Removing delay.o(.ARM.exidx.text.SysTick_F4_Init), (8 bytes).
    Removing delay.o(.ARM.exidx.text.OUTLINED_FUNCTION_0), (8 bytes).
    Removing core_init.o(.text), (0 bytes).
    Removing core_init.o(.text.Core_F411_init), (92 bytes).
    Removing core_init.o(.ARM.exidx.text.Core_F411_init), (8 bytes).
    Removing core_init.o(.ARM.exidx.text.Core_F401_init_HSI), (8 bytes).
    Removing spi.o(.text), (0 bytes).
    Removing spi.o(.text.SPI_F411_init), (44 bytes).
    Removing spi.o(.ARM.exidx.text.SPI_F411_init), (8 bytes).
    Removing spi.o(.ARM.exidx.text.SPI_F4_init), (8 bytes).
    Removing nokia_5110_lcd.o(.text), (0 bytes).
    Removing nokia_5110_lcd.o(.ARM.exidx.text.Nokia_5110_init), (8 bytes).
    Removing nokia_5110_lcd.o(.ARM.exidx.text.Nokia_5110_send_command), (8 bytes).
    Removing nokia_5110_lcd.o(.ARM.exidx.text.Nokia_5110_clear_LCD), (8 bytes).
    Removing nokia_5110_lcd.o(.ARM.exidx.text.Nokia_5110_send_data), (8 bytes).
    Removing nokia_5110_lcd.o(.ARM.exidx.text.Nokia_5110_LCD_Out), (8 bytes).
    Removing nokia_5110_lcd.o(.ARM.exidx.text.Nokia_5110_dot), (8 bytes).
    Removing nokia_5110_lcd.o(.ARM.exidx.text.Nokia_5110_no_dot), (8 bytes).
    Removing nokia_5110_lcd.o(.ARM.exidx.text.Nokia_5110_String), (8 bytes).
    Removing nokia_5110_lcd.o(.ARM.exidx.text.Nokia_5110_clr_screen_buf), (8 bytes).
    Removing nokia_5110_lcd.o(.ARM.exidx.text.Nokia_5110_Vertical_line), (8 bytes).
    Removing nokia_5110_lcd.o(.ARM.exidx.text.Nokia_5110_Horizontal_line), (8 bytes).
    Removing nokia_5110_lcd.o(.ARM.exidx.text.OUTLINED_FUNCTION_0), (8 bytes).
    Removing nokia_5110_lcd.o(.ARM.exidx.text.OUTLINED_FUNCTION_1), (8 bytes).
    Removing font_table.o(.text), (0 bytes).
    Removing font_table.o(.rodata.D_0), (8 bytes).
    Removing font_table.o(.rodata.D_1), (8 bytes).
    Removing font_table.o(.rodata.D_2), (8 bytes).
    Removing font_table.o(.rodata.D_3), (8 bytes).
    Removing font_table.o(.rodata.D_4), (8 bytes).
    Removing font_table.o(.rodata.D_5), (8 bytes).
    Removing font_table.o(.rodata.D_6), (8 bytes).
    Removing font_table.o(.rodata.D_7), (8 bytes).
    Removing font_table.o(.rodata.D_8), (8 bytes).
    Removing font_table.o(.rodata.D_9), (8 bytes).
    Removing font_table.o(.rodata.font_10x16), (5120 bytes).
    Removing adc.o(.text), (0 bytes).
    Removing adc.o(.ARM.exidx.text.ADC_F4_init_via_DMA), (8 bytes).
    Removing adc.o(.text.ADC1_F411_Init), (84 bytes).
    Removing adc.o(.ARM.exidx.text.ADC1_F411_Init), (8 bytes).
    Removing adc.o(.ARM.exidx.text.ADC_IRQHandler), (8 bytes).
    Removing adc.o(.ARM.exidx.text.DMA_F4_ADC_init), (8 bytes).
    Removing adc.o(.ARM.exidx.text.DMA2_Stream0_IRQHandler_User), (8 bytes).
    Removing adc.o(.ARM.exidx.text.OUTLINED_FUNCTION_0), (8 bytes).
    Removing adc.o(.ARM.exidx.text.OUTLINED_FUNCTION_1), (8 bytes).
    Removing adc.o(.ARM.exidx.text.OUTLINED_FUNCTION_2), (8 bytes).
    Removing dma.o(.text), (0 bytes).
    Removing dma.o(.ARM.exidx.text.DMA_F4_init), (8 bytes).
    Removing dma.o(.text.DMA_F4_param_init), (308 bytes).
    Removing dma.o(.ARM.exidx.text.DMA_F4_param_init), (8 bytes).
    Removing dma.o(.ARM.exidx.text.DMA2_Stream0_IRQHandler), (8 bytes).
    Removing dma.o(.bss.DMA_STM_F4), (32 bytes).
    Removing timer_f4.o(.text), (0 bytes).
    Removing timer_f4.o(.ARM.exidx.text.Timer1_F4_init), (8 bytes).
    Removing timer_f4.o(.ARM.exidx.text.TIM1_UP_TIM10_IRQHandler), (8 bytes).
    Removing timer_f4.o(.ARM.exidx.text.Timer2_F4_init), (8 bytes).
    Removing timer_f4.o(.ARM.exidx.text.TIM2_IRQHandler), (8 bytes).
    Removing timer_f4.o(.ARM.exidx.text.OUTLINED_FUNCTION_0), (8 bytes).
    Removing system_stm32f4xx.o(.text), (0 bytes).
    Removing system_stm32f4xx.o(.ARM.exidx.text.SystemInit), (8 bytes).
    Removing system_stm32f4xx.o(.text.SystemCoreClockUpdate), (108 bytes).
    Removing system_stm32f4xx.o(.ARM.exidx.text.SystemCoreClockUpdate), (8 bytes).
    Removing system_stm32f4xx.o(.data.SystemCoreClock), (4 bytes).
    Removing system_stm32f4xx.o(.rodata.AHBPrescTable), (16 bytes).
    Removing system_stm32f4xx.o(.rodata.APBPrescTable), (8 bytes).

87 unused section(s) (total 6380 bytes) removed from the image.

==============================================================================

Image Symbol Table

    Local Symbols

    Symbol Name                              Value     Ov Type        Size  Object(Section)

    ../clib/angel/boardlib.s                 0x00000000   Number         0  boardinit1.o ABSOLUTE
    ../clib/angel/boardlib.s                 0x00000000   Number         0  boardinit2.o ABSOLUTE
    ../clib/angel/boardlib.s                 0x00000000   Number         0  boardinit3.o ABSOLUTE
    ../clib/angel/boardlib.s                 0x00000000   Number         0  boardshut.o ABSOLUTE
    ../clib/angel/handlers.s                 0x00000000   Number         0  __scatter_copy.o ABSOLUTE
    ../clib/angel/handlers.s                 0x00000000   Number         0  __scatter_zi.o ABSOLUTE
    ../clib/angel/kernel.s                   0x00000000   Number         0  __rtentry.o ABSOLUTE
    ../clib/angel/kernel.s                   0x00000000   Number         0  __rtentry2.o ABSOLUTE
    ../clib/angel/kernel.s                   0x00000000   Number         0  __rtentry4.o ABSOLUTE
    ../clib/angel/kernel.s                   0x00000000   Number         0  rtexit.o ABSOLUTE
    ../clib/angel/kernel.s                   0x00000000   Number         0  rtexit2.o ABSOLUTE
    ../clib/angel/rt.s                       0x00000000   Number         0  rt_raise.o ABSOLUTE
    ../clib/angel/scatter.s                  0x00000000   Number         0  __scatter.o ABSOLUTE
    ../clib/angel/startup.s                  0x00000000   Number         0  __main.o ABSOLUTE
    ../clib/angel/sys.s                      0x00000000   Number         0  sys_stackheap_outer.o ABSOLUTE
    ../clib/angel/sys.s                      0x00000000   Number         0  libspace.o ABSOLUTE
    ../clib/angel/sys.s                      0x00000000   Number         0  use_no_semi.o ABSOLUTE
    ../clib/angel/sys.s                      0x00000000   Number         0  indicate_semi.o ABSOLUTE
    ../clib/angel/sysapp.c                   0x00000000   Number         0  sys_exit.o ABSOLUTE
    ../clib/angel/sysapp.c                   0x00000000   Number         0  sys_exit_hlt.o ABSOLUTE
    ../clib/angel/sysapp.c                   0x00000000   Number         0  sys_command.o ABSOLUTE
    ../clib/angel/sysapp.c                   0x00000000   Number         0  sys_command_hlt.o ABSOLUTE
    ../clib/angel/sysapp.c                   0x00000000   Number         0  sys_wrch.o ABSOLUTE
    ../clib/angel/sysapp.c                   0x00000000   Number         0  sys_wrch_hlt.o ABSOLUTE
    ../clib/armsys.c                         0x00000000   Number         0  argv_veneer.o ABSOLUTE
    ../clib/armsys.c                         0x00000000   Number         0  argv_veneer.o ABSOLUTE
    ../clib/armsys.c                         0x00000000   Number         0  _get_argv_nomalloc.o ABSOLUTE
    ../clib/armsys.c                         0x00000000   Number         0  no_argv.o ABSOLUTE
    ../clib/heapalloc.c                      0x00000000   Number         0  hrguard.o ABSOLUTE
    ../clib/heapaux.c                        0x00000000   Number         0  heapauxi.o ABSOLUTE
    ../clib/libinit.s                        0x00000000   Number         0  libinit.o ABSOLUTE
    ../clib/libinit.s                        0x00000000   Number         0  libinit2.o ABSOLUTE
    ../clib/libinit.s                        0x00000000   Number         0  libshutdown.o ABSOLUTE
    ../clib/libinit.s                        0x00000000   Number         0  libshutdown2.o ABSOLUTE
    ../clib/misc.s                           0x00000000   Number         0  printf_stubs.o ABSOLUTE
    ../clib/printf.c                         0x00000000   Number         0  __2sprintf.o ABSOLUTE
    ../clib/printf.c                         0x00000000   Number         0  noretval__2sprintf.o ABSOLUTE
    ../clib/printf.c                         0x00000000   Number         0  __printf.o ABSOLUTE
    ../clib/printf.c                         0x00000000   Number         0  _printf_pad.o ABSOLUTE
    ../clib/printf.c                         0x00000000   Number         0  _printf_dec.o ABSOLUTE
    ../clib/printf.c                         0x00000000   Number         0  __printf_flags.o ABSOLUTE
    ../clib/printf.c                         0x00000000   Number         0  __printf_ss.o ABSOLUTE
    ../clib/printf.c                         0x00000000   Number         0  __printf_flags_ss.o ABSOLUTE
    ../clib/printf.c                         0x00000000   Number         0  __printf_wp.o ABSOLUTE
    ../clib/printf.c                         0x00000000   Number         0  __printf_flags_wp.o ABSOLUTE
    ../clib/printf.c                         0x00000000   Number         0  __printf_ss_wp.o ABSOLUTE
    ../clib/printf.c                         0x00000000   Number         0  __printf_flags_ss_wp.o ABSOLUTE
    ../clib/printf.c                         0x00000000   Number         0  _printf_intcommon.o ABSOLUTE
    ../clib/printf.c                         0x00000000   Number         0  _printf_char_common.o ABSOLUTE
    ../clib/printf.c                         0x00000000   Number         0  _sputc.o ABSOLUTE
    ../clib/printf.c                         0x00000000   Number         0  __printf_nopercent.o ABSOLUTE
    ../clib/printf_percent.s                 0x00000000   Number         0  _printf_d.o ABSOLUTE
    ../clib/printf_percent.s                 0x00000000   Number         0  _printf_percent.o ABSOLUTE
    ../clib/printf_percent.s                 0x00000000   Number         0  _printf_percent_end.o ABSOLUTE
    ../clib/signal.c                         0x00000000   Number         0  defsig_rtmem_outer.o ABSOLUTE
    ../clib/signal.c                         0x00000000   Number         0  defsig_rtmem_formal.o ABSOLUTE
    ../clib/signal.c                         0x00000000   Number         0  defsig_exit.o ABSOLUTE
    ../clib/signal.c                         0x00000000   Number         0  defsig_rtmem_inner.o ABSOLUTE
    ../clib/signal.c                         0x00000000   Number         0  __raise.o ABSOLUTE
    ../clib/signal.c                         0x00000000   Number         0  defsig_general.o ABSOLUTE
    ../clib/signal.c                         0x00000000   Number         0  defsig_abrt_inner.o ABSOLUTE
    ../clib/signal.c                         0x00000000   Number         0  defsig_fpe_inner.o ABSOLUTE
    ../clib/signal.c                         0x00000000   Number         0  defsig_rtred_inner.o ABSOLUTE
    ../clib/signal.c                         0x00000000   Number         0  defsig_stak_inner.o ABSOLUTE
    ../clib/signal.c                         0x00000000   Number         0  defsig_pvfn_inner.o ABSOLUTE
    ../clib/signal.c                         0x00000000   Number         0  defsig_cppl_inner.o ABSOLUTE
    ../clib/signal.c                         0x00000000   Number         0  defsig_segv_inner.o ABSOLUTE
    ../clib/signal.c                         0x00000000   Number         0  defsig_other.o ABSOLUTE
    ../clib/signal.s                         0x00000000   Number         0  defsig.o ABSOLUTE
    ../clib/stdlib.c                         0x00000000   Number         0  exit.o ABSOLUTE
    ../fplib/fpinit.s                        0x00000000   Number         0  fpinit.o ABSOLUTE
    ADC.c                                    0x00000000   Number         0  adc.o ABSOLUTE
    Config.c                                 0x00000000   Number         0  config.o ABSOLUTE
    Core_init.c                              0x00000000   Number         0  core_init.o ABSOLUTE
    DMA.c                                    0x00000000   Number         0  dma.o ABSOLUTE
    Delay.c                                  0x00000000   Number         0  delay.o ABSOLUTE
    Font_table.c                             0x00000000   Number         0  font_table.o ABSOLUTE
    GPIO_setup.c                             0x00000000   Number         0  gpio_setup.o ABSOLUTE
    Game.c                                   0x00000000   Number         0  game.o ABSOLUTE
    Nokia_5110_LCD.c                         0x00000000   Number         0  nokia_5110_lcd.o ABSOLUTE
    RTE/Device/STM32F401RETx/startup_stm32f401xe.s 0x00000000   Number         0  startup_stm32f401xe.o ABSOLUTE
    SPI.c                                    0x00000000   Number         0  spi.o ABSOLUTE
    Timer_F4.c                               0x00000000   Number         0  timer_f4.o ABSOLUTE
    dc.s                                     0x00000000   Number         0  dc.o ABSOLUTE
    main.c                                   0x00000000   Number         0  main.o ABSOLUTE
    system_stm32f4xx.c                       0x00000000   Number         0  system_stm32f4xx.o ABSOLUTE
    RESET                                    0x08000000   Section      404  startup_stm32f401xe.o(RESET)
    !!!main                                  0x08000194   Section        8  __main.o(!!!main)
    !!!scatter                               0x0800019c   Section       52  __scatter.o(!!!scatter)
    !!handler_copy                           0x080001d0   Section       26  __scatter_copy.o(!!handler_copy)
    !!handler_zi                             0x080001ec   Section       28  __scatter_zi.o(!!handler_zi)
    .ARM.Collect$$_printf_percent$$00000000  0x08000208   Section        0  _printf_percent.o(.ARM.Collect$$_printf_percent$$00000000)
    .ARM.Collect$$_printf_percent$$00000009  0x08000208   Section        6  _printf_d.o(.ARM.Collect$$_printf_percent$$00000009)
    .ARM.Collect$$_printf_percent$$00000017  0x0800020e   Section        4  _printf_percent_end.o(.ARM.Collect$$_printf_percent$$00000017)
    .ARM.Collect$$libinit$$00000000          0x08000212   Section        2  libinit.o(.ARM.Collect$$libinit$$00000000)
    .ARM.Collect$$libinit$$00000001          0x08000214   Section        4  libinit2.o(.ARM.Collect$$libinit$$00000001)
    .ARM.Collect$$libinit$$00000004          0x08000218   Section        0  libinit2.o(.ARM.Collect$$libinit$$00000004)
    .ARM.Collect$$libinit$$00000006          0x08000218   Section        0  libinit2.o(.ARM.Collect$$libinit$$00000006)
    .ARM.Collect$$libinit$$0000000C          0x08000218   Section        0  libinit2.o(.ARM.Collect$$libinit$$0000000C)
    .ARM.Collect$$libinit$$0000000E          0x08000218   Section        0  libinit2.o(.ARM.Collect$$libinit$$0000000E)
    .ARM.Collect$$libinit$$00000010          0x08000218   Section        0  libinit2.o(.ARM.Collect$$libinit$$00000010)
    .ARM.Collect$$libinit$$00000013          0x08000218   Section        0  libinit2.o(.ARM.Collect$$libinit$$00000013)
    .ARM.Collect$$libinit$$00000015          0x08000218   Section        0  libinit2.o(.ARM.Collect$$libinit$$00000015)
    .ARM.Collect$$libinit$$00000017          0x08000218   Section        0  libinit2.o(.ARM.Collect$$libinit$$00000017)
    .ARM.Collect$$libinit$$00000019          0x08000218   Section        0  libinit2.o(.ARM.Collect$$libinit$$00000019)
    .ARM.Collect$$libinit$$0000001B          0x08000218   Section        0  libinit2.o(.ARM.Collect$$libinit$$0000001B)
    .ARM.Collect$$libinit$$0000001D          0x08000218   Section        0  libinit2.o(.ARM.Collect$$libinit$$0000001D)
    .ARM.Collect$$libinit$$0000001F          0x08000218   Section        0  libinit2.o(.ARM.Collect$$libinit$$0000001F)
    .ARM.Collect$$libinit$$00000021          0x08000218   Section        0  libinit2.o(.ARM.Collect$$libinit$$00000021)
    .ARM.Collect$$libinit$$00000023          0x08000218   Section        0  libinit2.o(.ARM.Collect$$libinit$$00000023)
    .ARM.Collect$$libinit$$00000025          0x08000218   Section        0  libinit2.o(.ARM.Collect$$libinit$$00000025)
    .ARM.Collect$$libinit$$00000027          0x08000218   Section        0  libinit2.o(.ARM.Collect$$libinit$$00000027)
    .ARM.Collect$$libinit$$0000002E          0x08000218   Section        0  libinit2.o(.ARM.Collect$$libinit$$0000002E)
    .ARM.Collect$$libinit$$00000030          0x08000218   Section        0  libinit2.o(.ARM.Collect$$libinit$$00000030)
    .ARM.Collect$$libinit$$00000032          0x08000218   Section        0  libinit2.o(.ARM.Collect$$libinit$$00000032)
    .ARM.Collect$$libinit$$00000034          0x08000218   Section        0  libinit2.o(.ARM.Collect$$libinit$$00000034)
    .ARM.Collect$$libinit$$00000035          0x08000218   Section        2  libinit2.o(.ARM.Collect$$libinit$$00000035)
    .ARM.Collect$$libshutdown$$00000000      0x0800021a   Section        2  libshutdown.o(.ARM.Collect$$libshutdown$$00000000)
    .ARM.Collect$$libshutdown$$00000002      0x0800021c   Section        0  libshutdown2.o(.ARM.Collect$$libshutdown$$00000002)
    .ARM.Collect$$libshutdown$$00000004      0x0800021c   Section        0  libshutdown2.o(.ARM.Collect$$libshutdown$$00000004)
    .ARM.Collect$$libshutdown$$00000007      0x0800021c   Section        0  libshutdown2.o(.ARM.Collect$$libshutdown$$00000007)
    .ARM.Collect$$libshutdown$$0000000A      0x0800021c   Section        0  libshutdown2.o(.ARM.Collect$$libshutdown$$0000000A)
    .ARM.Collect$$libshutdown$$0000000C      0x0800021c   Section        0  libshutdown2.o(.ARM.Collect$$libshutdown$$0000000C)
    .ARM.Collect$$libshutdown$$0000000F      0x0800021c   Section        0  libshutdown2.o(.ARM.Collect$$libshutdown$$0000000F)
    .ARM.Collect$$libshutdown$$00000010      0x0800021c   Section        2  libshutdown2.o(.ARM.Collect$$libshutdown$$00000010)
    .ARM.Collect$$rtentry$$00000000          0x0800021e   Section        0  __rtentry.o(.ARM.Collect$$rtentry$$00000000)
    .ARM.Collect$$rtentry$$00000002          0x0800021e   Section        0  __rtentry2.o(.ARM.Collect$$rtentry$$00000002)
    .ARM.Collect$$rtentry$$00000004          0x0800021e   Section        6  __rtentry4.o(.ARM.Collect$$rtentry$$00000004)
    .ARM.Collect$$rtentry$$00000009          0x08000224   Section        0  __rtentry2.o(.ARM.Collect$$rtentry$$00000009)
    .ARM.Collect$$rtentry$$0000000A          0x08000224   Section        4  __rtentry2.o(.ARM.Collect$$rtentry$$0000000A)
    .ARM.Collect$$rtentry$$0000000C          0x08000228   Section        0  __rtentry2.o(.ARM.Collect$$rtentry$$0000000C)
    .ARM.Collect$$rtentry$$0000000D          0x08000228   Section        8  __rtentry2.o(.ARM.Collect$$rtentry$$0000000D)
    .ARM.Collect$$rtexit$$00000000           0x08000230   Section        2  rtexit.o(.ARM.Collect$$rtexit$$00000000)
    .ARM.Collect$$rtexit$$00000002           0x08000232   Section        0  rtexit2.o(.ARM.Collect$$rtexit$$00000002)
    .ARM.Collect$$rtexit$$00000003           0x08000232   Section        4  rtexit2.o(.ARM.Collect$$rtexit$$00000003)
    .ARM.Collect$$rtexit$$00000004           0x08000236   Section        6  rtexit2.o(.ARM.Collect$$rtexit$$00000004)
    $v0                                      0x0800023c   Number         0  startup_stm32f401xe.o(.text)
    .text                                    0x0800023c   Section       64  startup_stm32f401xe.o(.text)
    .text                                    0x0800027c   Section        0  noretval__2sprintf.o(.text)
    .text                                    0x080002a4   Section        0  _printf_pad.o(.text)
    .text                                    0x080002f4   Section        0  _printf_dec.o(.text)
    .text                                    0x0800036c   Section        0  __printf_flags_wp.o(.text)
    .text                                    0x080004a4   Section        0  heapauxi.o(.text)
    .text                                    0x080004aa   Section        0  _printf_intcommon.o(.text)
    _printf_input_char                       0x0800055d   Thumb Code    10  _printf_char_common.o(.text)
    .text                                    0x0800055c   Section        0  _printf_char_common.o(.text)
    .text                                    0x0800058c   Section        0  _sputc.o(.text)
    .text                                    0x08000596   Section       74  sys_stackheap_outer.o(.text)
    .text                                    0x080005e0   Section        0  exit.o(.text)
    .text                                    0x080005f4   Section        8  libspace.o(.text)
    .text                                    0x080005fc   Section        0  sys_exit.o(.text)
    .text                                    0x08000608   Section        2  use_no_semi.o(.text)
    .text                                    0x0800060a   Section        0  indicate_semi.o(.text)
    [Anonymous Symbol]                       0x0800060c   Section        0  adc.o(.text.ADC_F4_init_via_DMA)
    __arm_cp.0_0                             0x080008b8   Number         4  adc.o(.text.ADC_F4_init_via_DMA)
    __arm_cp.0_1                             0x080008bc   Number         4  adc.o(.text.ADC_F4_init_via_DMA)
    __arm_cp.0_3                             0x080008c0   Number         4  adc.o(.text.ADC_F4_init_via_DMA)
    [Anonymous Symbol]                       0x080008c4   Section        0  adc.o(.text.ADC_IRQHandler)
    [Anonymous Symbol]                       0x080008c8   Section        0  core_init.o(.text.Core_F401_init_HSI)
    __arm_cp.1_0                             0x08000940   Number         4  core_init.o(.text.Core_F401_init_HSI)
    [Anonymous Symbol]                       0x08000944   Section        0  dma.o(.text.DMA2_Stream0_IRQHandler)
    __arm_cp.2_0                             0x08000968   Number         4  dma.o(.text.DMA2_Stream0_IRQHandler)
    [Anonymous Symbol]                       0x0800096c   Section        0  adc.o(.text.DMA2_Stream0_IRQHandler_User)
    __arm_cp.4_0                             0x080009c8   Number         4  adc.o(.text.DMA2_Stream0_IRQHandler_User)
    __arm_cp.4_1                             0x080009cc   Number         4  adc.o(.text.DMA2_Stream0_IRQHandler_User)
    __arm_cp.4_3                             0x080009d0   Number         4  adc.o(.text.DMA2_Stream0_IRQHandler_User)
    [Anonymous Symbol]                       0x080009d4   Section        0  adc.o(.text.DMA_F4_ADC_init)
    __arm_cp.3_0                             0x08000a6c   Number         4  adc.o(.text.DMA_F4_ADC_init)
    __arm_cp.3_1                             0x08000a70   Number         4  adc.o(.text.DMA_F4_ADC_init)
    __arm_cp.3_2                             0x08000a74   Number         4  adc.o(.text.DMA_F4_ADC_init)
    __arm_cp.3_3                             0x08000a78   Number         4  adc.o(.text.DMA_F4_ADC_init)
    [Anonymous Symbol]                       0x08000a7c   Section        0  dma.o(.text.DMA_F4_init)
    __arm_cp.0_0                             0x08000a88   Number         4  dma.o(.text.DMA_F4_init)
    [Anonymous Symbol]                       0x08000a8c   Section        0  gpio_setup.o(.text.GPIO_Alternate)
    [Anonymous Symbol]                       0x08000ada   Section        0  gpio_setup.o(.text.GPIO_Analog_setup)
    [Anonymous Symbol]                       0x08000aea   Section        0  gpio_setup.o(.text.GPIO_DI_setup)
    [Anonymous Symbol]                       0x08000b06   Section        0  gpio_setup.o(.text.GPIO_DO_setup)
    [Anonymous Symbol]                       0x08000b20   Section        0  game.o(.text.Game_Car)
    __arm_cp.1_0                             0x08000cb4   Number         4  game.o(.text.Game_Car)
    __arm_cp.1_1                             0x08000cb8   Number         4  game.o(.text.Game_Car)
    __arm_cp.1_2                             0x08000cbc   Number         4  game.o(.text.Game_Car)
    __arm_cp.1_3                             0x08000cc0   Number         4  game.o(.text.Game_Car)
    __arm_cp.1_5                             0x08000ccc   Number         4  game.o(.text.Game_Car)
    [Anonymous Symbol]                       0x08000ce0   Section        0  game.o(.text.Game_Car_model)
    __arm_cp.0_0                             0x08000dbc   Number         4  game.o(.text.Game_Car_model)
    __arm_cp.0_1                             0x08000dc0   Number         4  game.o(.text.Game_Car_model)
    [Anonymous Symbol]                       0x08000dc4   Section        0  nokia_5110_lcd.o(.text.Nokia_5110_Horizontal_line)
    [Anonymous Symbol]                       0x08000de4   Section        0  nokia_5110_lcd.o(.text.Nokia_5110_LCD_Out)
    [Anonymous Symbol]                       0x08000e1c   Section        0  nokia_5110_lcd.o(.text.Nokia_5110_String)
    __arm_cp.7_0                             0x08000e88   Number         4  nokia_5110_lcd.o(.text.Nokia_5110_String)
    [Anonymous Symbol]                       0x08000e8c   Section        0  nokia_5110_lcd.o(.text.Nokia_5110_Vertical_line)
    [Anonymous Symbol]                       0x08000eae   Section        0  nokia_5110_lcd.o(.text.Nokia_5110_clear_LCD)
    [Anonymous Symbol]                       0x08000ed0   Section        0  nokia_5110_lcd.o(.text.Nokia_5110_clr_screen_buf)
    [Anonymous Symbol]                       0x08000ee4   Section        0  nokia_5110_lcd.o(.text.Nokia_5110_dot)
    [Anonymous Symbol]                       0x08000f00   Section        0  nokia_5110_lcd.o(.text.Nokia_5110_init)
    __arm_cp.0_1                             0x08000f50   Number         4  nokia_5110_lcd.o(.text.Nokia_5110_init)
    [Anonymous Symbol]                       0x08000f54   Section        0  nokia_5110_lcd.o(.text.Nokia_5110_no_dot)
    __arm_cp.6_0                             0x08000f74   Number         4  nokia_5110_lcd.o(.text.Nokia_5110_no_dot)
    [Anonymous Symbol]                       0x08000f78   Section        0  nokia_5110_lcd.o(.text.Nokia_5110_send_command)
    [Anonymous Symbol]                       0x08000fa8   Section        0  nokia_5110_lcd.o(.text.Nokia_5110_send_data)
    __arm_cp.3_0                             0x08000fd8   Number         4  nokia_5110_lcd.o(.text.Nokia_5110_send_data)
    __arm_cp.3_1                             0x08000fdc   Number         4  nokia_5110_lcd.o(.text.Nokia_5110_send_data)
    __arm_cp.3_2                             0x08000fe0   Number         4  nokia_5110_lcd.o(.text.Nokia_5110_send_data)
    OUTLINED_FUNCTION_0                      0x08000fe5   Thumb Code     6  game.o(.text.OUTLINED_FUNCTION_0)
    [Anonymous Symbol]                       0x08000fe4   Section        0  game.o(.text.OUTLINED_FUNCTION_0)
    OUTLINED_FUNCTION_0                      0x08000feb   Thumb Code    10  delay.o(.text.OUTLINED_FUNCTION_0)
    [Anonymous Symbol]                       0x08000fea   Section        0  delay.o(.text.OUTLINED_FUNCTION_0)
    OUTLINED_FUNCTION_0                      0x08000ff5   Thumb Code    22  nokia_5110_lcd.o(.text.OUTLINED_FUNCTION_0)
    [Anonymous Symbol]                       0x08000ff4   Section        0  nokia_5110_lcd.o(.text.OUTLINED_FUNCTION_0)
    OUTLINED_FUNCTION_0                      0x0800100b   Thumb Code    34  adc.o(.text.OUTLINED_FUNCTION_0)
    [Anonymous Symbol]                       0x0800100a   Section        0  adc.o(.text.OUTLINED_FUNCTION_0)
    OUTLINED_FUNCTION_0                      0x0800102d   Thumb Code    18  timer_f4.o(.text.OUTLINED_FUNCTION_0)
    [Anonymous Symbol]                       0x0800102c   Section        0  timer_f4.o(.text.OUTLINED_FUNCTION_0)
    OUTLINED_FUNCTION_1                      0x0800103f   Thumb Code    10  game.o(.text.OUTLINED_FUNCTION_1)
    [Anonymous Symbol]                       0x0800103e   Section        0  game.o(.text.OUTLINED_FUNCTION_1)
    OUTLINED_FUNCTION_1                      0x08001049   Thumb Code    10  nokia_5110_lcd.o(.text.OUTLINED_FUNCTION_1)
    [Anonymous Symbol]                       0x08001048   Section        0  nokia_5110_lcd.o(.text.OUTLINED_FUNCTION_1)
    OUTLINED_FUNCTION_1                      0x08001053   Thumb Code    18  adc.o(.text.OUTLINED_FUNCTION_1)
    [Anonymous Symbol]                       0x08001052   Section        0  adc.o(.text.OUTLINED_FUNCTION_1)
    OUTLINED_FUNCTION_2                      0x08001065   Thumb Code     6  game.o(.text.OUTLINED_FUNCTION_2)
    [Anonymous Symbol]                       0x08001064   Section        0  game.o(.text.OUTLINED_FUNCTION_2)
    OUTLINED_FUNCTION_2                      0x0800106b   Thumb Code    18  adc.o(.text.OUTLINED_FUNCTION_2)
    [Anonymous Symbol]                       0x0800106a   Section        0  adc.o(.text.OUTLINED_FUNCTION_2)
    [Anonymous Symbol]                       0x0800107c   Section        0  spi.o(.text.SPI_F4_init)
    __arm_cp.1_1                             0x080010a4   Number         4  spi.o(.text.SPI_F4_init)
    [Anonymous Symbol]                       0x080010a8   Section        0  delay.o(.text.SysTick_F4_Init)
    [Anonymous Symbol]                       0x080010c4   Section        0  delay.o(.text.SysTick_Handler)
    [Anonymous Symbol]                       0x080010d4   Section        0  system_stm32f4xx.o(.text.SystemInit)
    __arm_cp.0_0                             0x080010e0   Number         4  system_stm32f4xx.o(.text.SystemInit)
    [Anonymous Symbol]                       0x080010e4   Section        0  timer_f4.o(.text.TIM1_UP_TIM10_IRQHandler)
    __arm_cp.1_0                             0x0800115c   Number         4  timer_f4.o(.text.TIM1_UP_TIM10_IRQHandler)
    __arm_cp.1_1                             0x08001160   Number         4  timer_f4.o(.text.TIM1_UP_TIM10_IRQHandler)
    [Anonymous Symbol]                       0x08001164   Section        0  timer_f4.o(.text.TIM2_IRQHandler)
    __arm_cp.3_0                             0x08001184   Number         4  timer_f4.o(.text.TIM2_IRQHandler)
    __arm_cp.3_1                             0x08001188   Number         4  timer_f4.o(.text.TIM2_IRQHandler)
    [Anonymous Symbol]                       0x0800118c   Section        0  timer_f4.o(.text.Timer1_F4_init)
    __arm_cp.0_0                             0x080011c4   Number         4  timer_f4.o(.text.Timer1_F4_init)
    __arm_cp.0_1                             0x080011c8   Number         4  timer_f4.o(.text.Timer1_F4_init)
    [Anonymous Symbol]                       0x080011cc   Section        0  timer_f4.o(.text.Timer2_F4_init)
    __arm_cp.2_0                             0x08001200   Number         4  timer_f4.o(.text.Timer2_F4_init)
    __arm_cp.2_1                             0x08001204   Number         4  timer_f4.o(.text.Timer2_F4_init)
    __arm_cp.2_2                             0x08001208   Number         4  timer_f4.o(.text.Timer2_F4_init)
    [Anonymous Symbol]                       0x0800120c   Section        0  delay.o(.text.delay_ms)
    __arm_cp.2_0                             0x0800122c   Number         4  delay.o(.text.delay_ms)
    __arm_cp.2_1                             0x08001230   Number         4  delay.o(.text.delay_ms)
    [Anonymous Symbol]                       0x08001234   Section        0  main.o(.text.main)
    __arm_cp.0_0                             0x080013b0   Number         4  main.o(.text.main)
    __arm_cp.0_1                             0x080013b4   Number         4  main.o(.text.main)
    __arm_cp.0_2                             0x080013b8   Number         4  main.o(.text.main)
    __arm_cp.0_3                             0x080013bc   Number         4  main.o(.text.main)
    __arm_cp.0_4                             0x080013c0   Number         4  main.o(.text.main)
    __arm_cp.0_5                             0x080013c4   Number         4  main.o(.text.main)
    __arm_cp.0_6                             0x080013c8   Number         4  main.o(.text.main)
    __arm_cp.0_7                             0x080013cc   Number         4  main.o(.text.main)
    __arm_cp.0_8                             0x080013d0   Number         4  main.o(.text.main)
    __arm_cp.0_9                             0x080013d4   Number         4  main.o(.text.main)
    __arm_cp.0_10                            0x080013d8   Number         4  main.o(.text.main)
    i._is_digit                              0x080013dc   Section        0  __printf_wp.o(i._is_digit)
    $v0                                      0x080013ea   Number         0  fpinit.o(x$fpl$fpinit)
    x$fpl$fpinit                             0x080013ea   Section       26  fpinit.o(x$fpl$fpinit)
    maptable                                 0x08001404   Data          17  __printf_flags_wp.o(.constdata)
    .constdata                               0x08001404   Section       17  __printf_flags_wp.o(.constdata)
    min                                      0x20000000   Data           4  game.o(.data.min)
    [Anonymous Symbol]                       0x20000000   Section        0  game.o(.data.min)
    .bss                                     0x20000008   Section       96  libspace.o(.bss)
    Line_delay                               0x20000068   Data           1  game.o(.bss..L_MergedGlobals)
    [Anonymous Symbol]                       0x20000068   Section        0  game.o(.bss..L_MergedGlobals)
    Line_Y1                                  0x20000069   Data           1  game.o(.bss..L_MergedGlobals)
    Line_X1                                  0x2000006a   Data           1  game.o(.bss..L_MergedGlobals)
    Line_Y2                                  0x2000006b   Data           1  game.o(.bss..L_MergedGlobals)
    Line_X2                                  0x2000006c   Data           1  game.o(.bss..L_MergedGlobals)
    Line_Y3                                  0x2000006d   Data           1  game.o(.bss..L_MergedGlobals)
    Line_X3                                  0x2000006e   Data           1  game.o(.bss..L_MergedGlobals)
    Line_Y4                                  0x2000006f   Data           1  game.o(.bss..L_MergedGlobals)
    Line_X4                                  0x20000070   Data           1  game.o(.bss..L_MergedGlobals)
    Line_Y5                                  0x20000071   Data           1  game.o(.bss..L_MergedGlobals)
    Line_X5                                  0x20000072   Data           1  game.o(.bss..L_MergedGlobals)
    Line_Y6                                  0x20000073   Data           1  game.o(.bss..L_MergedGlobals)
    Line_X6                                  0x20000074   Data           1  game.o(.bss..L_MergedGlobals)
    temp                                     0x20000078   Data           4  game.o(.bss..L_MergedGlobals)
    max                                      0x2000007c   Data           4  game.o(.bss..L_MergedGlobals)
    String                                   0x20000080   Data         100  game.o(.bss..L_MergedGlobals)
    [Anonymous Symbol]                       0x200000e4   Section        0  adc.o(.bss..L_MergedGlobals)
    ADC_DMA_val                              0x20000104   Data          34  adc.o(.bss..L_MergedGlobals)
    [Anonymous Symbol]                       0x20000128   Section        0  timer_f4.o(.bss..L_MergedGlobals)
    count                                    0x200003d4   Data           4  delay.o(.bss.count)
    [Anonymous Symbol]                       0x200003d4   Section        0  delay.o(.bss.count)
    Heap_Mem                                 0x200003d8   Data         512  startup_stm32f401xe.o(HEAP)
    HEAP                                     0x200003d8   Section      512  startup_stm32f401xe.o(HEAP)
    Stack_Mem                                0x200005d8   Data        1024  startup_stm32f401xe.o(STACK)
    STACK                                    0x200005d8   Section     1024  startup_stm32f401xe.o(STACK)
    __initial_sp                             0x200009d8   Data           0  startup_stm32f401xe.o(STACK)

    Global Symbols

    Symbol Name                              Value     Ov Type        Size  Object(Section)

    BuildAttributes$$THM_ISAv4$E$P$D$K$B$S$7EM$VFPi3$EXTD16$VFPS$VFMA$PE$A:L22UL41UL21$X:L11$S22US41US21$IEEE1$IW$~IW$USESV6$~STKCKD$USESV7$~SHL$OSPACE$ROPI$EBA8$UX$STANDARDLIB$REQ8$PRES8$EABIv2 0x00000000   Number         0  anon$$obj.o ABSOLUTE
    _printf_flags                            0x00000000   Number         0  printf_stubs.o ABSOLUTE
    _printf_return_value                     0x00000000   Number         0  printf_stubs.o ABSOLUTE
    _printf_sizespec                         0x00000000   Number         0  printf_stubs.o ABSOLUTE
    _printf_widthprec                        0x00000000   Number         0  printf_stubs.o ABSOLUTE
    __ARM_exceptions_init                     - Undefined Weak Reference
    __alloca_initialize                       - Undefined Weak Reference
    __arm_preinit_                            - Undefined Weak Reference
    __arm_relocate_pie_                       - Undefined Weak Reference
    __cpp_initialize__aeabi_                  - Undefined Weak Reference
    __cxa_finalize                            - Undefined Weak Reference
    __rt_locale                               - Undefined Weak Reference
    __sigvec_lookup                           - Undefined Weak Reference
    _atexit_init                              - Undefined Weak Reference
    _call_atexit_fns                          - Undefined Weak Reference
    _clock_init                               - Undefined Weak Reference
    _fp_trap_init                             - Undefined Weak Reference
    _fp_trap_shutdown                         - Undefined Weak Reference
    _get_lc_collate                           - Undefined Weak Reference
    _get_lc_ctype                             - Undefined Weak Reference
    _get_lc_monetary                          - Undefined Weak Reference
    _get_lc_numeric                           - Undefined Weak Reference
    _get_lc_time                              - Undefined Weak Reference
    _getenv_init                              - Undefined Weak Reference
    _handle_redirection                       - Undefined Weak Reference
    _init_alloc                               - Undefined Weak Reference
    _init_user_alloc                          - Undefined Weak Reference
    _initio                                   - Undefined Weak Reference
    _printf_truncate_signed                   - Undefined Weak Reference
    _printf_truncate_unsigned                 - Undefined Weak Reference
    _rand_init                                - Undefined Weak Reference
    _signal_finish                            - Undefined Weak Reference
    _signal_init                              - Undefined Weak Reference
    _terminate_alloc                          - Undefined Weak Reference
    _terminate_user_alloc                     - Undefined Weak Reference
    _terminateio                              - Undefined Weak Reference
    __Vectors_Size                           0x00000194   Number         0  startup_stm32f401xe.o ABSOLUTE
    __Vectors                                0x08000000   Data           4  startup_stm32f401xe.o(RESET)
    __Vectors_End                            0x08000194   Data           0  startup_stm32f401xe.o(RESET)
    __main                                   0x08000195   Thumb Code     8  __main.o(!!!main)
    __scatterload                            0x0800019d   Thumb Code     0  __scatter.o(!!!scatter)
    __scatterload_rt2                        0x0800019d   Thumb Code    44  __scatter.o(!!!scatter)
    __scatterload_rt2_thumb_only             0x0800019d   Thumb Code     0  __scatter.o(!!!scatter)
    __scatterload_null                       0x080001ab   Thumb Code     0  __scatter.o(!!!scatter)
    __scatterload_copy                       0x080001d1   Thumb Code    26  __scatter_copy.o(!!handler_copy)
    __scatterload_zeroinit                   0x080001ed   Thumb Code    28  __scatter_zi.o(!!handler_zi)
    _printf_d                                0x08000209   Thumb Code     0  _printf_d.o(.ARM.Collect$$_printf_percent$$00000009)
    _printf_percent                          0x08000209   Thumb Code     0  _printf_percent.o(.ARM.Collect$$_printf_percent$$00000000)
    _printf_percent_end                      0x0800020f   Thumb Code     0  _printf_percent_end.o(.ARM.Collect$$_printf_percent$$00000017)
    __rt_lib_init                            0x08000213   Thumb Code     0  libinit.o(.ARM.Collect$$libinit$$00000000)
    __rt_lib_init_fp_1                       0x08000215   Thumb Code     0  libinit2.o(.ARM.Collect$$libinit$$00000001)
    __rt_lib_init_alloca_1                   0x08000219   Thumb Code     0  libinit2.o(.ARM.Collect$$libinit$$00000030)
    __rt_lib_init_argv_1                     0x08000219   Thumb Code     0  libinit2.o(.ARM.Collect$$libinit$$0000002E)
    __rt_lib_init_atexit_1                   0x08000219   Thumb Code     0  libinit2.o(.ARM.Collect$$libinit$$0000001D)
    __rt_lib_init_clock_1                    0x08000219   Thumb Code     0  libinit2.o(.ARM.Collect$$libinit$$00000023)
    __rt_lib_init_cpp_1                      0x08000219   Thumb Code     0  libinit2.o(.ARM.Collect$$libinit$$00000034)
    __rt_lib_init_exceptions_1               0x08000219   Thumb Code     0  libinit2.o(.ARM.Collect$$libinit$$00000032)
    __rt_lib_init_fp_trap_1                  0x08000219   Thumb Code     0  libinit2.o(.ARM.Collect$$libinit$$00000021)
    __rt_lib_init_getenv_1                   0x08000219   Thumb Code     0  libinit2.o(.ARM.Collect$$libinit$$00000025)
    __rt_lib_init_heap_1                     0x08000219   Thumb Code     0  libinit2.o(.ARM.Collect$$libinit$$0000000C)
    __rt_lib_init_lc_collate_1               0x08000219   Thumb Code     0  libinit2.o(.ARM.Collect$$libinit$$00000013)
    __rt_lib_init_lc_ctype_1                 0x08000219   Thumb Code     0  libinit2.o(.ARM.Collect$$libinit$$00000015)
    __rt_lib_init_lc_monetary_1              0x08000219   Thumb Code     0  libinit2.o(.ARM.Collect$$libinit$$00000017)
    __rt_lib_init_lc_numeric_1               0x08000219   Thumb Code     0  libinit2.o(.ARM.Collect$$libinit$$00000019)
    __rt_lib_init_lc_time_1                  0x08000219   Thumb Code     0  libinit2.o(.ARM.Collect$$libinit$$0000001B)
    __rt_lib_init_preinit_1                  0x08000219   Thumb Code     0  libinit2.o(.ARM.Collect$$libinit$$00000006)
    __rt_lib_init_rand_1                     0x08000219   Thumb Code     0  libinit2.o(.ARM.Collect$$libinit$$00000010)
    __rt_lib_init_relocate_pie_1             0x08000219   Thumb Code     0  libinit2.o(.ARM.Collect$$libinit$$00000004)
    __rt_lib_init_return                     0x08000219   Thumb Code     0  libinit2.o(.ARM.Collect$$libinit$$00000035)
    __rt_lib_init_signal_1                   0x08000219   Thumb Code     0  libinit2.o(.ARM.Collect$$libinit$$0000001F)
    __rt_lib_init_stdio_1                    0x08000219   Thumb Code     0  libinit2.o(.ARM.Collect$$libinit$$00000027)
    __rt_lib_init_user_alloc_1               0x08000219   Thumb Code     0  libinit2.o(.ARM.Collect$$libinit$$0000000E)
    __rt_lib_shutdown                        0x0800021b   Thumb Code     0  libshutdown.o(.ARM.Collect$$libshutdown$$00000000)
    __rt_lib_shutdown_cpp_1                  0x0800021d   Thumb Code     0  libshutdown2.o(.ARM.Collect$$libshutdown$$00000002)
    __rt_lib_shutdown_fp_trap_1              0x0800021d   Thumb Code     0  libshutdown2.o(.ARM.Collect$$libshutdown$$00000007)
    __rt_lib_shutdown_heap_1                 0x0800021d   Thumb Code     0  libshutdown2.o(.ARM.Collect$$libshutdown$$0000000F)
    __rt_lib_shutdown_return                 0x0800021d   Thumb Code     0  libshutdown2.o(.ARM.Collect$$libshutdown$$00000010)
    __rt_lib_shutdown_signal_1               0x0800021d   Thumb Code     0  libshutdown2.o(.ARM.Collect$$libshutdown$$0000000A)
    __rt_lib_shutdown_stdio_1                0x0800021d   Thumb Code     0  libshutdown2.o(.ARM.Collect$$libshutdown$$00000004)
    __rt_lib_shutdown_user_alloc_1           0x0800021d   Thumb Code     0  libshutdown2.o(.ARM.Collect$$libshutdown$$0000000C)
    __rt_entry                               0x0800021f   Thumb Code     0  __rtentry.o(.ARM.Collect$$rtentry$$00000000)
    __rt_entry_presh_1                       0x0800021f   Thumb Code     0  __rtentry2.o(.ARM.Collect$$rtentry$$00000002)
    __rt_entry_sh                            0x0800021f   Thumb Code     0  __rtentry4.o(.ARM.Collect$$rtentry$$00000004)
    __rt_entry_li                            0x08000225   Thumb Code     0  __rtentry2.o(.ARM.Collect$$rtentry$$0000000A)
    __rt_entry_postsh_1                      0x08000225   Thumb Code     0  __rtentry2.o(.ARM.Collect$$rtentry$$00000009)
    __rt_entry_main                          0x08000229   Thumb Code     0  __rtentry2.o(.ARM.Collect$$rtentry$$0000000D)
    __rt_entry_postli_1                      0x08000229   Thumb Code     0  __rtentry2.o(.ARM.Collect$$rtentry$$0000000C)
    __rt_exit                                0x08000231   Thumb Code     0  rtexit.o(.ARM.Collect$$rtexit$$00000000)
    __rt_exit_ls                             0x08000233   Thumb Code     0  rtexit2.o(.ARM.Collect$$rtexit$$00000003)
    __rt_exit_prels_1                        0x08000233   Thumb Code     0  rtexit2.o(.ARM.Collect$$rtexit$$00000002)
    __rt_exit_exit                           0x08000237   Thumb Code     0  rtexit2.o(.ARM.Collect$$rtexit$$00000004)
    Reset_Handler                            0x0800023d   Thumb Code     8  startup_stm32f401xe.o(.text)
    NMI_Handler                              0x08000245   Thumb Code     2  startup_stm32f401xe.o(.text)
    HardFault_Handler                        0x08000247   Thumb Code     2  startup_stm32f401xe.o(.text)
    MemManage_Handler                        0x08000249   Thumb Code     2  startup_stm32f401xe.o(.text)
    BusFault_Handler                         0x0800024b   Thumb Code     2  startup_stm32f401xe.o(.text)
    UsageFault_Handler                       0x0800024d   Thumb Code     2  startup_stm32f401xe.o(.text)
    SVC_Handler                              0x0800024f   Thumb Code     2  startup_stm32f401xe.o(.text)
    DebugMon_Handler                         0x08000251   Thumb Code     2  startup_stm32f401xe.o(.text)
    PendSV_Handler                           0x08000253   Thumb Code     2  startup_stm32f401xe.o(.text)
    DMA1_Stream0_IRQHandler                  0x08000257   Thumb Code     0  startup_stm32f401xe.o(.text)
    DMA1_Stream1_IRQHandler                  0x08000257   Thumb Code     0  startup_stm32f401xe.o(.text)
    DMA1_Stream2_IRQHandler                  0x08000257   Thumb Code     0  startup_stm32f401xe.o(.text)
    DMA1_Stream3_IRQHandler                  0x08000257   Thumb Code     0  startup_stm32f401xe.o(.text)
    DMA1_Stream4_IRQHandler                  0x08000257   Thumb Code     0  startup_stm32f401xe.o(.text)
    DMA1_Stream5_IRQHandler                  0x08000257   Thumb Code     0  startup_stm32f401xe.o(.text)
    DMA1_Stream6_IRQHandler                  0x08000257   Thumb Code     0  startup_stm32f401xe.o(.text)
    DMA1_Stream7_IRQHandler                  0x08000257   Thumb Code     0  startup_stm32f401xe.o(.text)
    DMA2_Stream1_IRQHandler                  0x08000257   Thumb Code     0  startup_stm32f401xe.o(.text)
    DMA2_Stream2_IRQHandler                  0x08000257   Thumb Code     0  startup_stm32f401xe.o(.text)
    DMA2_Stream3_IRQHandler                  0x08000257   Thumb Code     0  startup_stm32f401xe.o(.text)
    DMA2_Stream4_IRQHandler                  0x08000257   Thumb Code     0  startup_stm32f401xe.o(.text)
    DMA2_Stream5_IRQHandler                  0x08000257   Thumb Code     0  startup_stm32f401xe.o(.text)
    DMA2_Stream6_IRQHandler                  0x08000257   Thumb Code     0  startup_stm32f401xe.o(.text)
    DMA2_Stream7_IRQHandler                  0x08000257   Thumb Code     0  startup_stm32f401xe.o(.text)
    EXTI0_IRQHandler                         0x08000257   Thumb Code     0  startup_stm32f401xe.o(.text)
    EXTI15_10_IRQHandler                     0x08000257   Thumb Code     0  startup_stm32f401xe.o(.text)
    EXTI1_IRQHandler                         0x08000257   Thumb Code     0  startup_stm32f401xe.o(.text)
    EXTI2_IRQHandler                         0x08000257   Thumb Code     0  startup_stm32f401xe.o(.text)
    EXTI3_IRQHandler                         0x08000257   Thumb Code     0  startup_stm32f401xe.o(.text)
    EXTI4_IRQHandler                         0x08000257   Thumb Code     0  startup_stm32f401xe.o(.text)
    EXTI9_5_IRQHandler                       0x08000257   Thumb Code     0  startup_stm32f401xe.o(.text)
    FLASH_IRQHandler                         0x08000257   Thumb Code     0  startup_stm32f401xe.o(.text)
    FPU_IRQHandler                           0x08000257   Thumb Code     0  startup_stm32f401xe.o(.text)
    I2C1_ER_IRQHandler                       0x08000257   Thumb Code     0  startup_stm32f401xe.o(.text)
    I2C1_EV_IRQHandler                       0x08000257   Thumb Code     0  startup_stm32f401xe.o(.text)
    I2C2_ER_IRQHandler                       0x08000257   Thumb Code     0  startup_stm32f401xe.o(.text)
    I2C2_EV_IRQHandler                       0x08000257   Thumb Code     0  startup_stm32f401xe.o(.text)
    I2C3_ER_IRQHandler                       0x08000257   Thumb Code     0  startup_stm32f401xe.o(.text)
    I2C3_EV_IRQHandler                       0x08000257   Thumb Code     0  startup_stm32f401xe.o(.text)
    OTG_FS_IRQHandler                        0x08000257   Thumb Code     0  startup_stm32f401xe.o(.text)
    OTG_FS_WKUP_IRQHandler                   0x08000257   Thumb Code     0  startup_stm32f401xe.o(.text)
    PVD_IRQHandler                           0x08000257   Thumb Code     0  startup_stm32f401xe.o(.text)
    RCC_IRQHandler                           0x08000257   Thumb Code     0  startup_stm32f401xe.o(.text)
    RTC_Alarm_IRQHandler                     0x08000257   Thumb Code     0  startup_stm32f401xe.o(.text)
    RTC_WKUP_IRQHandler                      0x08000257   Thumb Code     0  startup_stm32f401xe.o(.text)
    SDIO_IRQHandler                          0x08000257   Thumb Code     0  startup_stm32f401xe.o(.text)
    SPI1_IRQHandler                          0x08000257   Thumb Code     0  startup_stm32f401xe.o(.text)
    SPI2_IRQHandler                          0x08000257   Thumb Code     0  startup_stm32f401xe.o(.text)
    SPI3_IRQHandler                          0x08000257   Thumb Code     0  startup_stm32f401xe.o(.text)
    SPI4_IRQHandler                          0x08000257   Thumb Code     0  startup_stm32f401xe.o(.text)
    TAMP_STAMP_IRQHandler                    0x08000257   Thumb Code     0  startup_stm32f401xe.o(.text)
    TIM1_BRK_TIM9_IRQHandler                 0x08000257   Thumb Code     0  startup_stm32f401xe.o(.text)
    TIM1_CC_IRQHandler                       0x08000257   Thumb Code     0  startup_stm32f401xe.o(.text)
    TIM1_TRG_COM_TIM11_IRQHandler            0x08000257   Thumb Code     0  startup_stm32f401xe.o(.text)
    TIM3_IRQHandler                          0x08000257   Thumb Code     0  startup_stm32f401xe.o(.text)
    TIM4_IRQHandler                          0x08000257   Thumb Code     0  startup_stm32f401xe.o(.text)
    TIM5_IRQHandler                          0x08000257   Thumb Code     0  startup_stm32f401xe.o(.text)
    USART1_IRQHandler                        0x08000257   Thumb Code     0  startup_stm32f401xe.o(.text)
    USART2_IRQHandler                        0x08000257   Thumb Code     0  startup_stm32f401xe.o(.text)
    USART6_IRQHandler                        0x08000257   Thumb Code     0  startup_stm32f401xe.o(.text)
    WWDG_IRQHandler                          0x08000257   Thumb Code     0  startup_stm32f401xe.o(.text)
    __user_initial_stackheap                 0x08000259   Thumb Code     0  startup_stm32f401xe.o(.text)
    __2sprintf                               0x0800027d   Thumb Code    34  noretval__2sprintf.o(.text)
    _printf_pre_padding                      0x080002a5   Thumb Code    44  _printf_pad.o(.text)
    _printf_post_padding                     0x080002d1   Thumb Code    34  _printf_pad.o(.text)
    _printf_int_dec                          0x080002f5   Thumb Code   104  _printf_dec.o(.text)
    __printf                                 0x0800036d   Thumb Code   308  __printf_flags_wp.o(.text)
    __use_two_region_memory                  0x080004a5   Thumb Code     2  heapauxi.o(.text)
    __rt_heap_escrow$2region                 0x080004a7   Thumb Code     2  heapauxi.o(.text)
    __rt_heap_expand$2region                 0x080004a9   Thumb Code     2  heapauxi.o(.text)
    _printf_int_common                       0x080004ab   Thumb Code   178  _printf_intcommon.o(.text)
    _printf_char_common                      0x08000567   Thumb Code    32  _printf_char_common.o(.text)
    _sputc                                   0x0800058d   Thumb Code    10  _sputc.o(.text)
    __user_setup_stackheap                   0x08000597   Thumb Code    74  sys_stackheap_outer.o(.text)
    exit                                     0x080005e1   Thumb Code    18  exit.o(.text)
    __user_libspace                          0x080005f5   Thumb Code     8  libspace.o(.text)
    __user_perproc_libspace                  0x080005f5   Thumb Code     0  libspace.o(.text)
    __user_perthread_libspace                0x080005f5   Thumb Code     0  libspace.o(.text)
    _sys_exit                                0x080005fd   Thumb Code     8  sys_exit.o(.text)
    __I$use$semihosting                      0x08000609   Thumb Code     0  use_no_semi.o(.text)
    __use_no_semihosting_swi                 0x08000609   Thumb Code     2  use_no_semi.o(.text)
    __semihosting_library_function           0x0800060b   Thumb Code     0  indicate_semi.o(.text)
    ADC_F4_init_via_DMA                      0x0800060d   Thumb Code   684  adc.o(.text.ADC_F4_init_via_DMA)
    ADC_IRQHandler                           0x080008c5   Thumb Code     2  adc.o(.text.ADC_IRQHandler)
    Core_F401_init_HSI                       0x080008c9   Thumb Code   120  core_init.o(.text.Core_F401_init_HSI)
    DMA2_Stream0_IRQHandler                  0x08000945   Thumb Code    36  dma.o(.text.DMA2_Stream0_IRQHandler)
    DMA2_Stream0_IRQHandler_User             0x0800096d   Thumb Code    92  adc.o(.text.DMA2_Stream0_IRQHandler_User)
    DMA_F4_ADC_init                          0x080009d5   Thumb Code   152  adc.o(.text.DMA_F4_ADC_init)
    DMA_F4_init                              0x08000a7d   Thumb Code    12  dma.o(.text.DMA_F4_init)
    GPIO_Alternate                           0x08000a8d   Thumb Code    78  gpio_setup.o(.text.GPIO_Alternate)
    GPIO_Analog_setup                        0x08000adb   Thumb Code    16  gpio_setup.o(.text.GPIO_Analog_setup)
    GPIO_DI_setup                            0x08000aeb   Thumb Code    28  gpio_setup.o(.text.GPIO_DI_setup)
    GPIO_DO_setup                            0x08000b07   Thumb Code    26  gpio_setup.o(.text.GPIO_DO_setup)
    Game_Car                                 0x08000b21   Thumb Code   404  game.o(.text.Game_Car)
    Game_Car_model                           0x08000ce1   Thumb Code   220  game.o(.text.Game_Car_model)
    Nokia_5110_Horizontal_line               0x08000dc5   Thumb Code    30  nokia_5110_lcd.o(.text.Nokia_5110_Horizontal_line)
    Nokia_5110_LCD_Out                       0x08000de5   Thumb Code    56  nokia_5110_lcd.o(.text.Nokia_5110_LCD_Out)
    Nokia_5110_String                        0x08000e1d   Thumb Code   108  nokia_5110_lcd.o(.text.Nokia_5110_String)
    Nokia_5110_Vertical_line                 0x08000e8d   Thumb Code    34  nokia_5110_lcd.o(.text.Nokia_5110_Vertical_line)
    Nokia_5110_clear_LCD                     0x08000eaf   Thumb Code    34  nokia_5110_lcd.o(.text.Nokia_5110_clear_LCD)
    Nokia_5110_clr_screen_buf                0x08000ed1   Thumb Code    20  nokia_5110_lcd.o(.text.Nokia_5110_clr_screen_buf)
    Nokia_5110_dot                           0x08000ee5   Thumb Code    28  nokia_5110_lcd.o(.text.Nokia_5110_dot)
    Nokia_5110_init                          0x08000f01   Thumb Code    80  nokia_5110_lcd.o(.text.Nokia_5110_init)
    Nokia_5110_no_dot                        0x08000f55   Thumb Code    32  nokia_5110_lcd.o(.text.Nokia_5110_no_dot)
    Nokia_5110_send_command                  0x08000f79   Thumb Code    48  nokia_5110_lcd.o(.text.Nokia_5110_send_command)
    Nokia_5110_send_data                     0x08000fa9   Thumb Code    48  nokia_5110_lcd.o(.text.Nokia_5110_send_data)
    SPI_F4_init                              0x0800107d   Thumb Code    40  spi.o(.text.SPI_F4_init)
    SysTick_F4_Init                          0x080010a9   Thumb Code    28  delay.o(.text.SysTick_F4_Init)
    SysTick_Handler                          0x080010c5   Thumb Code    16  delay.o(.text.SysTick_Handler)
    SystemInit                               0x080010d5   Thumb Code    12  system_stm32f4xx.o(.text.SystemInit)
    TIM1_UP_TIM10_IRQHandler                 0x080010e5   Thumb Code   120  timer_f4.o(.text.TIM1_UP_TIM10_IRQHandler)
    TIM2_IRQHandler                          0x08001165   Thumb Code    32  timer_f4.o(.text.TIM2_IRQHandler)
    Timer1_F4_init                           0x0800118d   Thumb Code    56  timer_f4.o(.text.Timer1_F4_init)
    Timer2_F4_init                           0x080011cd   Thumb Code    52  timer_f4.o(.text.Timer2_F4_init)
    delay_ms                                 0x0800120d   Thumb Code    32  delay.o(.text.delay_ms)
    main                                     0x08001235   Thumb Code   380  main.o(.text.main)
    _is_digit                                0x080013dd   Thumb Code    14  __printf_wp.o(i._is_digit)
    _fp_init                                 0x080013eb   Thumb Code    26  fpinit.o(x$fpl$fpinit)
    __fplib_config_fpu_vfp                   0x08001403   Thumb Code     0  fpinit.o(x$fpl$fpinit)
    __fplib_config_pureend_doubles           0x08001403   Thumb Code     0  fpinit.o(x$fpl$fpinit)
    FontTable                                0x08001415   Data        1280  font_table.o(.rodata.FontTable)
    Region$$Table$$Base                      0x08001918   Number         0  anon$$obj.o(Region$$Table)
    Region$$Table$$Limit                     0x08001938   Number         0  anon$$obj.o(Region$$Table)
    __libspace_start                         0x20000008   Data          96  libspace.o(.bss)
    __temporary_stack_top$libspace           0x20000068   Data           0  libspace.o(.bss)
    ADC_main_count                           0x200000e4   Data           4  adc.o(.bss..L_MergedGlobals)
    ADC_Init                                 0x200000e8   Data          28  adc.o(.bss..L_MergedGlobals)
    TIM1_Delay_1                             0x20000128   Data           4  timer_f4.o(.bss..L_MergedGlobals)
    TIM1_Delay_2                             0x2000012c   Data           4  timer_f4.o(.bss..L_MergedGlobals)
    TIM1_Delay_3                             0x20000130   Data           4  timer_f4.o(.bss..L_MergedGlobals)
    TIM1_Delay_4                             0x20000134   Data           4  timer_f4.o(.bss..L_MergedGlobals)
    TIM1_Delay_5                             0x20000138   Data           4  timer_f4.o(.bss..L_MergedGlobals)
    TIM1_Delay_6                             0x2000013c   Data           4  timer_f4.o(.bss..L_MergedGlobals)
    TIM1_Delay_7                             0x20000140   Data           4  timer_f4.o(.bss..L_MergedGlobals)
    TIM1_Delay_8                             0x20000144   Data           4  timer_f4.o(.bss..L_MergedGlobals)
    TIM1_Delay_9                             0x20000148   Data           4  timer_f4.o(.bss..L_MergedGlobals)
    TIM1_Delay_10                            0x2000014c   Data           4  timer_f4.o(.bss..L_MergedGlobals)
    ADC_ch                                   0x20000150   Data          68  adc.o(.bss.ADC_ch)
    ADC_ch_summ                              0x20000194   Data          68  adc.o(.bss.ADC_ch_summ)
    Nokia_5110_screen_buf                    0x200001d8   Data         504  nokia_5110_lcd.o(.bss.Nokia_5110_screen_buf)
    TIM2_Delay_1                             0x200003d0   Data           4  timer_f4.o(.bss.TIM2_Delay_1)



==============================================================================

Memory Map of the image

  Image Entry point : 0x08000195

  Load Region LR_IROM1 (Base: 0x08000000, Size: 0x00001940, Max: 0x00080000, ABSOLUTE)

    Execution Region ER_IROM1 (Exec base: 0x08000000, Load base: 0x08000000, Size: 0x00001938, Max: 0x00080000, ABSOLUTE)

    Exec Addr    Load Addr    Size         Type   Attr      Idx    E Section Name        Object

    0x08000000   0x08000000   0x00000194   Data   RO          208    RESET               startup_stm32f401xe.o
    0x08000194   0x08000194   0x00000008   Code   RO          266  * !!!main             c_w.l(__main.o)
    0x0800019c   0x0800019c   0x00000034   Code   RO          440    !!!scatter          c_w.l(__scatter.o)
    0x080001d0   0x080001d0   0x0000001a   Code   RO          442    !!handler_copy      c_w.l(__scatter_copy.o)
    0x080001ea   0x080001ea   0x00000002   PAD
    0x080001ec   0x080001ec   0x0000001c   Code   RO          444    !!handler_zi        c_w.l(__scatter_zi.o)
    0x08000208   0x08000208   0x00000000   Code   RO          263    .ARM.Collect$$_printf_percent$$00000000  c_w.l(_printf_percent.o)
    0x08000208   0x08000208   0x00000006   Code   RO          262    .ARM.Collect$$_printf_percent$$00000009  c_w.l(_printf_d.o)
    0x0800020e   0x0800020e   0x00000004   Code   RO          275    .ARM.Collect$$_printf_percent$$00000017  c_w.l(_printf_percent_end.o)
    0x08000212   0x08000212   0x00000002   Code   RO          302    .ARM.Collect$$libinit$$00000000  c_w.l(libinit.o)
    0x08000214   0x08000214   0x00000004   Code   RO          308    .ARM.Collect$$libinit$$00000001  c_w.l(libinit2.o)
    0x08000218   0x08000218   0x00000000   Code   RO          311    .ARM.Collect$$libinit$$00000004  c_w.l(libinit2.o)
    0x08000218   0x08000218   0x00000000   Code   RO          313    .ARM.Collect$$libinit$$00000006  c_w.l(libinit2.o)
    0x08000218   0x08000218   0x00000000   Code   RO          316    .ARM.Collect$$libinit$$0000000C  c_w.l(libinit2.o)
    0x08000218   0x08000218   0x00000000   Code   RO          318    .ARM.Collect$$libinit$$0000000E  c_w.l(libinit2.o)
    0x08000218   0x08000218   0x00000000   Code   RO          320    .ARM.Collect$$libinit$$00000010  c_w.l(libinit2.o)
    0x08000218   0x08000218   0x00000000   Code   RO          323    .ARM.Collect$$libinit$$00000013  c_w.l(libinit2.o)
    0x08000218   0x08000218   0x00000000   Code   RO          325    .ARM.Collect$$libinit$$00000015  c_w.l(libinit2.o)
    0x08000218   0x08000218   0x00000000   Code   RO          327    .ARM.Collect$$libinit$$00000017  c_w.l(libinit2.o)
    0x08000218   0x08000218   0x00000000   Code   RO          329    .ARM.Collect$$libinit$$00000019  c_w.l(libinit2.o)
    0x08000218   0x08000218   0x00000000   Code   RO          331    .ARM.Collect$$libinit$$0000001B  c_w.l(libinit2.o)
    0x08000218   0x08000218   0x00000000   Code   RO          333    .ARM.Collect$$libinit$$0000001D  c_w.l(libinit2.o)
    0x08000218   0x08000218   0x00000000   Code   RO          335    .ARM.Collect$$libinit$$0000001F  c_w.l(libinit2.o)
    0x08000218   0x08000218   0x00000000   Code   RO          337    .ARM.Collect$$libinit$$00000021  c_w.l(libinit2.o)
    0x08000218   0x08000218   0x00000000   Code   RO          339    .ARM.Collect$$libinit$$00000023  c_w.l(libinit2.o)
    0x08000218   0x08000218   0x00000000   Code   RO          341    .ARM.Collect$$libinit$$00000025  c_w.l(libinit2.o)
    0x08000218   0x08000218   0x00000000   Code   RO          343    .ARM.Collect$$libinit$$00000027  c_w.l(libinit2.o)
    0x08000218   0x08000218   0x00000000   Code   RO          347    .ARM.Collect$$libinit$$0000002E  c_w.l(libinit2.o)
    0x08000218   0x08000218   0x00000000   Code   RO          349    .ARM.Collect$$libinit$$00000030  c_w.l(libinit2.o)
    0x08000218   0x08000218   0x00000000   Code   RO          351    .ARM.Collect$$libinit$$00000032  c_w.l(libinit2.o)
    0x08000218   0x08000218   0x00000000   Code   RO          353    .ARM.Collect$$libinit$$00000034  c_w.l(libinit2.o)
    0x08000218   0x08000218   0x00000002   Code   RO          354    .ARM.Collect$$libinit$$00000035  c_w.l(libinit2.o)
    0x0800021a   0x0800021a   0x00000002   Code   RO          376    .ARM.Collect$$libshutdown$$00000000  c_w.l(libshutdown.o)
    0x0800021c   0x0800021c   0x00000000   Code   RO          391    .ARM.Collect$$libshutdown$$00000002  c_w.l(libshutdown2.o)
    0x0800021c   0x0800021c   0x00000000   Code   RO          393    .ARM.Collect$$libshutdown$$00000004  c_w.l(libshutdown2.o)
    0x0800021c   0x0800021c   0x00000000   Code   RO          396    .ARM.Collect$$libshutdown$$00000007  c_w.l(libshutdown2.o)
    0x0800021c   0x0800021c   0x00000000   Code   RO          399    .ARM.Collect$$libshutdown$$0000000A  c_w.l(libshutdown2.o)
    0x0800021c   0x0800021c   0x00000000   Code   RO          401    .ARM.Collect$$libshutdown$$0000000C  c_w.l(libshutdown2.o)
    0x0800021c   0x0800021c   0x00000000   Code   RO          404    .ARM.Collect$$libshutdown$$0000000F  c_w.l(libshutdown2.o)
    0x0800021c   0x0800021c   0x00000002   Code   RO          405    .ARM.Collect$$libshutdown$$00000010  c_w.l(libshutdown2.o)
    0x0800021e   0x0800021e   0x00000000   Code   RO          268    .ARM.Collect$$rtentry$$00000000  c_w.l(__rtentry.o)
    0x0800021e   0x0800021e   0x00000000   Code   RO          277    .ARM.Collect$$rtentry$$00000002  c_w.l(__rtentry2.o)
    0x0800021e   0x0800021e   0x00000006   Code   RO          289    .ARM.Collect$$rtentry$$00000004  c_w.l(__rtentry4.o)
    0x08000224   0x08000224   0x00000000   Code   RO          279    .ARM.Collect$$rtentry$$00000009  c_w.l(__rtentry2.o)
    0x08000224   0x08000224   0x00000004   Code   RO          280    .ARM.Collect$$rtentry$$0000000A  c_w.l(__rtentry2.o)
    0x08000228   0x08000228   0x00000000   Code   RO          282    .ARM.Collect$$rtentry$$0000000C  c_w.l(__rtentry2.o)
    0x08000228   0x08000228   0x00000008   Code   RO          283    .ARM.Collect$$rtentry$$0000000D  c_w.l(__rtentry2.o)
    0x08000230   0x08000230   0x00000002   Code   RO          306    .ARM.Collect$$rtexit$$00000000  c_w.l(rtexit.o)
    0x08000232   0x08000232   0x00000000   Code   RO          356    .ARM.Collect$$rtexit$$00000002  c_w.l(rtexit2.o)
    0x08000232   0x08000232   0x00000004   Code   RO          357    .ARM.Collect$$rtexit$$00000003  c_w.l(rtexit2.o)
    0x08000236   0x08000236   0x00000006   Code   RO          358    .ARM.Collect$$rtexit$$00000004  c_w.l(rtexit2.o)
    0x0800023c   0x0800023c   0x00000040   Code   RO          209    .text               startup_stm32f401xe.o
    0x0800027c   0x0800027c   0x00000028   Code   RO          234    .text               c_w.l(noretval__2sprintf.o)
    0x080002a4   0x080002a4   0x0000004e   Code   RO          238    .text               c_w.l(_printf_pad.o)
    0x080002f2   0x080002f2   0x00000002   PAD
    0x080002f4   0x080002f4   0x00000078   Code   RO          240    .text               c_w.l(_printf_dec.o)
    0x0800036c   0x0800036c   0x00000138   Code   RO          254    .text               c_w.l(__printf_flags_wp.o)
    0x080004a4   0x080004a4   0x00000006   Code   RO          264    .text               c_w.l(heapauxi.o)
    0x080004aa   0x080004aa   0x000000b2   Code   RO          269    .text               c_w.l(_printf_intcommon.o)
    0x0800055c   0x0800055c   0x00000030   Code   RO          271    .text               c_w.l(_printf_char_common.o)
    0x0800058c   0x0800058c   0x0000000a   Code   RO          273    .text               c_w.l(_sputc.o)
    0x08000596   0x08000596   0x0000004a   Code   RO          293    .text               c_w.l(sys_stackheap_outer.o)
    0x080005e0   0x080005e0   0x00000012   Code   RO          295    .text               c_w.l(exit.o)
    0x080005f2   0x080005f2   0x00000002   PAD
    0x080005f4   0x080005f4   0x00000008   Code   RO          303    .text               c_w.l(libspace.o)
    0x080005fc   0x080005fc   0x0000000c   Code   RO          366    .text               c_w.l(sys_exit.o)
    0x08000608   0x08000608   0x00000002   Code   RO          381    .text               c_w.l(use_no_semi.o)
    0x0800060a   0x0800060a   0x00000000   Code   RO          383    .text               c_w.l(indicate_semi.o)
    0x0800060a   0x0800060a   0x00000002   PAD
    0x0800060c   0x0800060c   0x000002b8   Code   RO          145    .text.ADC_F4_init_via_DMA  adc.o
    0x080008c4   0x080008c4   0x00000002   Code   RO          149    .text.ADC_IRQHandler  adc.o
    0x080008c6   0x080008c6   0x00000002   PAD
    0x080008c8   0x080008c8   0x0000007c   Code   RO           71    .text.Core_F401_init_HSI  core_init.o
    0x08000944   0x08000944   0x00000028   Code   RO          176    .text.DMA2_Stream0_IRQHandler  dma.o
    0x0800096c   0x0800096c   0x00000068   Code   RO          153    .text.DMA2_Stream0_IRQHandler_User  adc.o
    0x080009d4   0x080009d4   0x000000a8   Code   RO          151    .text.DMA_F4_ADC_init  adc.o
    0x08000a7c   0x08000a7c   0x00000010   Code   RO          172    .text.DMA_F4_init   dma.o
    0x08000a8c   0x08000a8c   0x0000004e   Code   RO           36    .text.GPIO_Alternate  gpio_setup.o
    0x08000ada   0x08000ada   0x00000010   Code   RO           38    .text.GPIO_Analog_setup  gpio_setup.o
    0x08000aea   0x08000aea   0x0000001c   Code   RO           34    .text.GPIO_DI_setup  gpio_setup.o
    0x08000b06   0x08000b06   0x0000001a   Code   RO           32    .text.GPIO_DO_setup  gpio_setup.o
    0x08000b20   0x08000b20   0x000001c0   Code   RO           13    .text.Game_Car      game.o
    0x08000ce0   0x08000ce0   0x000000e4   Code   RO           11    .text.Game_Car_model  game.o
    0x08000dc4   0x08000dc4   0x0000001e   Code   RO          113    .text.Nokia_5110_Horizontal_line  nokia_5110_lcd.o
    0x08000de2   0x08000de2   0x00000002   PAD
    0x08000de4   0x08000de4   0x00000038   Code   RO          101    .text.Nokia_5110_LCD_Out  nokia_5110_lcd.o
    0x08000e1c   0x08000e1c   0x00000070   Code   RO          107    .text.Nokia_5110_String  nokia_5110_lcd.o
    0x08000e8c   0x08000e8c   0x00000022   Code   RO          111    .text.Nokia_5110_Vertical_line  nokia_5110_lcd.o
    0x08000eae   0x08000eae   0x00000022   Code   RO           97    .text.Nokia_5110_clear_LCD  nokia_5110_lcd.o
    0x08000ed0   0x08000ed0   0x00000014   Code   RO          109    .text.Nokia_5110_clr_screen_buf  nokia_5110_lcd.o
    0x08000ee4   0x08000ee4   0x0000001c   Code   RO          103    .text.Nokia_5110_dot  nokia_5110_lcd.o
    0x08000f00   0x08000f00   0x00000054   Code   RO           93    .text.Nokia_5110_init  nokia_5110_lcd.o
    0x08000f54   0x08000f54   0x00000024   Code   RO          105    .text.Nokia_5110_no_dot  nokia_5110_lcd.o
    0x08000f78   0x08000f78   0x00000030   Code   RO           95    .text.Nokia_5110_send_command  nokia_5110_lcd.o
    0x08000fa8   0x08000fa8   0x0000003c   Code   RO           99    .text.Nokia_5110_send_data  nokia_5110_lcd.o
    0x08000fe4   0x08000fe4   0x00000006   Code   RO           15    .text.OUTLINED_FUNCTION_0  game.o
    0x08000fea   0x08000fea   0x0000000a   Code   RO           58    .text.OUTLINED_FUNCTION_0  delay.o
    0x08000ff4   0x08000ff4   0x00000016   Code   RO          115    .text.OUTLINED_FUNCTION_0  nokia_5110_lcd.o
    0x0800100a   0x0800100a   0x00000022   Code   RO          155    .text.OUTLINED_FUNCTION_0  adc.o
    0x0800102c   0x0800102c   0x00000012   Code   RO          195    .text.OUTLINED_FUNCTION_0  timer_f4.o
    0x0800103e   0x0800103e   0x0000000a   Code   RO           17    .text.OUTLINED_FUNCTION_1  game.o
    0x08001048   0x08001048   0x0000000a   Code   RO          117    .text.OUTLINED_FUNCTION_1  nokia_5110_lcd.o
    0x08001052   0x08001052   0x00000012   Code   RO          157    .text.OUTLINED_FUNCTION_1  adc.o
    0x08001064   0x08001064   0x00000006   Code   RO           19    .text.OUTLINED_FUNCTION_2  game.o
    0x0800106a   0x0800106a   0x00000012   Code   RO          159    .text.OUTLINED_FUNCTION_2  adc.o
    0x0800107c   0x0800107c   0x0000002c   Code   RO           83    .text.SPI_F4_init   spi.o
    0x080010a8   0x080010a8   0x0000001c   Code   RO           56    .text.SysTick_F4_Init  delay.o
    0x080010c4   0x080010c4   0x00000010   Code   RO           48    .text.SysTick_Handler  delay.o
    0x080010d4   0x080010d4   0x00000010   Code   RO          216    .text.SystemInit    system_stm32f4xx.o
    0x080010e4   0x080010e4   0x00000080   Code   RO          189    .text.TIM1_UP_TIM10_IRQHandler  timer_f4.o
    0x08001164   0x08001164   0x00000028   Code   RO          193    .text.TIM2_IRQHandler  timer_f4.o
    0x0800118c   0x0800118c   0x00000040   Code   RO          187    .text.Timer1_F4_init  timer_f4.o
    0x080011cc   0x080011cc   0x00000040   Code   RO          191    .text.Timer2_F4_init  timer_f4.o
    0x0800120c   0x0800120c   0x00000028   Code   RO           52    .text.delay_ms      delay.o
    0x08001234   0x08001234   0x000001a8   Code   RO            2    .text.main          main.o
    0x080013dc   0x080013dc   0x0000000e   Code   RO          252    i._is_digit         c_w.l(__printf_wp.o)
    0x080013ea   0x080013ea   0x0000001a   Code   RO          364    x$fpl$fpinit        fz_wm.l(fpinit.o)
    0x08001404   0x08001404   0x00000011   Data   RO          255    .constdata          c_w.l(__printf_flags_wp.o)
    0x08001415   0x08001415   0x00000500   Data   RO          128    .rodata.FontTable   font_table.o
    0x08001915   0x08001915   0x00000003   PAD
    0x08001918   0x08001918   0x00000020   Data   RO          439    Region$$Table       anon$$obj.o


    Execution Region RW_IRAM1 (Exec base: 0x20000000, Load base: 0x08001938, Size: 0x000009d8, Max: 0x00018000, ABSOLUTE)

    Exec Addr    Load Addr    Size         Type   Attr      Idx    E Section Name        Object

    0x20000000   0x08001938   0x00000004   Data   RW           21    .data.min           game.o
    0x20000004   0x0800193c   0x00000004   PAD
    0x20000008        -       0x00000060   Zero   RW          304    .bss                c_w.l(libspace.o)
    0x20000068        -       0x0000007c   Zero   RW           22    .bss..L_MergedGlobals  game.o
    0x200000e4        -       0x00000042   Zero   RW          163    .bss..L_MergedGlobals  adc.o
    0x20000126   0x0800193c   0x00000002   PAD
    0x20000128        -       0x00000028   Zero   RW          198    .bss..L_MergedGlobals  timer_f4.o
    0x20000150        -       0x00000044   Zero   RW          161    .bss.ADC_ch         adc.o
    0x20000194        -       0x00000044   Zero   RW          162    .bss.ADC_ch_summ    adc.o
    0x200001d8        -       0x000001f8   Zero   RW          119    .bss.Nokia_5110_screen_buf  nokia_5110_lcd.o
    0x200003d0        -       0x00000004   Zero   RW          197    .bss.TIM2_Delay_1   timer_f4.o
    0x200003d4        -       0x00000004   Zero   RW           60    .bss.count          delay.o
    0x200003d8        -       0x00000200   Zero   RW          207    HEAP                startup_stm32f401xe.o
    0x200005d8        -       0x00000400   Zero   RW          206    STACK               startup_stm32f401xe.o


==============================================================================

Image component sizes


      Code (inc. data)   RO Data    RW Data    ZI Data      Debug   Object Name

      1040         40          0          0        202       4975   adc.o
       124          4          0          0          0       2151   core_init.o
        94          8          0          0          4       2522   delay.o
        56          8          0          0          0       3444   dma.o
         0          0       1280          0          0        746   font_table.o
       698         52          0          4        124       2140   game.o
       148          0          0          0          0       1948   gpio_setup.o
       424         44          0          0          0       1833   main.o
       574         24          0          0        504       4201   nokia_5110_lcd.o
        44          4          0          0          0       1933   spi.o
        64         26        404          0       1536        892   startup_stm32f401xe.o
        16          4          0          0          0       2823   system_stm32f4xx.o
       314         36          0          0         44       3538   timer_f4.o

    ----------------------------------------------------------------------
      3600        250       1719          4       2420      33146   Object Totals
         0          0         32          0          0          0   (incl. Generated)
         4          0          3          0          6          0   (incl. Padding)

    ----------------------------------------------------------------------

      Code (inc. data)   RO Data    RW Data    ZI Data      Debug   Library Member Name

         8          0          0          0          0         68   __main.o
       312          4         17          0          0         92   __printf_flags_wp.o
        14          0          0          0          0         68   __printf_wp.o
         0          0          0          0          0          0   __rtentry.o
        12          0          0          0          0          0   __rtentry2.o
         6          0          0          0          0          0   __rtentry4.o
        52          8          0          0          0          0   __scatter.o
        26          0          0          0          0          0   __scatter_copy.o
        28          0          0          0          0          0   __scatter_zi.o
        48          6          0          0          0         96   _printf_char_common.o
         6          0          0          0          0          0   _printf_d.o
       120         16          0          0          0         92   _printf_dec.o
       178          0          0          0          0         88   _printf_intcommon.o
        78          0          0          0          0        108   _printf_pad.o
         0          0          0          0          0          0   _printf_percent.o
         4          0          0          0          0          0   _printf_percent_end.o
        10          0          0          0          0         68   _sputc.o
        18          0          0          0          0         80   exit.o
         6          0          0          0          0        152   heapauxi.o
         0          0          0          0          0          0   indicate_semi.o
         2          0          0          0          0          0   libinit.o
         6          0          0          0          0          0   libinit2.o
         2          0          0          0          0          0   libshutdown.o
         2          0          0          0          0          0   libshutdown2.o
         8          4          0          0         96         68   libspace.o
        40          6          0          0          0         84   noretval__2sprintf.o
         2          0          0          0          0          0   rtexit.o
        10          0          0          0          0          0   rtexit2.o
        12          4          0          0          0         68   sys_exit.o
        74          0          0          0          0         80   sys_stackheap_outer.o
         2          0          0          0          0         68   use_no_semi.o
        26          0          0          0          0        116   fpinit.o

    ----------------------------------------------------------------------
      1120         48         17          0         96       1396   Library Totals
         8          0          0          0          0          0   (incl. Padding)

    ----------------------------------------------------------------------

      Code (inc. data)   RO Data    RW Data    ZI Data      Debug   Library Name

      1086         48         17          0         96       1280   c_w.l
        26          0          0          0          0        116   fz_wm.l

    ----------------------------------------------------------------------
      1120         48         17          0         96       1396   Library Totals

    ----------------------------------------------------------------------

==============================================================================


      Code (inc. data)   RO Data    RW Data    ZI Data      Debug   

      4720        298       1736          4       2516      33770   Grand Totals
      4720        298       1736          4       2516      33770   ELF Image Totals
      4720        298       1736          4          0          0   ROM Totals

==============================================================================

    Total RO  Size (Code + RO Data)                 6456 (   6.30kB)
    Total RW  Size (RW Data + ZI Data)              2520 (   2.46kB)
    Total ROM Size (Code + RO Data + RW Data)       6460 (   6.31kB)

==============================================================================

